
> restaurant-backend@1.0.0 test
> jest --runInBand

npm : FAIL src/__tests__/orders.test.ts (89.837 s)
At line:1 char:1
+ npm test 2>&1 > test-results.txt; Get-Content test-results.txt -Tail  ...
+ ~~~~~~~~~~~~~~~~~~~~~~~~~~~~~~~~
    + CategoryInfo          : NotSpecified: (FAIL src/__test...t.ts (89.837 s) 
   :String) [], RemoteException
    + FullyQualifiedErrorId : NativeCommandError
 
  ΓùÅ Console

    console.log
      [dotenv@17.2.4] injecting env (5) from .env -- tip: ≡ƒöæ add access 
controls to secrets: https://dotenvx.com/ops

      at _log (node_modules/dotenv/lib/main.js:142:11)

    console.log
      Γ£ô Environment validation passed

      at validateRequiredEnv (src/config/validateEnv.ts:36:11)

    console.log
        - DATABASE_URL: postgresql://restaur...

      at validateRequiredEnv (src/config/validateEnv.ts:37:11)

    console.log
        - JWT_SECRET: 128 characters

      at validateRequiredEnv (src/config/validateEnv.ts:38:11)

    console.log
        - CORS_ORIGIN: https://restaurant-frontend-85q6.onrender.com

      at validateRequiredEnv (src/config/validateEnv.ts:39:11)

    console.log
      [INFO] SocketManager initialized successfully

      at Object.info (src/utils/logger.ts:9:50)

    console.log
      Setting up test environment...

      at Object.<anonymous> (src/__tests__/setup.ts:47:11)

    console.log
      [HTTP] POST /api/auth/register-customer

      at Object.http (src/utils/logger.ts:10:50)

    console.log
      [HTTP] POST /api/auth/login

      at Object.http (src/utils/logger.ts:10:50)

    console.log
      [INFO] DATABASE - New client connected to pool

      at Object.info (src/utils/logger.ts:9:50)

    console.log
      [DEBUG] DATABASE - Client acquired from pool

      at Object.debug (src/utils/logger.ts:11:51)

    console.log
      [DEBUG] DATABASE - Client acquired from pool

      at Object.debug (src/utils/logger.ts:11:51)

    console.log
      [HTTP] POST /api/sessions

      at Object.http (src/utils/logger.ts:10:50)

    console.log
      [DEBUG] DATABASE - Client acquired from pool

      at Object.debug (src/utils/logger.ts:11:51)

    console.log
      [DEBUG] DATABASE - Client acquired from pool

      at Object.debug (src/utils/logger.ts:11:51)

    console.log
      [DEBUG] DATABASE - Client acquired from pool

      at Object.debug (src/utils/logger.ts:11:51)

    console.log
      [DEBUG] DATABASE - Client acquired from pool

      at Object.debug (src/utils/logger.ts:11:51)

    console.log
      [DEBUG] DATABASE - Client acquired from pool

      at Object.debug (src/utils/logger.ts:11:51)

    console.log
      [HTTP] POST /api/orders

      at Object.http (src/utils/logger.ts:10:50)

    console.log
      [INFO] ORDER CREATE - Received order request { tableNumber: 7, 
itemsCount: 2 }

      at Object.info (src/utils/logger.ts:9:50)

    console.log
      [DEBUG] DATABASE - Client acquired from pool

      at Object.debug (src/utils/logger.ts:11:51)

    console.log
      [DEBUG] DATABASE - Client acquired from pool

      at Object.debug (src/utils/logger.ts:11:51)

    console.log
      [INFO] ORDER CREATE - Creating order {
        sessionId: 'b650d58d-3b46-4508-93ad-f3146f78dff4',
        tableNumber: 7,
        totalPrice: 30.97,
        itemsCount: 2
      }

      at Object.info (src/utils/logger.ts:9:50)

    console.log
      [DEBUG] DATABASE - Client acquired from pool

      at Object.debug (src/utils/logger.ts:11:51)

    console.log
      [DEBUG] DATABASE - Client acquired from pool

      at Object.debug (src/utils/logger.ts:11:51)

    console.log
      [INFO] ORDER CREATE - Order inserted { orderId: 242, orderNumber: 1, 
tableNumber: 7 }

      at Object.info (src/utils/logger.ts:9:50)

    console.log
      [DEBUG] DATABASE - Client acquired from pool

      at Object.debug (src/utils/logger.ts:11:51)

    console.log
      [DEBUG] DATABASE - Client acquired from pool

      at Object.debug (src/utils/logger.ts:11:51)

    console.log
      [DEBUG] DATABASE - Client acquired from pool

      at Object.debug (src/utils/logger.ts:11:51)

    console.log
      [INFO] ORDER CREATE - Order created successfully { orderId: 242, 
tableNumber: 7, status: 'Pending', orderNumber: 1 }

      at Object.info (src/utils/logger.ts:9:50)

    console.log
      [INFO] Order created: 242 for table 7

      at Object.info (src/utils/logger.ts:9:50)

    console.log
      [DEBUG] DATABASE - Client acquired from pool

      at Object.debug (src/utils/logger.ts:11:51)

    console.log
      [DEBUG] DATABASE - Client acquired from pool

      at Object.debug (src/utils/logger.ts:11:51)

    console.log
      [DEBUG] DATABASE - Client acquired from pool

      at Object.debug (src/utils/logger.ts:11:51)

    console.log
      [DEBUG] DATABASE - Client acquired from pool

      at Object.debug (src/utils/logger.ts:11:51)

    console.log
      [HTTP] POST /api/orders

      at Object.http (src/utils/logger.ts:10:50)

    console.log
      [INFO] ORDER CREATE - Received order request { tableNumber: 7, 
itemsCount: 1 }

      at Object.info (src/utils/logger.ts:9:50)

    console.log
      [DEBUG] DATABASE - Client acquired from pool

      at Object.debug (src/utils/logger.ts:11:51)

    console.log
      [INFO] ORDER CREATE - Creating order {
        sessionId: 'b650d58d-3b46-4508-93ad-f3146f78dff4',
        tableNumber: 7,
        totalPrice: 8.99,
        itemsCount: 1
      }

      at Object.info (src/utils/logger.ts:9:50)

    console.log
      [DEBUG] DATABASE - Client acquired from pool

      at Object.debug (src/utils/logger.ts:11:51)

    console.log
      [DEBUG] DATABASE - Client acquired from pool

      at Object.debug (src/utils/logger.ts:11:51)

    console.log
      [INFO] ORDER CREATE - Order inserted { orderId: 243, orderNumber: 2, 
tableNumber: 7 }

      at Object.info (src/utils/logger.ts:9:50)

    console.log
      [DEBUG] DATABASE - Client acquired from pool

      at Object.debug (src/utils/logger.ts:11:51)

    console.log
      [DEBUG] DATABASE - Client acquired from pool

      at Object.debug (src/utils/logger.ts:11:51)

    console.log
      [INFO] ORDER CREATE - Order created successfully { orderId: 243, 
tableNumber: 7, status: 'Pending', orderNumber: 2 }

      at Object.info (src/utils/logger.ts:9:50)

    console.log
      [INFO] Order created: 243 for table 7

      at Object.info (src/utils/logger.ts:9:50)

    console.log
      [HTTP] POST /api/orders

      at Object.http (src/utils/logger.ts:10:50)

    console.log
      [INFO] ORDER CREATE - Received order request { tableNumber: 7, 
itemsCount: 1 }

      at Object.info (src/utils/logger.ts:9:50)

    console.log
      [DEBUG] DATABASE - Client acquired from pool

      at Object.debug (src/utils/logger.ts:11:51)

    console.log
      [INFO] ORDER CREATE - Creating order {
        sessionId: 'b650d58d-3b46-4508-93ad-f3146f78dff4',
        tableNumber: 7,
        totalPrice: 12.99,
        itemsCount: 1
      }

      at Object.info (src/utils/logger.ts:9:50)

    console.log
      [DEBUG] DATABASE - Client acquired from pool

      at Object.debug (src/utils/logger.ts:11:51)

    console.log
      [DEBUG] DATABASE - Client acquired from pool

      at Object.debug (src/utils/logger.ts:11:51)

    console.log
      [INFO] ORDER CREATE - Order inserted { orderId: 244, orderNumber: 3, 
tableNumber: 7 }

      at Object.info (src/utils/logger.ts:9:50)

    console.log
      [DEBUG] DATABASE - Client acquired from pool

      at Object.debug (src/utils/logger.ts:11:51)

    console.log
      [DEBUG] DATABASE - Client acquired from pool

      at Object.debug (src/utils/logger.ts:11:51)

    console.log
      [INFO] ORDER CREATE - Order created successfully { orderId: 244, 
tableNumber: 7, status: 'Pending', orderNumber: 3 }

      at Object.info (src/utils/logger.ts:9:50)

    console.log
      [INFO] Order created: 244 for table 7

      at Object.info (src/utils/logger.ts:9:50)

    console.log
      [DEBUG] DATABASE - Client acquired from pool

      at Object.debug (src/utils/logger.ts:11:51)

    console.log
      [DEBUG] DATABASE - Client acquired from pool

      at Object.debug (src/utils/logger.ts:11:51)

    console.log
      [DEBUG] DATABASE - Client acquired from pool

      at Object.debug (src/utils/logger.ts:11:51)

    console.log
      [DEBUG] DATABASE - Client acquired from pool

      at Object.debug (src/utils/logger.ts:11:51)

    console.log
      [HTTP] POST /api/orders

      at Object.http (src/utils/logger.ts:10:50)

    console.log
      [INFO] ORDER CREATE - Received order request { tableNumber: 7, 
itemsCount: 1 }

      at Object.info (src/utils/logger.ts:9:50)

    console.log
      [DEBUG] DATABASE - Client acquired from pool

      at Object.debug (src/utils/logger.ts:11:51)

    console.log
      [INFO] ORDER CREATE - Creating order { sessionId: null, tableNumber: 7, 
totalPrice: 8.99, itemsCount: 1 }

      at Object.info (src/utils/logger.ts:9:50)

    console.log
      [DEBUG] DATABASE - Client acquired from pool

      at Object.debug (src/utils/logger.ts:11:51)

    console.log
      [INFO] ORDER CREATE - Order inserted { orderId: 245, orderNumber: 1, 
tableNumber: 7 }

      at Object.info (src/utils/logger.ts:9:50)

    console.log
      [DEBUG] DATABASE - Client acquired from pool

      at Object.debug (src/utils/logger.ts:11:51)

    console.log
      [DEBUG] DATABASE - Client acquired from pool

      at Object.debug (src/utils/logger.ts:11:51)

    console.log
      [INFO] ORDER CREATE - Order created successfully { orderId: 245, 
tableNumber: 7, status: 'Pending', orderNumber: 1 }

      at Object.info (src/utils/logger.ts:9:50)

    console.log
      [INFO] Order created: 245 for table 7

      at Object.info (src/utils/logger.ts:9:50)

    console.log
      [DEBUG] DATABASE - Client acquired from pool

      at Object.debug (src/utils/logger.ts:11:51)

    console.log
      [DEBUG] DATABASE - Client acquired from pool

      at Object.debug (src/utils/logger.ts:11:51)

    console.log
      [DEBUG] DATABASE - Client acquired from pool

      at Object.debug (src/utils/logger.ts:11:51)

    console.log
      [DEBUG] DATABASE - Client acquired from pool

      at Object.debug (src/utils/logger.ts:11:51)

    console.log
      [HTTP] POST /api/orders

      at Object.http (src/utils/logger.ts:10:50)

    console.log
      [INFO] ORDER CREATE - Received order request { tableNumber: 7, 
itemsCount: 0 }

      at Object.info (src/utils/logger.ts:9:50)

    console.warn
      [WARN] ORDER CREATE - Invalid order data, missing required fields

    [0m [90m  6 |[39m [36mconst[39m logger [33m=[39m {
     [90m  7 |[39m   error[33m:[39m (message[33m:[39m string[33m,[39m 
meta[33m?[39m[33m:[39m any) [33m=>[39m 
console[33m.[39merror([32m`[ERROR] ${message}`[39m[33m,[39m meta 
[33m||[39m [32m''[39m)[33m,[39m
    [31m[1m>[22m[39m[90m  8 |[39m   warn[33m:[39m (message[33m:[39m 
string[33m,[39m meta[33m?[39m[33m:[39m any) [33m=>[39m 
console[33m.[39mwarn([32m`[WARN] ${message}`[39m[33m,[39m meta 
[33m||[39m [32m''[39m)[33m,[39m
     [90m    |[39m                                                  
[31m[1m^[22m[39m
     [90m  9 |[39m   info[33m:[39m (message[33m:[39m string[33m,[39m 
meta[33m?[39m[33m:[39m any) [33m=>[39m 
console[33m.[39mlog([32m`[INFO] ${message}`[39m[33m,[39m meta 
[33m||[39m [32m''[39m)[33m,[39m
     [90m 10 |[39m   http[33m:[39m (message[33m:[39m string[33m,[39m 
meta[33m?[39m[33m:[39m any) [33m=>[39m 
console[33m.[39mlog([32m`[HTTP] ${message}`[39m[33m,[39m meta 
[33m||[39m [32m''[39m)[33m,[39m
     [90m 11 |[39m   debug[33m:[39m (message[33m:[39m string[33m,[39m 
meta[33m?[39m[33m:[39m any) [33m=>[39m 
console[33m.[39mlog([32m`[DEBUG] ${message}`[39m[33m,[39m meta 
[33m||[39m [32m''[39m)[33m,[39m[0m

      at Object.warn (src/utils/logger.ts:8:50)
      at src/routes/orders.ts:136:14
      at Layer.handle [as handle_request] 
(node_modules/express/lib/router/layer.js:95:5)
      at next (node_modules/express/lib/router/route.js:149:13)
      at Route.dispatch (node_modules/express/lib/router/route.js:119:3)
      at Layer.handle [as handle_request] 
(node_modules/express/lib/router/layer.js:95:5)
      at node_modules/express/lib/router/index.js:284:15
      at Function.process_params 
(node_modules/express/lib/router/index.js:346:12)
      at next (node_modules/express/lib/router/index.js:280:10)
      at Function.handle (node_modules/express/lib/router/index.js:175:3)
      at router (node_modules/express/lib/router/index.js:47:12)
      at Layer.handle [as handle_request] 
(node_modules/express/lib/router/layer.js:95:5)
      at trim_prefix (node_modules/express/lib/router/index.js:328:13)
      at node_modules/express/lib/router/index.js:286:9
      at Function.process_params 
(node_modules/express/lib/router/index.js:346:12)
      at next (node_modules/express/lib/router/index.js:280:10)
      at src/server.ts:105:3
      at Layer.handle [as handle_request] 
(node_modules/express/lib/router/layer.js:95:5)
      at trim_prefix (node_modules/express/lib/router/index.js:328:13)
      at node_modules/express/lib/router/index.js:286:9
      at Function.process_params 
(node_modules/express/lib/router/index.js:346:12)
      at next (node_modules/express/lib/router/index.js:280:10)
      at src/middleware/rateLimiter.ts:6:86
      at Layer.handle [as handle_request] 
(node_modules/express/lib/router/layer.js:95:5)
      at trim_prefix (node_modules/express/lib/router/index.js:328:13)
      at node_modules/express/lib/router/index.js:286:9
      at Function.process_params 
(node_modules/express/lib/router/index.js:346:12)
      at next (node_modules/express/lib/router/index.js:280:10)
      at src/middleware/rateLimiter.ts:6:86
      at Layer.handle [as handle_request] 
(node_modules/express/lib/router/layer.js:95:5)
      at trim_prefix (node_modules/express/lib/router/index.js:328:13)
      at node_modules/express/lib/router/index.js:286:9
      at Function.process_params 
(node_modules/express/lib/router/index.js:346:12)
      at next (node_modules/express/lib/router/index.js:280:10)
      at src/server.ts:57:3
      at Layer.handle [as handle_request] 
(node_modules/express/lib/router/layer.js:95:5)
      at trim_prefix (node_modules/express/lib/router/index.js:328:13)
      at node_modules/express/lib/router/index.js:286:9
      at Function.process_params 
(node_modules/express/lib/router/index.js:346:12)
      at next (node_modules/express/lib/router/index.js:280:10)
      at urlencodedParser 
(node_modules/body-parser/lib/types/urlencoded.js:82:7)
      at Layer.handle [as handle_request] 
(node_modules/express/lib/router/layer.js:95:5)
      at trim_prefix (node_modules/express/lib/router/index.js:328:13)
      at node_modules/express/lib/router/index.js:286:9
      at Function.process_params 
(node_modules/express/lib/router/index.js:346:12)
      at next (node_modules/express/lib/router/index.js:280:10)
      at node_modules/body-parser/lib/read.js:137:5
      at invokeCallback (node_modules/raw-body/index.js:238:16)
      at done (node_modules/raw-body/index.js:227:7)
      at IncomingMessage.onEnd (node_modules/raw-body/index.js:287:7)

    console.log
      [INFO] Order created: undefined for table undefined

      at Object.info (src/utils/logger.ts:9:50)

    console.log
      [DEBUG] DATABASE - Client acquired from pool

      at Object.debug (src/utils/logger.ts:11:51)

    console.log
      [DEBUG] DATABASE - Client acquired from pool

      at Object.debug (src/utils/logger.ts:11:51)

    console.log
      [DEBUG] DATABASE - Client acquired from pool

      at Object.debug (src/utils/logger.ts:11:51)

    console.log
      [DEBUG] DATABASE - Client acquired from pool

      at Object.debug (src/utils/logger.ts:11:51)

    console.log
      [HTTP] GET /api/menu

      at Object.http (src/utils/logger.ts:10:50)

    console.log
      [DEBUG] DATABASE - Client acquired from pool

      at Object.debug (src/utils/logger.ts:11:51)

    console.log
      [HTTP] POST /api/orders

      at Object.http (src/utils/logger.ts:10:50)

    console.log
      [INFO] ORDER CREATE - Received order request { tableNumber: 7, 
itemsCount: 2 }

      at Object.info (src/utils/logger.ts:9:50)

    console.log
      [DEBUG] DATABASE - Client acquired from pool

      at Object.debug (src/utils/logger.ts:11:51)

    console.log
      [DEBUG] DATABASE - Client acquired from pool

      at Object.debug (src/utils/logger.ts:11:51)

    console.log
      [INFO] ORDER CREATE - Creating order {
        sessionId: 'b650d58d-3b46-4508-93ad-f3146f78dff4',
        tableNumber: 7,
        totalPrice: 56.95,
        itemsCount: 2
      }

      at Object.info (src/utils/logger.ts:9:50)

    console.log
      [DEBUG] DATABASE - Client acquired from pool

      at Object.debug (src/utils/logger.ts:11:51)

    console.log
      [DEBUG] DATABASE - Client acquired from pool

      at Object.debug (src/utils/logger.ts:11:51)

    console.log
      [INFO] ORDER CREATE - Order inserted { orderId: 246, orderNumber: 4, 
tableNumber: 7 }

      at Object.info (src/utils/logger.ts:9:50)

    console.log
      [DEBUG] DATABASE - Client acquired from pool

      at Object.debug (src/utils/logger.ts:11:51)

    console.log
      [DEBUG] DATABASE - Client acquired from pool

      at Object.debug (src/utils/logger.ts:11:51)

    console.log
      [DEBUG] DATABASE - Client acquired from pool

      at Object.debug (src/utils/logger.ts:11:51)

    console.log
      [INFO] ORDER CREATE - Order created successfully { orderId: 246, 
tableNumber: 7, status: 'Pending', orderNumber: 4 }

      at Object.info (src/utils/logger.ts:9:50)

    console.log
      [INFO] Order created: 246 for table 7

      at Object.info (src/utils/logger.ts:9:50)

    console.log
      [DEBUG] DATABASE - Client acquired from pool

      at Object.debug (src/utils/logger.ts:11:51)

    console.log
      [DEBUG] DATABASE - Client acquired from pool

      at Object.debug (src/utils/logger.ts:11:51)

    console.log
      [DEBUG] DATABASE - Client acquired from pool

      at Object.debug (src/utils/logger.ts:11:51)

    console.log
      [DEBUG] DATABASE - Client acquired from pool

      at Object.debug (src/utils/logger.ts:11:51)

    console.log
      [HTTP] GET /api/orders

      at Object.http (src/utils/logger.ts:10:50)

    console.log
      [DEBUG] DATABASE - Client acquired from pool

      at Object.debug (src/utils/logger.ts:11:51)

    console.log
      [DEBUG] DATABASE - Client acquired from pool

      at Object.debug (src/utils/logger.ts:11:51)

    console.log
      [DEBUG] DATABASE - Client acquired from pool

      at Object.debug (src/utils/logger.ts:11:51)

    console.log
      [DEBUG] DATABASE - Client acquired from pool

      at Object.debug (src/utils/logger.ts:11:51)

    console.log
      [HTTP] GET /api/orders?tableNumber=7

      at Object.http (src/utils/logger.ts:10:50)

    console.log
      [HTTP] POST /api/orders

      at Object.http (src/utils/logger.ts:10:50)

    console.log
      [INFO] ORDER CREATE - Received order request { tableNumber: 7, 
itemsCount: 1 }

      at Object.info (src/utils/logger.ts:9:50)

    console.log
      [DEBUG] DATABASE - Client acquired from pool

      at Object.debug (src/utils/logger.ts:11:51)

    console.log
      [INFO] ORDER CREATE - Creating order {
        sessionId: 'b650d58d-3b46-4508-93ad-f3146f78dff4',
        tableNumber: 7,
        totalPrice: 8.99,
        itemsCount: 1
      }

      at Object.info (src/utils/logger.ts:9:50)

    console.log
      [DEBUG] DATABASE - Client acquired from pool

      at Object.debug (src/utils/logger.ts:11:51)

    console.log
      [DEBUG] DATABASE - Client acquired from pool

      at Object.debug (src/utils/logger.ts:11:51)

    console.log
      [INFO] ORDER CREATE - Order inserted { orderId: 247, orderNumber: 5, 
tableNumber: 7 }

      at Object.info (src/utils/logger.ts:9:50)

    console.log
      [DEBUG] DATABASE - Client acquired from pool

      at Object.debug (src/utils/logger.ts:11:51)

    console.log
      [DEBUG] DATABASE - Client acquired from pool

      at Object.debug (src/utils/logger.ts:11:51)

    console.log
      [INFO] ORDER CREATE - Order created successfully { orderId: 247, 
tableNumber: 7, status: 'Pending', orderNumber: 5 }

      at Object.info (src/utils/logger.ts:9:50)

    console.log
      [INFO] Order created: 247 for table 7

      at Object.info (src/utils/logger.ts:9:50)

    console.log
      [DEBUG] DATABASE - Client acquired from pool

      at Object.debug (src/utils/logger.ts:11:51)

    console.log
      [DEBUG] DATABASE - Client acquired from pool

      at Object.debug (src/utils/logger.ts:11:51)

    console.log
      [DEBUG] DATABASE - Client acquired from pool

      at Object.debug (src/utils/logger.ts:11:51)

    console.log
      [DEBUG] DATABASE - Client acquired from pool

      at Object.debug (src/utils/logger.ts:11:51)

    console.log
      [HTTP] GET /api/orders/247

      at Object.http (src/utils/logger.ts:10:50)

    console.log
      [DEBUG] DATABASE - Client acquired from pool

      at Object.debug (src/utils/logger.ts:11:51)

    console.log
      [DEBUG] DATABASE - Client acquired from pool

      at Object.debug (src/utils/logger.ts:11:51)

    console.log
      [DEBUG] DATABASE - Client acquired from pool

      at Object.debug (src/utils/logger.ts:11:51)

    console.log
      [DEBUG] DATABASE - Client acquired from pool

      at Object.debug (src/utils/logger.ts:11:51)

    console.log
      [DEBUG] DATABASE - Client acquired from pool

      at Object.debug (src/utils/logger.ts:11:51)

    console.log
      [HTTP] GET /api/orders/99999

      at Object.http (src/utils/logger.ts:10:50)

    console.log
      [DEBUG] DATABASE - Client acquired from pool

      at Object.debug (src/utils/logger.ts:11:51)

    console.log
      [DEBUG] DATABASE - Client acquired from pool

      at Object.debug (src/utils/logger.ts:11:51)

    console.log
      [DEBUG] DATABASE - Client acquired from pool

      at Object.debug (src/utils/logger.ts:11:51)

    console.log
      [DEBUG] DATABASE - Client acquired from pool

      at Object.debug (src/utils/logger.ts:11:51)

    console.log
      [DEBUG] DATABASE - Client acquired from pool

      at Object.debug (src/utils/logger.ts:11:51)

    console.log
      [HTTP] POST /api/orders

      at Object.http (src/utils/logger.ts:10:50)

    console.log
      [INFO] ORDER CREATE - Received order request { tableNumber: 7, 
itemsCount: 1 }

      at Object.info (src/utils/logger.ts:9:50)

    console.log
      [DEBUG] DATABASE - Client acquired from pool

      at Object.debug (src/utils/logger.ts:11:51)

    console.log
      [INFO] ORDER CREATE - Creating order {
        sessionId: 'b650d58d-3b46-4508-93ad-f3146f78dff4',
        tableNumber: 7,
        totalPrice: 8.99,
        itemsCount: 1
      }

      at Object.info (src/utils/logger.ts:9:50)

    console.log
      [DEBUG] DATABASE - Client acquired from pool

      at Object.debug (src/utils/logger.ts:11:51)

    console.log
      [DEBUG] DATABASE - Client acquired from pool

      at Object.debug (src/utils/logger.ts:11:51)

    console.log
      [INFO] ORDER CREATE - Order inserted { orderId: 248, orderNumber: 6, 
tableNumber: 7 }

      at Object.info (src/utils/logger.ts:9:50)

    console.log
      [DEBUG] DATABASE - Client acquired from pool

      at Object.debug (src/utils/logger.ts:11:51)

    console.log
      [DEBUG] DATABASE - Client acquired from pool

      at Object.debug (src/utils/logger.ts:11:51)

    console.log
      [INFO] ORDER CREATE - Order created successfully { orderId: 248, 
tableNumber: 7, status: 'Pending', orderNumber: 6 }

      at Object.info (src/utils/logger.ts:9:50)

    console.log
      [INFO] Order created: 248 for table 7

      at Object.info (src/utils/logger.ts:9:50)

    console.log
      [HTTP] PATCH /api/orders/248/status

      at Object.http (src/utils/logger.ts:10:50)

    console.log
      [INFO] Order undefined status updated to: undefined

      at Object.info (src/utils/logger.ts:9:50)

    console.log
      [DEBUG] DATABASE - Client acquired from pool

      at Object.debug (src/utils/logger.ts:11:51)

    console.log
      [DEBUG] DATABASE - Client acquired from pool

      at Object.debug (src/utils/logger.ts:11:51)

    console.log
      [DEBUG] DATABASE - Client acquired from pool

      at Object.debug (src/utils/logger.ts:11:51)

    console.log
      [DEBUG] DATABASE - Client acquired from pool

      at Object.debug (src/utils/logger.ts:11:51)

    console.log
      [HTTP] POST /api/orders

      at Object.http (src/utils/logger.ts:10:50)

    console.log
      [INFO] ORDER CREATE - Received order request { tableNumber: 7, 
itemsCount: 1 }

      at Object.info (src/utils/logger.ts:9:50)

    console.log
      [DEBUG] DATABASE - Client acquired from pool

      at Object.debug (src/utils/logger.ts:11:51)

    console.log
      [INFO] ORDER CREATE - Creating order {
        sessionId: 'b650d58d-3b46-4508-93ad-f3146f78dff4',
        tableNumber: 7,
        totalPrice: 8.99,
        itemsCount: 1
      }

      at Object.info (src/utils/logger.ts:9:50)

    console.log
      [DEBUG] DATABASE - Client acquired from pool

      at Object.debug (src/utils/logger.ts:11:51)

    console.log
      [DEBUG] DATABASE - Client acquired from pool

      at Object.debug (src/utils/logger.ts:11:51)

    console.log
      [INFO] ORDER CREATE - Order inserted { orderId: 249, orderNumber: 7, 
tableNumber: 7 }

      at Object.info (src/utils/logger.ts:9:50)

    console.log
      [DEBUG] DATABASE - Client acquired from pool

      at Object.debug (src/utils/logger.ts:11:51)

    console.log
      [DEBUG] DATABASE - Client acquired from pool

      at Object.debug (src/utils/logger.ts:11:51)

    console.log
      [INFO] ORDER CREATE - Order created successfully { orderId: 249, 
tableNumber: 7, status: 'Pending', orderNumber: 7 }

      at Object.info (src/utils/logger.ts:9:50)

    console.log
      [INFO] Order created: 249 for table 7

      at Object.info (src/utils/logger.ts:9:50)

    console.log
      [HTTP] PATCH /api/orders/249/status

      at Object.http (src/utils/logger.ts:10:50)

    console.log
      [INFO] Order undefined status updated to: undefined

      at Object.info (src/utils/logger.ts:9:50)

    console.log
      [DEBUG] DATABASE - Client acquired from pool

      at Object.debug (src/utils/logger.ts:11:51)

    console.log
      [DEBUG] DATABASE - Client acquired from pool

      at Object.debug (src/utils/logger.ts:11:51)

    console.log
      [DEBUG] DATABASE - Client acquired from pool

      at Object.debug (src/utils/logger.ts:11:51)

    console.log
      [DEBUG] DATABASE - Client acquired from pool

      at Object.debug (src/utils/logger.ts:11:51)

    console.log
      [HTTP] POST /api/orders

      at Object.http (src/utils/logger.ts:10:50)

    console.log
      [INFO] ORDER CREATE - Received order request { tableNumber: 7, 
itemsCount: 1 }

      at Object.info (src/utils/logger.ts:9:50)

    console.log
      [DEBUG] DATABASE - Client acquired from pool

      at Object.debug (src/utils/logger.ts:11:51)

    console.log
      [INFO] ORDER CREATE - Creating order {
        sessionId: 'b650d58d-3b46-4508-93ad-f3146f78dff4',
        tableNumber: 7,
        totalPrice: 8.99,
        itemsCount: 1
      }

      at Object.info (src/utils/logger.ts:9:50)

    console.log
      [DEBUG] DATABASE - Client acquired from pool

      at Object.debug (src/utils/logger.ts:11:51)

    console.log
      [DEBUG] DATABASE - Client acquired from pool

      at Object.debug (src/utils/logger.ts:11:51)

    console.log
      [INFO] ORDER CREATE - Order inserted { orderId: 250, orderNumber: 8, 
tableNumber: 7 }

      at Object.info (src/utils/logger.ts:9:50)

    console.log
      [DEBUG] DATABASE - Client acquired from pool

      at Object.debug (src/utils/logger.ts:11:51)

    console.log
      [DEBUG] DATABASE - Client acquired from pool

      at Object.debug (src/utils/logger.ts:11:51)

    console.log
      [INFO] ORDER CREATE - Order created successfully { orderId: 250, 
tableNumber: 7, status: 'Pending', orderNumber: 8 }

      at Object.info (src/utils/logger.ts:9:50)

    console.log
      [INFO] Order created: 250 for table 7

      at Object.info (src/utils/logger.ts:9:50)

    console.log
      [HTTP] PATCH /api/orders/250/status

      at Object.http (src/utils/logger.ts:10:50)

    console.log
      [INFO] Order undefined status updated to: undefined

      at Object.info (src/utils/logger.ts:9:50)

    console.log
      [DEBUG] DATABASE - Client acquired from pool

      at Object.debug (src/utils/logger.ts:11:51)

    console.log
      [DEBUG] DATABASE - Client acquired from pool

      at Object.debug (src/utils/logger.ts:11:51)

    console.log
      [DEBUG] DATABASE - Client acquired from pool

      at Object.debug (src/utils/logger.ts:11:51)

    console.log
      [DEBUG] DATABASE - Client acquired from pool

      at Object.debug (src/utils/logger.ts:11:51)

    console.log
      [HTTP] POST /api/sessions

      at Object.http (src/utils/logger.ts:10:50)

    console.log
      [DEBUG] DATABASE - Client acquired from pool

      at Object.debug (src/utils/logger.ts:11:51)

    console.error
      [ERROR] SESSIONS - Error creating session {
        error: error: insert or update on table "sessions" violates foreign 
key constraint "sessions_table_number_fkey"
            at 
C:\Users\eneal\Desktop\restaurant2\backend\node_modules\pg-pool\index.js:45:11
            at processTicksAndRejections 
(node:internal/process/task_queues:95:5)
            at 
C:\Users\eneal\Desktop\restaurant2\backend\src\routes\sessions.ts:20:5 {
          length: 272,
          severity: 'ERROR',
          code: '23503',
          detail: 'Key (table_number)=(125) is not present in table "tables".',
          hint: undefined,
          position: undefined,
          internalPosition: undefined,
          internalQuery: undefined,
          where: undefined,
          schema: 'public',
          table: 'sessions',
          column: undefined,
          dataType: undefined,
          constraint: 'sessions_table_number_fkey',
          file: 'ri_triggers.c',
          line: '2772',
          routine: 'ri_ReportViolation'
        },
        tableNumber: 125
      }

    [0m [90m  5 |[39m [90m// Temporary console logger until winston is 
installed[39m
     [90m  6 |[39m [36mconst[39m logger [33m=[39m {
    [31m[1m>[22m[39m[90m  7 |[39m   error[33m:[39m (message[33m:[39m 
string[33m,[39m meta[33m?[39m[33m:[39m any) [33m=>[39m 
console[33m.[39merror([32m`[ERROR] ${message}`[39m[33m,[39m meta 
[33m||[39m [32m''[39m)[33m,[39m
     [90m    |[39m                                                   
[31m[1m^[22m[39m
     [90m  8 |[39m   warn[33m:[39m (message[33m:[39m string[33m,[39m 
meta[33m?[39m[33m:[39m any) [33m=>[39m 
console[33m.[39mwarn([32m`[WARN] ${message}`[39m[33m,[39m meta 
[33m||[39m [32m''[39m)[33m,[39m
     [90m  9 |[39m   info[33m:[39m (message[33m:[39m string[33m,[39m 
meta[33m?[39m[33m:[39m any) [33m=>[39m 
console[33m.[39mlog([32m`[INFO] ${message}`[39m[33m,[39m meta 
[33m||[39m [32m''[39m)[33m,[39m
     [90m 10 |[39m   http[33m:[39m (message[33m:[39m string[33m,[39m 
meta[33m?[39m[33m:[39m any) [33m=>[39m 
console[33m.[39mlog([32m`[HTTP] ${message}`[39m[33m,[39m meta 
[33m||[39m [32m''[39m)[33m,[39m[0m

      at Object.error (src/utils/logger.ts:7:51)
      at src/routes/sessions.ts:32:12

    console.log
      [HTTP] POST /api/orders

      at Object.http (src/utils/logger.ts:10:50)

    console.log
      [INFO] ORDER CREATE - Received order request { tableNumber: 125, 
itemsCount: 1 }

      at Object.info (src/utils/logger.ts:9:50)

    console.log
      [INFO] DATABASE - Client removed from pool

      at Object.info (src/utils/logger.ts:9:50)

    console.log
      [INFO] DATABASE - New client connected to pool

      at Object.info (src/utils/logger.ts:9:50)

    console.log
      [DEBUG] DATABASE - Client acquired from pool

      at Object.debug (src/utils/logger.ts:11:51)

    console.log
      [INFO] ORDER CREATE - Creating order { sessionId: null, tableNumber: 
125, totalPrice: 17.98, itemsCount: 1 }

      at Object.info (src/utils/logger.ts:9:50)

    console.log
      [DEBUG] DATABASE - Client acquired from pool

      at Object.debug (src/utils/logger.ts:11:51)

    console.error
      [ERROR] ORDER CREATE - Error creating order {
        error: error: insert or update on table "orders" violates foreign key 
constraint "orders_table_number_fkey"
            at 
C:\Users\eneal\Desktop\restaurant2\backend\node_modules\pg-pool\index.js:45:11
            at processTicksAndRejections 
(node:internal/process/task_queues:95:5)
            at 
C:\Users\eneal\Desktop\restaurant2\backend\src\routes\orders.ts:175:25 {
          length: 264,
          severity: 'ERROR',
          code: '23503',
          detail: 'Key (table_number)=(125) is not present in table "tables".',
          hint: undefined,
          position: undefined,
          internalPosition: undefined,
          internalQuery: undefined,
          where: undefined,
          schema: 'public',
          table: 'orders',
          column: undefined,
          dataType: undefined,
          constraint: 'orders_table_number_fkey',
          file: 'ri_triggers.c',
          line: '2772',
          routine: 'ri_ReportViolation'
        }
      }

    [0m [90m  5 |[39m [90m// Temporary console logger until winston is 
installed[39m
     [90m  6 |[39m [36mconst[39m logger [33m=[39m {
    [31m[1m>[22m[39m[90m  7 |[39m   error[33m:[39m (message[33m:[39m 
string[33m,[39m meta[33m?[39m[33m:[39m any) [33m=>[39m 
console[33m.[39merror([32m`[ERROR] ${message}`[39m[33m,[39m meta 
[33m||[39m [32m''[39m)[33m,[39m
     [90m    |[39m                                                   
[31m[1m^[22m[39m
     [90m  8 |[39m   warn[33m:[39m (message[33m:[39m string[33m,[39m 
meta[33m?[39m[33m:[39m any) [33m=>[39m 
console[33m.[39mwarn([32m`[WARN] ${message}`[39m[33m,[39m meta 
[33m||[39m [32m''[39m)[33m,[39m
     [90m  9 |[39m   info[33m:[39m (message[33m:[39m string[33m,[39m 
meta[33m?[39m[33m:[39m any) [33m=>[39m 
console[33m.[39mlog([32m`[INFO] ${message}`[39m[33m,[39m meta 
[33m||[39m [32m''[39m)[33m,[39m
     [90m 10 |[39m   http[33m:[39m (message[33m:[39m string[33m,[39m 
meta[33m?[39m[33m:[39m any) [33m=>[39m 
console[33m.[39mlog([32m`[HTTP] ${message}`[39m[33m,[39m meta 
[33m||[39m [32m''[39m)[33m,[39m[0m

      at Object.error (src/utils/logger.ts:7:51)
      at src/routes/orders.ts:230:12

    console.log
      [INFO] Order created: undefined for table undefined

      at Object.info (src/utils/logger.ts:9:50)

    console.log
      [HTTP] POST /api/orders

      at Object.http (src/utils/logger.ts:10:50)

    console.log
      [INFO] ORDER CREATE - Received order request { tableNumber: 125, 
itemsCount: 1 }

      at Object.info (src/utils/logger.ts:9:50)

    console.log
      [INFO] DATABASE - Client removed from pool

      at Object.info (src/utils/logger.ts:9:50)

    console.log
      [INFO] DATABASE - New client connected to pool

      at Object.info (src/utils/logger.ts:9:50)

    console.log
      [DEBUG] DATABASE - Client acquired from pool

      at Object.debug (src/utils/logger.ts:11:51)

    console.log
      [INFO] ORDER CREATE - Creating order { sessionId: null, tableNumber: 
125, totalPrice: 12.99, itemsCount: 1 }

      at Object.info (src/utils/logger.ts:9:50)

    console.log
      [DEBUG] DATABASE - Client acquired from pool

      at Object.debug (src/utils/logger.ts:11:51)

    console.error
      [ERROR] ORDER CREATE - Error creating order {
        error: error: insert or update on table "orders" violates foreign key 
constraint "orders_table_number_fkey"
            at 
C:\Users\eneal\Desktop\restaurant2\backend\node_modules\pg-pool\index.js:45:11
            at processTicksAndRejections 
(node:internal/process/task_queues:95:5)
            at 
C:\Users\eneal\Desktop\restaurant2\backend\src\routes\orders.ts:175:25 {
          length: 264,
          severity: 'ERROR',
          code: '23503',
          detail: 'Key (table_number)=(125) is not present in table "tables".',
          hint: undefined,
          position: undefined,
          internalPosition: undefined,
          internalQuery: undefined,
          where: undefined,
          schema: 'public',
          table: 'orders',
          column: undefined,
          dataType: undefined,
          constraint: 'orders_table_number_fkey',
          file: 'ri_triggers.c',
          line: '2772',
          routine: 'ri_ReportViolation'
        }
      }

    [0m [90m  5 |[39m [90m// Temporary console logger until winston is 
installed[39m
     [90m  6 |[39m [36mconst[39m logger [33m=[39m {
    [31m[1m>[22m[39m[90m  7 |[39m   error[33m:[39m (message[33m:[39m 
string[33m,[39m meta[33m?[39m[33m:[39m any) [33m=>[39m 
console[33m.[39merror([32m`[ERROR] ${message}`[39m[33m,[39m meta 
[33m||[39m [32m''[39m)[33m,[39m
     [90m    |[39m                                                   
[31m[1m^[22m[39m
     [90m  8 |[39m   warn[33m:[39m (message[33m:[39m string[33m,[39m 
meta[33m?[39m[33m:[39m any) [33m=>[39m 
console[33m.[39mwarn([32m`[WARN] ${message}`[39m[33m,[39m meta 
[33m||[39m [32m''[39m)[33m,[39m
     [90m  9 |[39m   info[33m:[39m (message[33m:[39m string[33m,[39m 
meta[33m?[39m[33m:[39m any) [33m=>[39m 
console[33m.[39mlog([32m`[INFO] ${message}`[39m[33m,[39m meta 
[33m||[39m [32m''[39m)[33m,[39m
     [90m 10 |[39m   http[33m:[39m (message[33m:[39m string[33m,[39m 
meta[33m?[39m[33m:[39m any) [33m=>[39m 
console[33m.[39mlog([32m`[HTTP] ${message}`[39m[33m,[39m meta 
[33m||[39m [32m''[39m)[33m,[39m[0m

      at Object.error (src/utils/logger.ts:7:51)
      at src/routes/orders.ts:230:12

    console.log
      [INFO] Order created: undefined for table undefined

      at Object.info (src/utils/logger.ts:9:50)

    console.log
      [HTTP] GET /api/tables/125/unpaid-total

      at Object.http (src/utils/logger.ts:10:50)

    console.log
      [INFO] DATABASE - Client removed from pool

      at Object.info (src/utils/logger.ts:9:50)

    console.log
      [INFO] DATABASE - New client connected to pool

      at Object.info (src/utils/logger.ts:9:50)

    console.log
      [DEBUG] DATABASE - Client acquired from pool

      at Object.debug (src/utils/logger.ts:11:51)

    console.log
      [DEBUG] DATABASE - Client acquired from pool

      at Object.debug (src/utils/logger.ts:11:51)

    console.log
      [DEBUG] DATABASE - Client acquired from pool

      at Object.debug (src/utils/logger.ts:11:51)

    console.log
      [DEBUG] DATABASE - Client acquired from pool

      at Object.debug (src/utils/logger.ts:11:51)

    console.log
      [DEBUG] DATABASE - Client acquired from pool

      at Object.debug (src/utils/logger.ts:11:51)

    console.log
      [HTTP] POST /api/sessions

      at Object.http (src/utils/logger.ts:10:50)

    console.log
      [DEBUG] DATABASE - Client acquired from pool

      at Object.debug (src/utils/logger.ts:11:51)

    console.error
      [ERROR] SESSIONS - Error creating session {
        error: error: insert or update on table "sessions" violates foreign 
key constraint "sessions_table_number_fkey"
            at 
C:\Users\eneal\Desktop\restaurant2\backend\node_modules\pg-pool\index.js:45:11
            at processTicksAndRejections 
(node:internal/process/task_queues:95:5)
            at 
C:\Users\eneal\Desktop\restaurant2\backend\src\routes\sessions.ts:20:5 {
          length: 272,
          severity: 'ERROR',
          code: '23503',
          detail: 'Key (table_number)=(247) is not present in table "tables".',
          hint: undefined,
          position: undefined,
          internalPosition: undefined,
          internalQuery: undefined,
          where: undefined,
          schema: 'public',
          table: 'sessions',
          column: undefined,
          dataType: undefined,
          constraint: 'sessions_table_number_fkey',
          file: 'ri_triggers.c',
          line: '2772',
          routine: 'ri_ReportViolation'
        },
        tableNumber: 247
      }

    [0m [90m  5 |[39m [90m// Temporary console logger until winston is 
installed[39m
     [90m  6 |[39m [36mconst[39m logger [33m=[39m {
    [31m[1m>[22m[39m[90m  7 |[39m   error[33m:[39m (message[33m:[39m 
string[33m,[39m meta[33m?[39m[33m:[39m any) [33m=>[39m 
console[33m.[39merror([32m`[ERROR] ${message}`[39m[33m,[39m meta 
[33m||[39m [32m''[39m)[33m,[39m
     [90m    |[39m                                                   
[31m[1m^[22m[39m
     [90m  8 |[39m   warn[33m:[39m (message[33m:[39m string[33m,[39m 
meta[33m?[39m[33m:[39m any) [33m=>[39m 
console[33m.[39mwarn([32m`[WARN] ${message}`[39m[33m,[39m meta 
[33m||[39m [32m''[39m)[33m,[39m
     [90m  9 |[39m   info[33m:[39m (message[33m:[39m string[33m,[39m 
meta[33m?[39m[33m:[39m any) [33m=>[39m 
console[33m.[39mlog([32m`[INFO] ${message}`[39m[33m,[39m meta 
[33m||[39m [32m''[39m)[33m,[39m
     [90m 10 |[39m   http[33m:[39m (message[33m:[39m string[33m,[39m 
meta[33m?[39m[33m:[39m any) [33m=>[39m 
console[33m.[39mlog([32m`[HTTP] ${message}`[39m[33m,[39m meta 
[33m||[39m [32m''[39m)[33m,[39m[0m

      at Object.error (src/utils/logger.ts:7:51)
      at src/routes/sessions.ts:32:12

    console.log
      [HTTP] POST /api/orders

      at Object.http (src/utils/logger.ts:10:50)

    console.log
      [INFO] ORDER CREATE - Received order request { tableNumber: 247, 
itemsCount: 1 }

      at Object.info (src/utils/logger.ts:9:50)

    console.log
      [INFO] DATABASE - Client removed from pool

      at Object.info (src/utils/logger.ts:9:50)

    console.log
      [INFO] DATABASE - New client connected to pool

      at Object.info (src/utils/logger.ts:9:50)

    console.log
      [DEBUG] DATABASE - Client acquired from pool

      at Object.debug (src/utils/logger.ts:11:51)

    console.log
      [INFO] ORDER CREATE - Creating order { sessionId: null, tableNumber: 
247, totalPrice: 17.98, itemsCount: 1 }

      at Object.info (src/utils/logger.ts:9:50)

    console.log
      [DEBUG] DATABASE - Client acquired from pool

      at Object.debug (src/utils/logger.ts:11:51)

    console.error
      [ERROR] ORDER CREATE - Error creating order {
        error: error: insert or update on table "orders" violates foreign key 
constraint "orders_table_number_fkey"
            at 
C:\Users\eneal\Desktop\restaurant2\backend\node_modules\pg-pool\index.js:45:11
            at processTicksAndRejections 
(node:internal/process/task_queues:95:5)
            at 
C:\Users\eneal\Desktop\restaurant2\backend\src\routes\orders.ts:175:25 {
          length: 264,
          severity: 'ERROR',
          code: '23503',
          detail: 'Key (table_number)=(247) is not present in table "tables".',
          hint: undefined,
          position: undefined,
          internalPosition: undefined,
          internalQuery: undefined,
          where: undefined,
          schema: 'public',
          table: 'orders',
          column: undefined,
          dataType: undefined,
          constraint: 'orders_table_number_fkey',
          file: 'ri_triggers.c',
          line: '2772',
          routine: 'ri_ReportViolation'
        }
      }

    [0m [90m  5 |[39m [90m// Temporary console logger until winston is 
installed[39m
     [90m  6 |[39m [36mconst[39m logger [33m=[39m {
    [31m[1m>[22m[39m[90m  7 |[39m   error[33m:[39m (message[33m:[39m 
string[33m,[39m meta[33m?[39m[33m:[39m any) [33m=>[39m 
console[33m.[39merror([32m`[ERROR] ${message}`[39m[33m,[39m meta 
[33m||[39m [32m''[39m)[33m,[39m
     [90m    |[39m                                                   
[31m[1m^[22m[39m
     [90m  8 |[39m   warn[33m:[39m (message[33m:[39m string[33m,[39m 
meta[33m?[39m[33m:[39m any) [33m=>[39m 
console[33m.[39mwarn([32m`[WARN] ${message}`[39m[33m,[39m meta 
[33m||[39m [32m''[39m)[33m,[39m
     [90m  9 |[39m   info[33m:[39m (message[33m:[39m string[33m,[39m 
meta[33m?[39m[33m:[39m any) [33m=>[39m 
console[33m.[39mlog([32m`[INFO] ${message}`[39m[33m,[39m meta 
[33m||[39m [32m''[39m)[33m,[39m
     [90m 10 |[39m   http[33m:[39m (message[33m:[39m string[33m,[39m 
meta[33m?[39m[33m:[39m any) [33m=>[39m 
console[33m.[39mlog([32m`[HTTP] ${message}`[39m[33m,[39m meta 
[33m||[39m [32m''[39m)[33m,[39m[0m

      at Object.error (src/utils/logger.ts:7:51)
      at src/routes/orders.ts:230:12

    console.log
      [INFO] Order created: undefined for table undefined

      at Object.info (src/utils/logger.ts:9:50)

    console.log
      [HTTP] POST /api/orders

      at Object.http (src/utils/logger.ts:10:50)

    console.log
      [INFO] ORDER CREATE - Received order request { tableNumber: 247, 
itemsCount: 1 }

      at Object.info (src/utils/logger.ts:9:50)

    console.log
      [INFO] DATABASE - Client removed from pool

      at Object.info (src/utils/logger.ts:9:50)

    console.log
      [INFO] DATABASE - New client connected to pool

      at Object.info (src/utils/logger.ts:9:50)

    console.log
      [DEBUG] DATABASE - Client acquired from pool

      at Object.debug (src/utils/logger.ts:11:51)

    console.log
      [INFO] ORDER CREATE - Creating order { sessionId: null, tableNumber: 
247, totalPrice: 12.99, itemsCount: 1 }

      at Object.info (src/utils/logger.ts:9:50)

    console.log
      [DEBUG] DATABASE - Client acquired from pool

      at Object.debug (src/utils/logger.ts:11:51)

    console.error
      [ERROR] ORDER CREATE - Error creating order {
        error: error: insert or update on table "orders" violates foreign key 
constraint "orders_table_number_fkey"
            at 
C:\Users\eneal\Desktop\restaurant2\backend\node_modules\pg-pool\index.js:45:11
            at processTicksAndRejections 
(node:internal/process/task_queues:95:5)
            at 
C:\Users\eneal\Desktop\restaurant2\backend\src\routes\orders.ts:175:25 {
          length: 264,
          severity: 'ERROR',
          code: '23503',
          detail: 'Key (table_number)=(247) is not present in table "tables".',
          hint: undefined,
          position: undefined,
          internalPosition: undefined,
          internalQuery: undefined,
          where: undefined,
          schema: 'public',
          table: 'orders',
          column: undefined,
          dataType: undefined,
          constraint: 'orders_table_number_fkey',
          file: 'ri_triggers.c',
          line: '2772',
          routine: 'ri_ReportViolation'
        }
      }

    [0m [90m  5 |[39m [90m// Temporary console logger until winston is 
installed[39m
     [90m  6 |[39m [36mconst[39m logger [33m=[39m {
    [31m[1m>[22m[39m[90m  7 |[39m   error[33m:[39m (message[33m:[39m 
string[33m,[39m meta[33m?[39m[33m:[39m any) [33m=>[39m 
console[33m.[39merror([32m`[ERROR] ${message}`[39m[33m,[39m meta 
[33m||[39m [32m''[39m)[33m,[39m
     [90m    |[39m                                                   
[31m[1m^[22m[39m
     [90m  8 |[39m   warn[33m:[39m (message[33m:[39m string[33m,[39m 
meta[33m?[39m[33m:[39m any) [33m=>[39m 
console[33m.[39mwarn([32m`[WARN] ${message}`[39m[33m,[39m meta 
[33m||[39m [32m''[39m)[33m,[39m
     [90m  9 |[39m   info[33m:[39m (message[33m:[39m string[33m,[39m 
meta[33m?[39m[33m:[39m any) [33m=>[39m 
console[33m.[39mlog([32m`[INFO] ${message}`[39m[33m,[39m meta 
[33m||[39m [32m''[39m)[33m,[39m
     [90m 10 |[39m   http[33m:[39m (message[33m:[39m string[33m,[39m 
meta[33m?[39m[33m:[39m any) [33m=>[39m 
console[33m.[39mlog([32m`[HTTP] ${message}`[39m[33m,[39m meta 
[33m||[39m [32m''[39m)[33m,[39m[0m

      at Object.error (src/utils/logger.ts:7:51)
      at src/routes/orders.ts:230:12

    console.log
      [INFO] Order created: undefined for table undefined

      at Object.info (src/utils/logger.ts:9:50)

    console.log
      [HTTP] POST /api/tables/247/mark-paid

      at Object.http (src/utils/logger.ts:10:50)

    console.log
      [INFO] DATABASE - Client removed from pool

      at Object.info (src/utils/logger.ts:9:50)

    console.log
      [INFO] DATABASE - New client connected to pool

      at Object.info (src/utils/logger.ts:9:50)

    console.log
      [DEBUG] DATABASE - Client acquired from pool

      at Object.debug (src/utils/logger.ts:11:51)

    console.log
      [DEBUG] DATABASE - Client acquired from pool

      at Object.debug (src/utils/logger.ts:11:51)

    console.log
      [DEBUG] DATABASE - Client acquired from pool

      at Object.debug (src/utils/logger.ts:11:51)

    console.log
      [DEBUG] DATABASE - Client acquired from pool

      at Object.debug (src/utils/logger.ts:11:51)

    console.log
      [DEBUG] DATABASE - Client acquired from pool

      at Object.debug (src/utils/logger.ts:11:51)

    console.log
      [HTTP] POST /api/sessions

      at Object.http (src/utils/logger.ts:10:50)

    console.log
      [DEBUG] DATABASE - Client acquired from pool

      at Object.debug (src/utils/logger.ts:11:51)

    console.error
      [ERROR] SESSIONS - Error creating session {
        error: error: insert or update on table "sessions" violates foreign 
key constraint "sessions_table_number_fkey"
            at 
C:\Users\eneal\Desktop\restaurant2\backend\node_modules\pg-pool\index.js:45:11
            at processTicksAndRejections 
(node:internal/process/task_queues:95:5)
            at 
C:\Users\eneal\Desktop\restaurant2\backend\src\routes\sessions.ts:20:5 {
          length: 272,
          severity: 'ERROR',
          code: '23503',
          detail: 'Key (table_number)=(802) is not present in table "tables".',
          hint: undefined,
          position: undefined,
          internalPosition: undefined,
          internalQuery: undefined,
          where: undefined,
          schema: 'public',
          table: 'sessions',
          column: undefined,
          dataType: undefined,
          constraint: 'sessions_table_number_fkey',
          file: 'ri_triggers.c',
          line: '2772',
          routine: 'ri_ReportViolation'
        },
        tableNumber: 802
      }

    [0m [90m  5 |[39m [90m// Temporary console logger until winston is 
installed[39m
     [90m  6 |[39m [36mconst[39m logger [33m=[39m {
    [31m[1m>[22m[39m[90m  7 |[39m   error[33m:[39m (message[33m:[39m 
string[33m,[39m meta[33m?[39m[33m:[39m any) [33m=>[39m 
console[33m.[39merror([32m`[ERROR] ${message}`[39m[33m,[39m meta 
[33m||[39m [32m''[39m)[33m,[39m
     [90m    |[39m                                                   
[31m[1m^[22m[39m
     [90m  8 |[39m   warn[33m:[39m (message[33m:[39m string[33m,[39m 
meta[33m?[39m[33m:[39m any) [33m=>[39m 
console[33m.[39mwarn([32m`[WARN] ${message}`[39m[33m,[39m meta 
[33m||[39m [32m''[39m)[33m,[39m
     [90m  9 |[39m   info[33m:[39m (message[33m:[39m string[33m,[39m 
meta[33m?[39m[33m:[39m any) [33m=>[39m 
console[33m.[39mlog([32m`[INFO] ${message}`[39m[33m,[39m meta 
[33m||[39m [32m''[39m)[33m,[39m
     [90m 10 |[39m   http[33m:[39m (message[33m:[39m string[33m,[39m 
meta[33m?[39m[33m:[39m any) [33m=>[39m 
console[33m.[39mlog([32m`[HTTP] ${message}`[39m[33m,[39m meta 
[33m||[39m [32m''[39m)[33m,[39m[0m

      at Object.error (src/utils/logger.ts:7:51)
      at src/routes/sessions.ts:32:12

    console.log
      [HTTP] POST /api/orders

      at Object.http (src/utils/logger.ts:10:50)

    console.log
      [INFO] ORDER CREATE - Received order request { tableNumber: 802, 
itemsCount: 1 }

      at Object.info (src/utils/logger.ts:9:50)

    console.log
      [INFO] DATABASE - Client removed from pool

      at Object.info (src/utils/logger.ts:9:50)

    console.log
      [INFO] DATABASE - New client connected to pool

      at Object.info (src/utils/logger.ts:9:50)

    console.log
      [DEBUG] DATABASE - Client acquired from pool

      at Object.debug (src/utils/logger.ts:11:51)

    console.log
      [INFO] ORDER CREATE - Creating order { sessionId: null, tableNumber: 
802, totalPrice: 17.98, itemsCount: 1 }

      at Object.info (src/utils/logger.ts:9:50)

    console.log
      [DEBUG] DATABASE - Client acquired from pool

      at Object.debug (src/utils/logger.ts:11:51)

    console.error
      [ERROR] ORDER CREATE - Error creating order {
        error: error: insert or update on table "orders" violates foreign key 
constraint "orders_table_number_fkey"
            at 
C:\Users\eneal\Desktop\restaurant2\backend\node_modules\pg-pool\index.js:45:11
            at processTicksAndRejections 
(node:internal/process/task_queues:95:5)
            at 
C:\Users\eneal\Desktop\restaurant2\backend\src\routes\orders.ts:175:25 {
          length: 264,
          severity: 'ERROR',
          code: '23503',
          detail: 'Key (table_number)=(802) is not present in table "tables".',
          hint: undefined,
          position: undefined,
          internalPosition: undefined,
          internalQuery: undefined,
          where: undefined,
          schema: 'public',
          table: 'orders',
          column: undefined,
          dataType: undefined,
          constraint: 'orders_table_number_fkey',
          file: 'ri_triggers.c',
          line: '2772',
          routine: 'ri_ReportViolation'
        }
      }

    [0m [90m  5 |[39m [90m// Temporary console logger until winston is 
installed[39m
     [90m  6 |[39m [36mconst[39m logger [33m=[39m {
    [31m[1m>[22m[39m[90m  7 |[39m   error[33m:[39m (message[33m:[39m 
string[33m,[39m meta[33m?[39m[33m:[39m any) [33m=>[39m 
console[33m.[39merror([32m`[ERROR] ${message}`[39m[33m,[39m meta 
[33m||[39m [32m''[39m)[33m,[39m
     [90m    |[39m                                                   
[31m[1m^[22m[39m
     [90m  8 |[39m   warn[33m:[39m (message[33m:[39m string[33m,[39m 
meta[33m?[39m[33m:[39m any) [33m=>[39m 
console[33m.[39mwarn([32m`[WARN] ${message}`[39m[33m,[39m meta 
[33m||[39m [32m''[39m)[33m,[39m
     [90m  9 |[39m   info[33m:[39m (message[33m:[39m string[33m,[39m 
meta[33m?[39m[33m:[39m any) [33m=>[39m 
console[33m.[39mlog([32m`[INFO] ${message}`[39m[33m,[39m meta 
[33m||[39m [32m''[39m)[33m,[39m
     [90m 10 |[39m   http[33m:[39m (message[33m:[39m string[33m,[39m 
meta[33m?[39m[33m:[39m any) [33m=>[39m 
console[33m.[39mlog([32m`[HTTP] ${message}`[39m[33m,[39m meta 
[33m||[39m [32m''[39m)[33m,[39m[0m

      at Object.error (src/utils/logger.ts:7:51)
      at src/routes/orders.ts:230:12

    console.log
      [INFO] Order created: undefined for table undefined

      at Object.info (src/utils/logger.ts:9:50)

    console.log
      [HTTP] POST /api/orders

      at Object.http (src/utils/logger.ts:10:50)

    console.log
      [INFO] ORDER CREATE - Received order request { tableNumber: 802, 
itemsCount: 1 }

      at Object.info (src/utils/logger.ts:9:50)

    console.log
      [INFO] DATABASE - Client removed from pool

      at Object.info (src/utils/logger.ts:9:50)

    console.log
      [INFO] DATABASE - New client connected to pool

      at Object.info (src/utils/logger.ts:9:50)

    console.log
      [DEBUG] DATABASE - Client acquired from pool

      at Object.debug (src/utils/logger.ts:11:51)

    console.log
      [INFO] ORDER CREATE - Creating order { sessionId: null, tableNumber: 
802, totalPrice: 12.99, itemsCount: 1 }

      at Object.info (src/utils/logger.ts:9:50)

    console.log
      [DEBUG] DATABASE - Client acquired from pool

      at Object.debug (src/utils/logger.ts:11:51)

    console.error
      [ERROR] ORDER CREATE - Error creating order {
        error: error: insert or update on table "orders" violates foreign key 
constraint "orders_table_number_fkey"
            at 
C:\Users\eneal\Desktop\restaurant2\backend\node_modules\pg-pool\index.js:45:11
            at processTicksAndRejections 
(node:internal/process/task_queues:95:5)
            at 
C:\Users\eneal\Desktop\restaurant2\backend\src\routes\orders.ts:175:25 {
          length: 264,
          severity: 'ERROR',
          code: '23503',
          detail: 'Key (table_number)=(802) is not present in table "tables".',
          hint: undefined,
          position: undefined,
          internalPosition: undefined,
          internalQuery: undefined,
          where: undefined,
          schema: 'public',
          table: 'orders',
          column: undefined,
          dataType: undefined,
          constraint: 'orders_table_number_fkey',
          file: 'ri_triggers.c',
          line: '2772',
          routine: 'ri_ReportViolation'
        }
      }

    [0m [90m  5 |[39m [90m// Temporary console logger until winston is 
installed[39m
     [90m  6 |[39m [36mconst[39m logger [33m=[39m {
    [31m[1m>[22m[39m[90m  7 |[39m   error[33m:[39m (message[33m:[39m 
string[33m,[39m meta[33m?[39m[33m:[39m any) [33m=>[39m 
console[33m.[39merror([32m`[ERROR] ${message}`[39m[33m,[39m meta 
[33m||[39m [32m''[39m)[33m,[39m
     [90m    |[39m                                                   
[31m[1m^[22m[39m
     [90m  8 |[39m   warn[33m:[39m (message[33m:[39m string[33m,[39m 
meta[33m?[39m[33m:[39m any) [33m=>[39m 
console[33m.[39mwarn([32m`[WARN] ${message}`[39m[33m,[39m meta 
[33m||[39m [32m''[39m)[33m,[39m
     [90m  9 |[39m   info[33m:[39m (message[33m:[39m string[33m,[39m 
meta[33m?[39m[33m:[39m any) [33m=>[39m 
console[33m.[39mlog([32m`[INFO] ${message}`[39m[33m,[39m meta 
[33m||[39m [32m''[39m)[33m,[39m
     [90m 10 |[39m   http[33m:[39m (message[33m:[39m string[33m,[39m 
meta[33m?[39m[33m:[39m any) [33m=>[39m 
console[33m.[39mlog([32m`[HTTP] ${message}`[39m[33m,[39m meta 
[33m||[39m [32m''[39m)[33m,[39m[0m

      at Object.error (src/utils/logger.ts:7:51)
      at src/routes/orders.ts:230:12

    console.log
      [INFO] Order created: undefined for table undefined

      at Object.info (src/utils/logger.ts:9:50)

    console.log
      [HTTP] POST /api/tables/802/mark-paid

      at Object.http (src/utils/logger.ts:10:50)

    console.log
      [INFO] DATABASE - Client removed from pool

      at Object.info (src/utils/logger.ts:9:50)

    console.log
      [INFO] DATABASE - New client connected to pool

      at Object.info (src/utils/logger.ts:9:50)

    console.log
      [DEBUG] DATABASE - Client acquired from pool

      at Object.debug (src/utils/logger.ts:11:51)

    console.log
      [HTTP] GET /api/tables/802/unpaid-total

      at Object.http (src/utils/logger.ts:10:50)

    console.log
      [DEBUG] DATABASE - Client acquired from pool

      at Object.debug (src/utils/logger.ts:11:51)

    console.log
      [DEBUG] DATABASE - Client acquired from pool

      at Object.debug (src/utils/logger.ts:11:51)

    console.log
      [DEBUG] DATABASE - Client acquired from pool

      at Object.debug (src/utils/logger.ts:11:51)

    console.log
      [DEBUG] DATABASE - Client acquired from pool

      at Object.debug (src/utils/logger.ts:11:51)

    console.log
      [DEBUG] DATABASE - Client acquired from pool

      at Object.debug (src/utils/logger.ts:11:51)

    console.log
      [HTTP] POST /api/sessions

      at Object.http (src/utils/logger.ts:10:50)

    console.log
      [DEBUG] DATABASE - Client acquired from pool

      at Object.debug (src/utils/logger.ts:11:51)

    console.error
      [ERROR] SESSIONS - Error creating session {
        error: error: insert or update on table "sessions" violates foreign 
key constraint "sessions_table_number_fkey"
            at 
C:\Users\eneal\Desktop\restaurant2\backend\node_modules\pg-pool\index.js:45:11
            at processTicksAndRejections 
(node:internal/process/task_queues:95:5)
            at 
C:\Users\eneal\Desktop\restaurant2\backend\src\routes\sessions.ts:20:5 {
          length: 273,
          severity: 'ERROR',
          code: '23503',
          detail: 'Key (table_number)=(1057) is not present in table 
"tables".',
          hint: undefined,
          position: undefined,
          internalPosition: undefined,
          internalQuery: undefined,
          where: undefined,
          schema: 'public',
          table: 'sessions',
          column: undefined,
          dataType: undefined,
          constraint: 'sessions_table_number_fkey',
          file: 'ri_triggers.c',
          line: '2772',
          routine: 'ri_ReportViolation'
        },
        tableNumber: 1057
      }

    [0m [90m  5 |[39m [90m// Temporary console logger until winston is 
installed[39m
     [90m  6 |[39m [36mconst[39m logger [33m=[39m {
    [31m[1m>[22m[39m[90m  7 |[39m   error[33m:[39m (message[33m:[39m 
string[33m,[39m meta[33m?[39m[33m:[39m any) [33m=>[39m 
console[33m.[39merror([32m`[ERROR] ${message}`[39m[33m,[39m meta 
[33m||[39m [32m''[39m)[33m,[39m
     [90m    |[39m                                                   
[31m[1m^[22m[39m
     [90m  8 |[39m   warn[33m:[39m (message[33m:[39m string[33m,[39m 
meta[33m?[39m[33m:[39m any) [33m=>[39m 
console[33m.[39mwarn([32m`[WARN] ${message}`[39m[33m,[39m meta 
[33m||[39m [32m''[39m)[33m,[39m
     [90m  9 |[39m   info[33m:[39m (message[33m:[39m string[33m,[39m 
meta[33m?[39m[33m:[39m any) [33m=>[39m 
console[33m.[39mlog([32m`[INFO] ${message}`[39m[33m,[39m meta 
[33m||[39m [32m''[39m)[33m,[39m
     [90m 10 |[39m   http[33m:[39m (message[33m:[39m string[33m,[39m 
meta[33m?[39m[33m:[39m any) [33m=>[39m 
console[33m.[39mlog([32m`[HTTP] ${message}`[39m[33m,[39m meta 
[33m||[39m [32m''[39m)[33m,[39m[0m

      at Object.error (src/utils/logger.ts:7:51)
      at src/routes/sessions.ts:32:12

    console.log
      [HTTP] POST /api/orders

      at Object.http (src/utils/logger.ts:10:50)

    console.log
      [INFO] ORDER CREATE - Received order request { tableNumber: 1057, 
itemsCount: 1 }

      at Object.info (src/utils/logger.ts:9:50)

    console.log
      [INFO] DATABASE - Client removed from pool

      at Object.info (src/utils/logger.ts:9:50)

    console.log
      [INFO] DATABASE - New client connected to pool

      at Object.info (src/utils/logger.ts:9:50)

    console.log
      [DEBUG] DATABASE - Client acquired from pool

      at Object.debug (src/utils/logger.ts:11:51)

    console.log
      [INFO] ORDER CREATE - Creating order {
        sessionId: null,
        tableNumber: 1057,
        totalPrice: 17.98,
        itemsCount: 1
      }

      at Object.info (src/utils/logger.ts:9:50)

    console.log
      [DEBUG] DATABASE - Client acquired from pool

      at Object.debug (src/utils/logger.ts:11:51)

    console.error
      [ERROR] ORDER CREATE - Error creating order {
        error: error: insert or update on table "orders" violates foreign key 
constraint "orders_table_number_fkey"
            at 
C:\Users\eneal\Desktop\restaurant2\backend\node_modules\pg-pool\index.js:45:11
            at processTicksAndRejections 
(node:internal/process/task_queues:95:5)
            at 
C:\Users\eneal\Desktop\restaurant2\backend\src\routes\orders.ts:175:25 {
          length: 265,
          severity: 'ERROR',
          code: '23503',
          detail: 'Key (table_number)=(1057) is not present in table 
"tables".',
          hint: undefined,
          position: undefined,
          internalPosition: undefined,
          internalQuery: undefined,
          where: undefined,
          schema: 'public',
          table: 'orders',
          column: undefined,
          dataType: undefined,
          constraint: 'orders_table_number_fkey',
          file: 'ri_triggers.c',
          line: '2772',
          routine: 'ri_ReportViolation'
        }
      }

    [0m [90m  5 |[39m [90m// Temporary console logger until winston is 
installed[39m
     [90m  6 |[39m [36mconst[39m logger [33m=[39m {
    [31m[1m>[22m[39m[90m  7 |[39m   error[33m:[39m (message[33m:[39m 
string[33m,[39m meta[33m?[39m[33m:[39m any) [33m=>[39m 
console[33m.[39merror([32m`[ERROR] ${message}`[39m[33m,[39m meta 
[33m||[39m [32m''[39m)[33m,[39m
     [90m    |[39m                                                   
[31m[1m^[22m[39m
     [90m  8 |[39m   warn[33m:[39m (message[33m:[39m string[33m,[39m 
meta[33m?[39m[33m:[39m any) [33m=>[39m 
console[33m.[39mwarn([32m`[WARN] ${message}`[39m[33m,[39m meta 
[33m||[39m [32m''[39m)[33m,[39m
     [90m  9 |[39m   info[33m:[39m (message[33m:[39m string[33m,[39m 
meta[33m?[39m[33m:[39m any) [33m=>[39m 
console[33m.[39mlog([32m`[INFO] ${message}`[39m[33m,[39m meta 
[33m||[39m [32m''[39m)[33m,[39m
     [90m 10 |[39m   http[33m:[39m (message[33m:[39m string[33m,[39m 
meta[33m?[39m[33m:[39m any) [33m=>[39m 
console[33m.[39mlog([32m`[HTTP] ${message}`[39m[33m,[39m meta 
[33m||[39m [32m''[39m)[33m,[39m[0m

      at Object.error (src/utils/logger.ts:7:51)
      at src/routes/orders.ts:230:12

    console.log
      [INFO] Order created: undefined for table undefined

      at Object.info (src/utils/logger.ts:9:50)

    console.log
      [HTTP] POST /api/orders

      at Object.http (src/utils/logger.ts:10:50)

    console.log
      [INFO] ORDER CREATE - Received order request { tableNumber: 1057, 
itemsCount: 1 }

      at Object.info (src/utils/logger.ts:9:50)

    console.log
      [INFO] DATABASE - Client removed from pool

      at Object.info (src/utils/logger.ts:9:50)

    console.log
      [INFO] DATABASE - New client connected to pool

      at Object.info (src/utils/logger.ts:9:50)

    console.log
      [DEBUG] DATABASE - Client acquired from pool

      at Object.debug (src/utils/logger.ts:11:51)

    console.log
      [INFO] ORDER CREATE - Creating order {
        sessionId: null,
        tableNumber: 1057,
        totalPrice: 12.99,
        itemsCount: 1
      }

      at Object.info (src/utils/logger.ts:9:50)

    console.log
      [DEBUG] DATABASE - Client acquired from pool

      at Object.debug (src/utils/logger.ts:11:51)

    console.error
      [ERROR] ORDER CREATE - Error creating order {
        error: error: insert or update on table "orders" violates foreign key 
constraint "orders_table_number_fkey"
            at 
C:\Users\eneal\Desktop\restaurant2\backend\node_modules\pg-pool\index.js:45:11
            at processTicksAndRejections 
(node:internal/process/task_queues:95:5)
            at 
C:\Users\eneal\Desktop\restaurant2\backend\src\routes\orders.ts:175:25 {
          length: 265,
          severity: 'ERROR',
          code: '23503',
          detail: 'Key (table_number)=(1057) is not present in table 
"tables".',
          hint: undefined,
          position: undefined,
          internalPosition: undefined,
          internalQuery: undefined,
          where: undefined,
          schema: 'public',
          table: 'orders',
          column: undefined,
          dataType: undefined,
          constraint: 'orders_table_number_fkey',
          file: 'ri_triggers.c',
          line: '2772',
          routine: 'ri_ReportViolation'
        }
      }

    [0m [90m  5 |[39m [90m// Temporary console logger until winston is 
installed[39m
     [90m  6 |[39m [36mconst[39m logger [33m=[39m {
    [31m[1m>[22m[39m[90m  7 |[39m   error[33m:[39m (message[33m:[39m 
string[33m,[39m meta[33m?[39m[33m:[39m any) [33m=>[39m 
console[33m.[39merror([32m`[ERROR] ${message}`[39m[33m,[39m meta 
[33m||[39m [32m''[39m)[33m,[39m
     [90m    |[39m                                                   
[31m[1m^[22m[39m
     [90m  8 |[39m   warn[33m:[39m (message[33m:[39m string[33m,[39m 
meta[33m?[39m[33m:[39m any) [33m=>[39m 
console[33m.[39mwarn([32m`[WARN] ${message}`[39m[33m,[39m meta 
[33m||[39m [32m''[39m)[33m,[39m
     [90m  9 |[39m   info[33m:[39m (message[33m:[39m string[33m,[39m 
meta[33m?[39m[33m:[39m any) [33m=>[39m 
console[33m.[39mlog([32m`[INFO] ${message}`[39m[33m,[39m meta 
[33m||[39m [32m''[39m)[33m,[39m
     [90m 10 |[39m   http[33m:[39m (message[33m:[39m string[33m,[39m 
meta[33m?[39m[33m:[39m any) [33m=>[39m 
console[33m.[39mlog([32m`[HTTP] ${message}`[39m[33m,[39m meta 
[33m||[39m [32m''[39m)[33m,[39m[0m

      at Object.error (src/utils/logger.ts:7:51)
      at src/routes/orders.ts:230:12

    console.log
      [INFO] Order created: undefined for table undefined

      at Object.info (src/utils/logger.ts:9:50)

    console.log
      [HTTP] POST /api/tables/1057/mark-paid

      at Object.http (src/utils/logger.ts:10:50)

    console.log
      [INFO] DATABASE - Client removed from pool

      at Object.info (src/utils/logger.ts:9:50)

    console.log
      [INFO] DATABASE - New client connected to pool

      at Object.info (src/utils/logger.ts:9:50)

    console.log
      [DEBUG] DATABASE - Client acquired from pool

      at Object.debug (src/utils/logger.ts:11:51)

    console.log
      [HTTP] POST /api/tables/1057/mark-paid

      at Object.http (src/utils/logger.ts:10:50)

    console.log
      [DEBUG] DATABASE - Client acquired from pool

      at Object.debug (src/utils/logger.ts:11:51)

    console.log
      [DEBUG] DATABASE - Client acquired from pool

      at Object.debug (src/utils/logger.ts:11:51)

    console.log
      [DEBUG] DATABASE - Client acquired from pool

      at Object.debug (src/utils/logger.ts:11:51)

    console.log
      [DEBUG] DATABASE - Client acquired from pool

      at Object.debug (src/utils/logger.ts:11:51)

    console.log
      [DEBUG] DATABASE - Client acquired from pool

      at Object.debug (src/utils/logger.ts:11:51)

    console.log
      [HTTP] GET /api/sessions/b650d58d-3b46-4508-93ad-f3146f78dff4/orders

      at Object.http (src/utils/logger.ts:10:50)

    console.log
      [DEBUG] DATABASE - Client acquired from pool

      at Object.debug (src/utils/logger.ts:11:51)

    console.log
      [DEBUG] DATABASE - Client acquired from pool

      at Object.debug (src/utils/logger.ts:11:51)

    console.log
      [DEBUG] DATABASE - Client acquired from pool

      at Object.debug (src/utils/logger.ts:11:51)

    console.log
      [DEBUG] DATABASE - Client acquired from pool

      at Object.debug (src/utils/logger.ts:11:51)

    console.log
      [DEBUG] DATABASE - Client acquired from pool

      at Object.debug (src/utils/logger.ts:11:51)

    console.log
      [HTTP] GET /api/sessions/b650d58d-3b46-4508-93ad-f3146f78dff4/orders

      at Object.http (src/utils/logger.ts:10:50)

    console.log
      [DEBUG] DATABASE - Client acquired from pool

      at Object.debug (src/utils/logger.ts:11:51)

    console.log
      [DEBUG] DATABASE - Client acquired from pool

      at Object.debug (src/utils/logger.ts:11:51)

    console.log
      [DEBUG] DATABASE - Client acquired from pool

      at Object.debug (src/utils/logger.ts:11:51)

    console.log
      [DEBUG] DATABASE - Client acquired from pool

      at Object.debug (src/utils/logger.ts:11:51)

    console.log
      [DEBUG] DATABASE - Client acquired from pool

      at Object.debug (src/utils/logger.ts:11:51)

    console.log
      [HTTP] POST /api/orders

      at Object.http (src/utils/logger.ts:10:50)

    console.log
      [INFO] ORDER CREATE - Received order request { tableNumber: 7, 
itemsCount: 1 }

      at Object.info (src/utils/logger.ts:9:50)

    console.log
      [DEBUG] DATABASE - Client acquired from pool

      at Object.debug (src/utils/logger.ts:11:51)

    console.log
      [INFO] Order created: undefined for table undefined

      at Object.info (src/utils/logger.ts:9:50)

    console.log
      [DEBUG] DATABASE - Client acquired from pool

      at Object.debug (src/utils/logger.ts:11:51)

    console.log
      [DEBUG] DATABASE - Client acquired from pool

      at Object.debug (src/utils/logger.ts:11:51)

    console.log
      [DEBUG] DATABASE - Client acquired from pool

      at Object.debug (src/utils/logger.ts:11:51)

    console.log
      [DEBUG] DATABASE - Client acquired from pool

      at Object.debug (src/utils/logger.ts:11:51)

    console.log
      [HTTP] POST /api/orders

      at Object.http (src/utils/logger.ts:10:50)

    console.log
      [INFO] ORDER CREATE - Received order request { tableNumber: 7, 
itemsCount: 1 }

      at Object.info (src/utils/logger.ts:9:50)

    console.log
      [DEBUG] DATABASE - Client acquired from pool

      at Object.debug (src/utils/logger.ts:11:51)

    console.log
      [INFO] ORDER CREATE - Creating order {
        sessionId: 'b650d58d-3b46-4508-93ad-f3146f78dff4',
        tableNumber: 7,
        totalPrice: -8.99,
        itemsCount: 1
      }

      at Object.info (src/utils/logger.ts:9:50)

    console.log
      [DEBUG] DATABASE - Client acquired from pool

      at Object.debug (src/utils/logger.ts:11:51)

    console.log
      [DEBUG] DATABASE - Client acquired from pool

      at Object.debug (src/utils/logger.ts:11:51)

    console.log
      [INFO] ORDER CREATE - Order inserted { orderId: 259, orderNumber: 9, 
tableNumber: 7 }

      at Object.info (src/utils/logger.ts:9:50)

    console.log
      [DEBUG] DATABASE - Client acquired from pool

      at Object.debug (src/utils/logger.ts:11:51)

    console.log
      [DEBUG] DATABASE - Client acquired from pool

      at Object.debug (src/utils/logger.ts:11:51)

    console.log
      [INFO] ORDER CREATE - Order created successfully { orderId: 259, 
tableNumber: 7, status: 'Pending', orderNumber: 9 }

      at Object.info (src/utils/logger.ts:9:50)

    console.log
      [INFO] Order created: 259 for table 7

      at Object.info (src/utils/logger.ts:9:50)

    console.log
      [DEBUG] DATABASE - Client acquired from pool

      at Object.debug (src/utils/logger.ts:11:51)

    console.log
      [DEBUG] DATABASE - Client acquired from pool

      at Object.debug (src/utils/logger.ts:11:51)

    console.log
      [DEBUG] DATABASE - Client acquired from pool

      at Object.debug (src/utils/logger.ts:11:51)

    console.log
      [DEBUG] DATABASE - Client acquired from pool

      at Object.debug (src/utils/logger.ts:11:51)

    console.log
      [HTTP] POST /api/orders

      at Object.http (src/utils/logger.ts:10:50)

    console.log
      [INFO] ORDER CREATE - Received order request { tableNumber: 7, 
itemsCount: 1 }

      at Object.info (src/utils/logger.ts:9:50)

    console.log
      [DEBUG] DATABASE - Client acquired from pool

      at Object.debug (src/utils/logger.ts:11:51)

    console.log
      [INFO] ORDER CREATE - Creating order {
        sessionId: 'b650d58d-3b46-4508-93ad-f3146f78dff4',
        tableNumber: 7,
        totalPrice: 0,
        itemsCount: 1
      }

      at Object.info (src/utils/logger.ts:9:50)

    console.log
      [DEBUG] DATABASE - Client acquired from pool

      at Object.debug (src/utils/logger.ts:11:51)

    console.log
      [DEBUG] DATABASE - Client acquired from pool

      at Object.debug (src/utils/logger.ts:11:51)

    console.log
      [INFO] ORDER CREATE - Order inserted { orderId: 260, orderNumber: 10, 
tableNumber: 7 }

      at Object.info (src/utils/logger.ts:9:50)

    console.log
      [DEBUG] DATABASE - Client acquired from pool

      at Object.debug (src/utils/logger.ts:11:51)

    console.log
      [DEBUG] DATABASE - Client acquired from pool

      at Object.debug (src/utils/logger.ts:11:51)

    console.log
      [INFO] ORDER CREATE - Order created successfully { orderId: 260, 
tableNumber: 7, status: 'Pending', orderNumber: 10 }

      at Object.info (src/utils/logger.ts:9:50)

    console.log
      [INFO] Order created: 260 for table 7

      at Object.info (src/utils/logger.ts:9:50)

    console.log
      [DEBUG] DATABASE - Client acquired from pool

      at Object.debug (src/utils/logger.ts:11:51)

    console.log
      [DEBUG] DATABASE - Client acquired from pool

      at Object.debug (src/utils/logger.ts:11:51)

    console.log
      [DEBUG] DATABASE - Client acquired from pool

      at Object.debug (src/utils/logger.ts:11:51)

    console.log
      [DEBUG] DATABASE - Client acquired from pool

      at Object.debug (src/utils/logger.ts:11:51)

    console.log
      [HTTP] POST /api/orders

      at Object.http (src/utils/logger.ts:10:50)

    console.log
      [INFO] ORDER CREATE - Received order request { tableNumber: undefined, 
itemsCount: 1 }

      at Object.info (src/utils/logger.ts:9:50)

    console.warn
      [WARN] ORDER CREATE - Invalid order data, missing required fields

    [0m [90m  6 |[39m [36mconst[39m logger [33m=[39m {
     [90m  7 |[39m   error[33m:[39m (message[33m:[39m string[33m,[39m 
meta[33m?[39m[33m:[39m any) [33m=>[39m 
console[33m.[39merror([32m`[ERROR] ${message}`[39m[33m,[39m meta 
[33m||[39m [32m''[39m)[33m,[39m
    [31m[1m>[22m[39m[90m  8 |[39m   warn[33m:[39m (message[33m:[39m 
string[33m,[39m meta[33m?[39m[33m:[39m any) [33m=>[39m 
console[33m.[39mwarn([32m`[WARN] ${message}`[39m[33m,[39m meta 
[33m||[39m [32m''[39m)[33m,[39m
     [90m    |[39m                                                  
[31m[1m^[22m[39m
     [90m  9 |[39m   info[33m:[39m (message[33m:[39m string[33m,[39m 
meta[33m?[39m[33m:[39m any) [33m=>[39m 
console[33m.[39mlog([32m`[INFO] ${message}`[39m[33m,[39m meta 
[33m||[39m [32m''[39m)[33m,[39m
     [90m 10 |[39m   http[33m:[39m (message[33m:[39m string[33m,[39m 
meta[33m?[39m[33m:[39m any) [33m=>[39m 
console[33m.[39mlog([32m`[HTTP] ${message}`[39m[33m,[39m meta 
[33m||[39m [32m''[39m)[33m,[39m
     [90m 11 |[39m   debug[33m:[39m (message[33m:[39m string[33m,[39m 
meta[33m?[39m[33m:[39m any) [33m=>[39m 
console[33m.[39mlog([32m`[DEBUG] ${message}`[39m[33m,[39m meta 
[33m||[39m [32m''[39m)[33m,[39m[0m

      at Object.warn (src/utils/logger.ts:8:50)
      at src/routes/orders.ts:136:14
      at Layer.handle [as handle_request] 
(node_modules/express/lib/router/layer.js:95:5)
      at next (node_modules/express/lib/router/route.js:149:13)
      at Route.dispatch (node_modules/express/lib/router/route.js:119:3)
      at Layer.handle [as handle_request] 
(node_modules/express/lib/router/layer.js:95:5)
      at node_modules/express/lib/router/index.js:284:15
      at Function.process_params 
(node_modules/express/lib/router/index.js:346:12)
      at next (node_modules/express/lib/router/index.js:280:10)
      at Function.handle (node_modules/express/lib/router/index.js:175:3)
      at router (node_modules/express/lib/router/index.js:47:12)
      at Layer.handle [as handle_request] 
(node_modules/express/lib/router/layer.js:95:5)
      at trim_prefix (node_modules/express/lib/router/index.js:328:13)
      at node_modules/express/lib/router/index.js:286:9
      at Function.process_params 
(node_modules/express/lib/router/index.js:346:12)
      at next (node_modules/express/lib/router/index.js:280:10)
      at src/server.ts:105:3
      at Layer.handle [as handle_request] 
(node_modules/express/lib/router/layer.js:95:5)
      at trim_prefix (node_modules/express/lib/router/index.js:328:13)
      at node_modules/express/lib/router/index.js:286:9
      at Function.process_params 
(node_modules/express/lib/router/index.js:346:12)
      at next (node_modules/express/lib/router/index.js:280:10)
      at src/middleware/rateLimiter.ts:6:86
      at Layer.handle [as handle_request] 
(node_modules/express/lib/router/layer.js:95:5)
      at trim_prefix (node_modules/express/lib/router/index.js:328:13)
      at node_modules/express/lib/router/index.js:286:9
      at Function.process_params 
(node_modules/express/lib/router/index.js:346:12)
      at next (node_modules/express/lib/router/index.js:280:10)
      at src/middleware/rateLimiter.ts:6:86
      at Layer.handle [as handle_request] 
(node_modules/express/lib/router/layer.js:95:5)
      at trim_prefix (node_modules/express/lib/router/index.js:328:13)
      at node_modules/express/lib/router/index.js:286:9
      at Function.process_params 
(node_modules/express/lib/router/index.js:346:12)
      at next (node_modules/express/lib/router/index.js:280:10)
      at src/server.ts:57:3
      at Layer.handle [as handle_request] 
(node_modules/express/lib/router/layer.js:95:5)
      at trim_prefix (node_modules/express/lib/router/index.js:328:13)
      at node_modules/express/lib/router/index.js:286:9
      at Function.process_params 
(node_modules/express/lib/router/index.js:346:12)
      at next (node_modules/express/lib/router/index.js:280:10)
      at urlencodedParser 
(node_modules/body-parser/lib/types/urlencoded.js:82:7)
      at Layer.handle [as handle_request] 
(node_modules/express/lib/router/layer.js:95:5)
      at trim_prefix (node_modules/express/lib/router/index.js:328:13)
      at node_modules/express/lib/router/index.js:286:9
      at Function.process_params 
(node_modules/express/lib/router/index.js:346:12)
      at next (node_modules/express/lib/router/index.js:280:10)
      at node_modules/body-parser/lib/read.js:137:5
      at invokeCallback (node_modules/raw-body/index.js:238:16)
      at done (node_modules/raw-body/index.js:227:7)
      at IncomingMessage.onEnd (node_modules/raw-body/index.js:287:7)

    console.log
      [INFO] Order created: undefined for table undefined

      at Object.info (src/utils/logger.ts:9:50)

    console.log
      [DEBUG] DATABASE - Client acquired from pool

      at Object.debug (src/utils/logger.ts:11:51)

    console.log
      [DEBUG] DATABASE - Client acquired from pool

      at Object.debug (src/utils/logger.ts:11:51)

    console.log
      [DEBUG] DATABASE - Client acquired from pool

      at Object.debug (src/utils/logger.ts:11:51)

    console.log
      [DEBUG] DATABASE - Client acquired from pool

      at Object.debug (src/utils/logger.ts:11:51)

    console.log
      [HTTP] POST /api/orders

      at Object.http (src/utils/logger.ts:10:50)

    console.log
      [INFO] ORDER CREATE - Received order request { tableNumber: 7, 
itemsCount: 2 }

      at Object.info (src/utils/logger.ts:9:50)

    console.log
      [DEBUG] DATABASE - Client acquired from pool

      at Object.debug (src/utils/logger.ts:11:51)

    console.log
      [DEBUG] DATABASE - Client acquired from pool

      at Object.debug (src/utils/logger.ts:11:51)

    console.log
      [INFO] ORDER CREATE - Creating order {
        sessionId: 'b650d58d-3b46-4508-93ad-f3146f78dff4',
        tableNumber: 7,
        totalPrice: 30.97,
        itemsCount: 2
      }

      at Object.info (src/utils/logger.ts:9:50)

    console.log
      [DEBUG] DATABASE - Client acquired from pool

      at Object.debug (src/utils/logger.ts:11:51)

    console.log
      [DEBUG] DATABASE - Client acquired from pool

      at Object.debug (src/utils/logger.ts:11:51)

    console.log
      [INFO] ORDER CREATE - Order inserted { orderId: 261, orderNumber: 11, 
tableNumber: 7 }

      at Object.info (src/utils/logger.ts:9:50)

    console.log
      [DEBUG] DATABASE - Client acquired from pool

      at Object.debug (src/utils/logger.ts:11:51)

    console.log
      [DEBUG] DATABASE - Client acquired from pool

      at Object.debug (src/utils/logger.ts:11:51)

    console.log
      [DEBUG] DATABASE - Client acquired from pool

      at Object.debug (src/utils/logger.ts:11:51)

    console.log
      [INFO] ORDER CREATE - Order created successfully { orderId: 261, 
tableNumber: 7, status: 'Pending', orderNumber: 11 }

      at Object.info (src/utils/logger.ts:9:50)

    console.log
      [INFO] Order created: 261 for table 7

      at Object.info (src/utils/logger.ts:9:50)

    console.log
      [DEBUG] DATABASE - Client acquired from pool

      at Object.debug (src/utils/logger.ts:11:51)

    console.log
      [DEBUG] DATABASE - Client acquired from pool

      at Object.debug (src/utils/logger.ts:11:51)

    console.log
      [DEBUG] DATABASE - Client acquired from pool

      at Object.debug (src/utils/logger.ts:11:51)

    console.log
      [DEBUG] DATABASE - Client acquired from pool

      at Object.debug (src/utils/logger.ts:11:51)

    console.log
      [HTTP] POST /api/orders

      at Object.http (src/utils/logger.ts:10:50)

    console.log
      [INFO] ORDER CREATE - Received order request { tableNumber: 7, 
itemsCount: 10 }

      at Object.info (src/utils/logger.ts:9:50)

    console.log
      [DEBUG] DATABASE - Client acquired from pool

      at Object.debug (src/utils/logger.ts:11:51)

    console.log
      [DEBUG] DATABASE - Client acquired from pool

      at Object.debug (src/utils/logger.ts:11:51)

    console.log
      [DEBUG] DATABASE - Client acquired from pool

      at Object.debug (src/utils/logger.ts:11:51)

    console.log
      [DEBUG] DATABASE - Client acquired from pool

      at Object.debug (src/utils/logger.ts:11:51)

    console.log
      [DEBUG] DATABASE - Client acquired from pool

      at Object.debug (src/utils/logger.ts:11:51)

    console.log
      [DEBUG] DATABASE - Client acquired from pool

      at Object.debug (src/utils/logger.ts:11:51)

    console.log
      [DEBUG] DATABASE - Client acquired from pool

      at Object.debug (src/utils/logger.ts:11:51)

    console.log
      [DEBUG] DATABASE - Client acquired from pool

      at Object.debug (src/utils/logger.ts:11:51)

    console.log
      [DEBUG] DATABASE - Client acquired from pool

      at Object.debug (src/utils/logger.ts:11:51)

    console.log
      [DEBUG] DATABASE - Client acquired from pool

      at Object.debug (src/utils/logger.ts:11:51)

    console.log
      [INFO] ORDER CREATE - Creating order {
        sessionId: 'b650d58d-3b46-4508-93ad-f3146f78dff4',
        tableNumber: 7,
        totalPrice: 657.45,
        itemsCount: 10
      }

      at Object.info (src/utils/logger.ts:9:50)

    console.log
      [DEBUG] DATABASE - Client acquired from pool

      at Object.debug (src/utils/logger.ts:11:51)

    console.log
      [DEBUG] DATABASE - Client acquired from pool

      at Object.debug (src/utils/logger.ts:11:51)

    console.log
      [INFO] ORDER CREATE - Order inserted { orderId: 262, orderNumber: 12, 
tableNumber: 7 }

      at Object.info (src/utils/logger.ts:9:50)

    console.log
      [DEBUG] DATABASE - Client acquired from pool

      at Object.debug (src/utils/logger.ts:11:51)

    console.log
      [DEBUG] DATABASE - Client acquired from pool

      at Object.debug (src/utils/logger.ts:11:51)

    console.log
      [DEBUG] DATABASE - Client acquired from pool

      at Object.debug (src/utils/logger.ts:11:51)

    console.log
      [DEBUG] DATABASE - Client acquired from pool

      at Object.debug (src/utils/logger.ts:11:51)

    console.log
      [DEBUG] DATABASE - Client acquired from pool

      at Object.debug (src/utils/logger.ts:11:51)

    console.log
      [DEBUG] DATABASE - Client acquired from pool

      at Object.debug (src/utils/logger.ts:11:51)

    console.log
      [DEBUG] DATABASE - Client acquired from pool

      at Object.debug (src/utils/logger.ts:11:51)

    console.log
      [DEBUG] DATABASE - Client acquired from pool

      at Object.debug (src/utils/logger.ts:11:51)

    console.log
      [DEBUG] DATABASE - Client acquired from pool

      at Object.debug (src/utils/logger.ts:11:51)

    console.log
      [DEBUG] DATABASE - Client acquired from pool

      at Object.debug (src/utils/logger.ts:11:51)

    console.log
      [DEBUG] DATABASE - Client acquired from pool

      at Object.debug (src/utils/logger.ts:11:51)

    console.log
      [INFO] ORDER CREATE - Order created successfully { orderId: 262, 
tableNumber: 7, status: 'Pending', orderNumber: 12 }

      at Object.info (src/utils/logger.ts:9:50)

    console.log
      [INFO] Order created: 262 for table 7

      at Object.info (src/utils/logger.ts:9:50)

    console.log
      [DEBUG] DATABASE - Client acquired from pool

      at Object.debug (src/utils/logger.ts:11:51)

    console.log
      [DEBUG] DATABASE - Client acquired from pool

      at Object.debug (src/utils/logger.ts:11:51)

    console.log
      [DEBUG] DATABASE - Client acquired from pool

      at Object.debug (src/utils/logger.ts:11:51)

    console.log
      [DEBUG] DATABASE - Client acquired from pool

      at Object.debug (src/utils/logger.ts:11:51)

    console.log
      [HTTP] POST /api/orders

      at Object.http (src/utils/logger.ts:10:50)

    console.log
      [INFO] ORDER CREATE - Received order request { tableNumber: 7, 
itemsCount: 2 }

      at Object.info (src/utils/logger.ts:9:50)

    console.log
      [DEBUG] DATABASE - Client acquired from pool

      at Object.debug (src/utils/logger.ts:11:51)

    console.log
      [DEBUG] DATABASE - Client acquired from pool

      at Object.debug (src/utils/logger.ts:11:51)

    console.log
      [INFO] ORDER CREATE - Creating order {
        sessionId: 'b650d58d-3b46-4508-93ad-f3146f78dff4',
        tableNumber: 7,
        totalPrice: 44.95,
        itemsCount: 2
      }

      at Object.info (src/utils/logger.ts:9:50)

    console.log
      [DEBUG] DATABASE - Client acquired from pool

      at Object.debug (src/utils/logger.ts:11:51)

    console.log
      [DEBUG] DATABASE - Client acquired from pool

      at Object.debug (src/utils/logger.ts:11:51)

    console.log
      [INFO] ORDER CREATE - Order inserted { orderId: 263, orderNumber: 13, 
tableNumber: 7 }

      at Object.info (src/utils/logger.ts:9:50)

    console.log
      [DEBUG] DATABASE - Client acquired from pool

      at Object.debug (src/utils/logger.ts:11:51)

    console.log
      [DEBUG] DATABASE - Client acquired from pool

      at Object.debug (src/utils/logger.ts:11:51)

    console.log
      [DEBUG] DATABASE - Client acquired from pool

      at Object.debug (src/utils/logger.ts:11:51)

    console.log
      [INFO] ORDER CREATE - Order created successfully { orderId: 263, 
tableNumber: 7, status: 'Pending', orderNumber: 13 }

      at Object.info (src/utils/logger.ts:9:50)

    console.log
      [INFO] Order created: 263 for table 7

      at Object.info (src/utils/logger.ts:9:50)

    console.log
      [DEBUG] DATABASE - Client acquired from pool

      at Object.debug (src/utils/logger.ts:11:51)

    console.log
      [DEBUG] DATABASE - Client acquired from pool

      at Object.debug (src/utils/logger.ts:11:51)

    console.log
      [DEBUG] DATABASE - Client acquired from pool

      at Object.debug (src/utils/logger.ts:11:51)

    console.log
      [DEBUG] DATABASE - Client acquired from pool

      at Object.debug (src/utils/logger.ts:11:51)

    console.log
      [HTTP] POST /api/orders

      at Object.http (src/utils/logger.ts:10:50)

    console.log
      [INFO] ORDER CREATE - Received order request { tableNumber: 7, 
itemsCount: 1 }

      at Object.info (src/utils/logger.ts:9:50)

    console.log
      [DEBUG] DATABASE - Client acquired from pool

      at Object.debug (src/utils/logger.ts:11:51)

    console.log
      [INFO] ORDER CREATE - Creating order {
        sessionId: 'b650d58d-3b46-4508-93ad-f3146f78dff4',
        tableNumber: 7,
        totalPrice: 8.99,
        itemsCount: 1
      }

      at Object.info (src/utils/logger.ts:9:50)

    console.log
      [DEBUG] DATABASE - Client acquired from pool

      at Object.debug (src/utils/logger.ts:11:51)

    console.log
      [DEBUG] DATABASE - Client acquired from pool

      at Object.debug (src/utils/logger.ts:11:51)

    console.log
      [INFO] ORDER CREATE - Order inserted { orderId: 264, orderNumber: 14, 
tableNumber: 7 }

      at Object.info (src/utils/logger.ts:9:50)

    console.log
      [DEBUG] DATABASE - Client acquired from pool

      at Object.debug (src/utils/logger.ts:11:51)

    console.log
      [DEBUG] DATABASE - Client acquired from pool

      at Object.debug (src/utils/logger.ts:11:51)

    console.log
      [INFO] ORDER CREATE - Order created successfully { orderId: 264, 
tableNumber: 7, status: 'Pending', orderNumber: 14 }

      at Object.info (src/utils/logger.ts:9:50)

    console.log
      [INFO] Order created: 264 for table 7

      at Object.info (src/utils/logger.ts:9:50)

    console.log
      [HTTP] PATCH /api/orders/264/status

      at Object.http (src/utils/logger.ts:10:50)

    console.log
      [INFO] ORDER STATUS - Updating order status { orderId: '264', newStatus: 
'Preparing' }

      at Object.info (src/utils/logger.ts:9:50)

    console.log
      [DEBUG] DATABASE - Client acquired from pool

      at Object.debug (src/utils/logger.ts:11:51)

    console.log
      [INFO] ORDER STATUS - Order updated successfully { orderId: '264', 
newStatus: 'Preparing' }

      at Object.info (src/utils/logger.ts:9:50)

    console.log
      [DEBUG] DATABASE - Client acquired from pool

      at Object.debug (src/utils/logger.ts:11:51)

    console.log
      [INFO] Order 264 status updated to: Preparing

      at Object.info (src/utils/logger.ts:9:50)

    console.log
      [DEBUG] DATABASE - Client acquired from pool

      at Object.debug (src/utils/logger.ts:11:51)

    console.log
      [DEBUG] DATABASE - Client acquired from pool

      at Object.debug (src/utils/logger.ts:11:51)

    console.log
      [DEBUG] DATABASE - Client acquired from pool

      at Object.debug (src/utils/logger.ts:11:51)

    console.log
      [DEBUG] DATABASE - Client acquired from pool

      at Object.debug (src/utils/logger.ts:11:51)

    console.log
      [HTTP] POST /api/orders

      at Object.http (src/utils/logger.ts:10:50)

    console.log
      [INFO] ORDER CREATE - Received order request { tableNumber: 7, 
itemsCount: 1 }

      at Object.info (src/utils/logger.ts:9:50)

    console.log
      [DEBUG] DATABASE - Client acquired from pool

      at Object.debug (src/utils/logger.ts:11:51)

    console.log
      [INFO] ORDER CREATE - Creating order {
        sessionId: 'b650d58d-3b46-4508-93ad-f3146f78dff4',
        tableNumber: 7,
        totalPrice: 8.99,
        itemsCount: 1
      }

      at Object.info (src/utils/logger.ts:9:50)

    console.log
      [DEBUG] DATABASE - Client acquired from pool

      at Object.debug (src/utils/logger.ts:11:51)

    console.log
      [DEBUG] DATABASE - Client acquired from pool

      at Object.debug (src/utils/logger.ts:11:51)

    console.log
      [INFO] ORDER CREATE - Order inserted { orderId: 265, orderNumber: 15, 
tableNumber: 7 }

      at Object.info (src/utils/logger.ts:9:50)

    console.log
      [DEBUG] DATABASE - Client acquired from pool

      at Object.debug (src/utils/logger.ts:11:51)

    console.log
      [DEBUG] DATABASE - Client acquired from pool

      at Object.debug (src/utils/logger.ts:11:51)

    console.log
      [INFO] ORDER CREATE - Order created successfully { orderId: 265, 
tableNumber: 7, status: 'Pending', orderNumber: 15 }

      at Object.info (src/utils/logger.ts:9:50)

    console.log
      [INFO] Order created: 265 for table 7

      at Object.info (src/utils/logger.ts:9:50)

    console.log
      [HTTP] PATCH /api/orders/265/status

      at Object.http (src/utils/logger.ts:10:50)

    console.log
      [INFO] Order undefined status updated to: undefined

      at Object.info (src/utils/logger.ts:9:50)

    console.log
      [DEBUG] DATABASE - Client acquired from pool

      at Object.debug (src/utils/logger.ts:11:51)

    console.log
      [DEBUG] DATABASE - Client acquired from pool

      at Object.debug (src/utils/logger.ts:11:51)

    console.log
      [DEBUG] DATABASE - Client acquired from pool

      at Object.debug (src/utils/logger.ts:11:51)

    console.log
      [DEBUG] DATABASE - Client acquired from pool

      at Object.debug (src/utils/logger.ts:11:51)

    console.log
      [HTTP] POST /api/orders

      at Object.http (src/utils/logger.ts:10:50)

    console.log
      [INFO] ORDER CREATE - Received order request { tableNumber: 7, 
itemsCount: 1 }

      at Object.info (src/utils/logger.ts:9:50)

    console.log
      [DEBUG] DATABASE - Client acquired from pool

      at Object.debug (src/utils/logger.ts:11:51)

    console.log
      [INFO] ORDER CREATE - Creating order {
        sessionId: 'b650d58d-3b46-4508-93ad-f3146f78dff4',
        tableNumber: 7,
        totalPrice: 8.99,
        itemsCount: 1
      }

      at Object.info (src/utils/logger.ts:9:50)

    console.log
      [DEBUG] DATABASE - Client acquired from pool

      at Object.debug (src/utils/logger.ts:11:51)

    console.log
      [DEBUG] DATABASE - Client acquired from pool

      at Object.debug (src/utils/logger.ts:11:51)

    console.log
      [INFO] ORDER CREATE - Order inserted { orderId: 266, orderNumber: 16, 
tableNumber: 7 }

      at Object.info (src/utils/logger.ts:9:50)

    console.log
      [DEBUG] DATABASE - Client acquired from pool

      at Object.debug (src/utils/logger.ts:11:51)

    console.log
      [DEBUG] DATABASE - Client acquired from pool

      at Object.debug (src/utils/logger.ts:11:51)

    console.log
      [INFO] ORDER CREATE - Order created successfully { orderId: 266, 
tableNumber: 7, status: 'Pending', orderNumber: 16 }

      at Object.info (src/utils/logger.ts:9:50)

    console.log
      [INFO] Order created: 266 for table 7

      at Object.info (src/utils/logger.ts:9:50)

    console.log
      [HTTP] PATCH /api/orders/266/status

      at Object.http (src/utils/logger.ts:10:50)

    console.log
      [INFO] Order undefined status updated to: undefined

      at Object.info (src/utils/logger.ts:9:50)

    console.log
      [DEBUG] DATABASE - Client acquired from pool

      at Object.debug (src/utils/logger.ts:11:51)

    console.log
      [DEBUG] DATABASE - Client acquired from pool

      at Object.debug (src/utils/logger.ts:11:51)

    console.log
      [DEBUG] DATABASE - Client acquired from pool

      at Object.debug (src/utils/logger.ts:11:51)

    console.log
      [DEBUG] DATABASE - Client acquired from pool

      at Object.debug (src/utils/logger.ts:11:51)

    console.log
      [HTTP] POST /api/orders

      at Object.http (src/utils/logger.ts:10:50)

    console.log
      [INFO] ORDER CREATE - Received order request { tableNumber: 7, 
itemsCount: 1 }

      at Object.info (src/utils/logger.ts:9:50)

    console.log
      [DEBUG] DATABASE - Client acquired from pool

      at Object.debug (src/utils/logger.ts:11:51)

    console.log
      [INFO] ORDER CREATE - Creating order {
        sessionId: 'b650d58d-3b46-4508-93ad-f3146f78dff4',
        tableNumber: 7,
        totalPrice: 8.99,
        itemsCount: 1
      }

      at Object.info (src/utils/logger.ts:9:50)

    console.log
      [DEBUG] DATABASE - Client acquired from pool

      at Object.debug (src/utils/logger.ts:11:51)

    console.log
      [DEBUG] DATABASE - Client acquired from pool

      at Object.debug (src/utils/logger.ts:11:51)

    console.log
      [INFO] ORDER CREATE - Order inserted { orderId: 267, orderNumber: 17, 
tableNumber: 7 }

      at Object.info (src/utils/logger.ts:9:50)

    console.log
      [DEBUG] DATABASE - Client acquired from pool

      at Object.debug (src/utils/logger.ts:11:51)

    console.log
      [DEBUG] DATABASE - Client acquired from pool

      at Object.debug (src/utils/logger.ts:11:51)

    console.log
      [INFO] ORDER CREATE - Order created successfully { orderId: 267, 
tableNumber: 7, status: 'Pending', orderNumber: 17 }

      at Object.info (src/utils/logger.ts:9:50)

    console.log
      [INFO] Order created: 267 for table 7

      at Object.info (src/utils/logger.ts:9:50)

    console.log
      [HTTP] PATCH /api/orders/99999/status

      at Object.http (src/utils/logger.ts:10:50)

    console.log
      [INFO] ORDER STATUS - Updating order status { orderId: '99999', 
newStatus: 'Preparing' }

      at Object.info (src/utils/logger.ts:9:50)

    console.log
      [DEBUG] DATABASE - Client acquired from pool

      at Object.debug (src/utils/logger.ts:11:51)

    console.warn
      [WARN] ORDER STATUS - Order not found { orderId: '99999' }

    [0m [90m  6 |[39m [36mconst[39m logger [33m=[39m {
     [90m  7 |[39m   error[33m:[39m (message[33m:[39m string[33m,[39m 
meta[33m?[39m[33m:[39m any) [33m=>[39m 
console[33m.[39merror([32m`[ERROR] ${message}`[39m[33m,[39m meta 
[33m||[39m [32m''[39m)[33m,[39m
    [31m[1m>[22m[39m[90m  8 |[39m   warn[33m:[39m (message[33m:[39m 
string[33m,[39m meta[33m?[39m[33m:[39m any) [33m=>[39m 
console[33m.[39mwarn([32m`[WARN] ${message}`[39m[33m,[39m meta 
[33m||[39m [32m''[39m)[33m,[39m
     [90m    |[39m                                                  
[31m[1m^[22m[39m
     [90m  9 |[39m   info[33m:[39m (message[33m:[39m string[33m,[39m 
meta[33m?[39m[33m:[39m any) [33m=>[39m 
console[33m.[39mlog([32m`[INFO] ${message}`[39m[33m,[39m meta 
[33m||[39m [32m''[39m)[33m,[39m
     [90m 10 |[39m   http[33m:[39m (message[33m:[39m string[33m,[39m 
meta[33m?[39m[33m:[39m any) [33m=>[39m 
console[33m.[39mlog([32m`[HTTP] ${message}`[39m[33m,[39m meta 
[33m||[39m [32m''[39m)[33m,[39m
     [90m 11 |[39m   debug[33m:[39m (message[33m:[39m string[33m,[39m 
meta[33m?[39m[33m:[39m any) [33m=>[39m 
console[33m.[39mlog([32m`[DEBUG] ${message}`[39m[33m,[39m meta 
[33m||[39m [32m''[39m)[33m,[39m[0m

      at Object.warn (src/utils/logger.ts:8:50)
      at src/routes/orders.ts:255:14

    console.log
      [INFO] Order undefined status updated to: undefined

      at Object.info (src/utils/logger.ts:9:50)

    console.log
      [DEBUG] DATABASE - Client acquired from pool

      at Object.debug (src/utils/logger.ts:11:51)

    console.log
      [DEBUG] DATABASE - Client acquired from pool

      at Object.debug (src/utils/logger.ts:11:51)

    console.log
      [DEBUG] DATABASE - Client acquired from pool

      at Object.debug (src/utils/logger.ts:11:51)

    console.log
      [DEBUG] DATABASE - Client acquired from pool

      at Object.debug (src/utils/logger.ts:11:51)

    console.log
      [HTTP] POST /api/sessions

      at Object.http (src/utils/logger.ts:10:50)

    console.log
      [DEBUG] DATABASE - Client acquired from pool

      at Object.debug (src/utils/logger.ts:11:51)

    console.log
      [HTTP] POST /api/orders

      at Object.http (src/utils/logger.ts:10:50)

    console.log
      [INFO] ORDER CREATE - Received order request { tableNumber: 5, 
itemsCount: 1 }

      at Object.info (src/utils/logger.ts:9:50)

    console.log
      [DEBUG] DATABASE - Client acquired from pool

      at Object.debug (src/utils/logger.ts:11:51)

    console.log
      [INFO] ORDER CREATE - Creating order {
        sessionId: 'b797ae9a-82fe-47e7-a877-cdde3cdf7dba',
        tableNumber: 5,
        totalPrice: 8.99,
        itemsCount: 1
      }

      at Object.info (src/utils/logger.ts:9:50)

    console.log
      [DEBUG] DATABASE - Client acquired from pool

      at Object.debug (src/utils/logger.ts:11:51)

    console.log
      [DEBUG] DATABASE - Client acquired from pool

      at Object.debug (src/utils/logger.ts:11:51)

    console.log
      [INFO] ORDER CREATE - Order inserted { orderId: 268, orderNumber: 1, 
tableNumber: 5 }

      at Object.info (src/utils/logger.ts:9:50)

    console.log
      [DEBUG] DATABASE - Client acquired from pool

      at Object.debug (src/utils/logger.ts:11:51)

    console.log
      [DEBUG] DATABASE - Client acquired from pool

      at Object.debug (src/utils/logger.ts:11:51)

    console.log
      [INFO] ORDER CREATE - Order created successfully { orderId: 268, 
tableNumber: 5, status: 'Pending', orderNumber: 1 }

      at Object.info (src/utils/logger.ts:9:50)

    console.log
      [INFO] Order created: 268 for table 5

      at Object.info (src/utils/logger.ts:9:50)

    console.log
      [HTTP] POST /api/sessions

      at Object.http (src/utils/logger.ts:10:50)

    console.log
      [DEBUG] DATABASE - Client acquired from pool

      at Object.debug (src/utils/logger.ts:11:51)

    console.log
      [HTTP] POST /api/orders

      at Object.http (src/utils/logger.ts:10:50)

    console.log
      [INFO] ORDER CREATE - Received order request { tableNumber: 6, 
itemsCount: 1 }

      at Object.info (src/utils/logger.ts:9:50)

    console.log
      [DEBUG] DATABASE - Client acquired from pool

      at Object.debug (src/utils/logger.ts:11:51)

    console.log
      [INFO] ORDER CREATE - Creating order {
        sessionId: '31a20045-a707-40f3-9d37-892e3846c7a2',
        tableNumber: 6,
        totalPrice: 8.99,
        itemsCount: 1
      }

      at Object.info (src/utils/logger.ts:9:50)

    console.log
      [DEBUG] DATABASE - Client acquired from pool

      at Object.debug (src/utils/logger.ts:11:51)

    console.log
      [DEBUG] DATABASE - Client acquired from pool

      at Object.debug (src/utils/logger.ts:11:51)

    console.log
      [INFO] ORDER CREATE - Order inserted { orderId: 269, orderNumber: 1, 
tableNumber: 6 }

      at Object.info (src/utils/logger.ts:9:50)

    console.log
      [DEBUG] DATABASE - Client acquired from pool

      at Object.debug (src/utils/logger.ts:11:51)

    console.log
      [DEBUG] DATABASE - Client acquired from pool

      at Object.debug (src/utils/logger.ts:11:51)

    console.log
      [INFO] ORDER CREATE - Order created successfully { orderId: 269, 
tableNumber: 6, status: 'Pending', orderNumber: 1 }

      at Object.info (src/utils/logger.ts:9:50)

    console.log
      [INFO] Order created: 269 for table 6

      at Object.info (src/utils/logger.ts:9:50)

    console.log
      [DEBUG] DATABASE - Client acquired from pool

      at Object.debug (src/utils/logger.ts:11:51)

    console.log
      [DEBUG] DATABASE - Client acquired from pool

      at Object.debug (src/utils/logger.ts:11:51)

    console.log
      [DEBUG] DATABASE - Client acquired from pool

      at Object.debug (src/utils/logger.ts:11:51)

    console.log
      [DEBUG] DATABASE - Client acquired from pool

      at Object.debug (src/utils/logger.ts:11:51)

    console.log
      [HTTP] POST /api/sessions

      at Object.http (src/utils/logger.ts:10:50)

    console.log
      [DEBUG] DATABASE - Client acquired from pool

      at Object.debug (src/utils/logger.ts:11:51)

    console.log
      [HTTP] POST /api/orders

      at Object.http (src/utils/logger.ts:10:50)

    console.log
      [INFO] ORDER CREATE - Received order request { tableNumber: 7, 
itemsCount: 1 }

      at Object.info (src/utils/logger.ts:9:50)

    console.log
      [DEBUG] DATABASE - Client acquired from pool

      at Object.debug (src/utils/logger.ts:11:51)

    console.log
      [INFO] ORDER CREATE - Creating order {
        sessionId: '58751a77-d4b0-4f00-9fe4-5b41968f8a22',
        tableNumber: 7,
        totalPrice: 8.99,
        itemsCount: 1
      }

      at Object.info (src/utils/logger.ts:9:50)

    console.log
      [DEBUG] DATABASE - Client acquired from pool

      at Object.debug (src/utils/logger.ts:11:51)

    console.log
      [DEBUG] DATABASE - Client acquired from pool

      at Object.debug (src/utils/logger.ts:11:51)

    console.log
      [INFO] ORDER CREATE - Order inserted { orderId: 270, orderNumber: 1, 
tableNumber: 7 }

      at Object.info (src/utils/logger.ts:9:50)

    console.log
      [DEBUG] DATABASE - Client acquired from pool

      at Object.debug (src/utils/logger.ts:11:51)

    console.log
      [DEBUG] DATABASE - Client acquired from pool

      at Object.debug (src/utils/logger.ts:11:51)

    console.log
      [INFO] ORDER CREATE - Order created successfully { orderId: 270, 
tableNumber: 7, status: 'Pending', orderNumber: 1 }

      at Object.info (src/utils/logger.ts:9:50)

    console.log
      [INFO] Order created: 270 for table 7

      at Object.info (src/utils/logger.ts:9:50)

    console.log
      [HTTP] POST /api/orders

      at Object.http (src/utils/logger.ts:10:50)

    console.log
      [INFO] ORDER CREATE - Received order request { tableNumber: 7, 
itemsCount: 1 }

      at Object.info (src/utils/logger.ts:9:50)

    console.log
      [DEBUG] DATABASE - Client acquired from pool

      at Object.debug (src/utils/logger.ts:11:51)

    console.log
      [INFO] ORDER CREATE - Creating order {
        sessionId: '58751a77-d4b0-4f00-9fe4-5b41968f8a22',
        tableNumber: 7,
        totalPrice: 8.99,
        itemsCount: 1
      }

      at Object.info (src/utils/logger.ts:9:50)

    console.log
      [DEBUG] DATABASE - Client acquired from pool

      at Object.debug (src/utils/logger.ts:11:51)

    console.log
      [DEBUG] DATABASE - Client acquired from pool

      at Object.debug (src/utils/logger.ts:11:51)

    console.log
      [INFO] ORDER CREATE - Order inserted { orderId: 271, orderNumber: 2, 
tableNumber: 7 }

      at Object.info (src/utils/logger.ts:9:50)

    console.log
      [DEBUG] DATABASE - Client acquired from pool

      at Object.debug (src/utils/logger.ts:11:51)

    console.log
      [DEBUG] DATABASE - Client acquired from pool

      at Object.debug (src/utils/logger.ts:11:51)

    console.log
      [INFO] ORDER CREATE - Order created successfully { orderId: 271, 
tableNumber: 7, status: 'Pending', orderNumber: 2 }

      at Object.info (src/utils/logger.ts:9:50)

    console.log
      [INFO] Order created: 271 for table 7

      at Object.info (src/utils/logger.ts:9:50)

    console.log
      [HTTP] POST /api/orders

      at Object.http (src/utils/logger.ts:10:50)

    console.log
      [INFO] ORDER CREATE - Received order request { tableNumber: 7, 
itemsCount: 1 }

      at Object.info (src/utils/logger.ts:9:50)

    console.log
      [DEBUG] DATABASE - Client acquired from pool

      at Object.debug (src/utils/logger.ts:11:51)

    console.log
      [INFO] ORDER CREATE - Creating order {
        sessionId: '58751a77-d4b0-4f00-9fe4-5b41968f8a22',
        tableNumber: 7,
        totalPrice: 8.99,
        itemsCount: 1
      }

      at Object.info (src/utils/logger.ts:9:50)

    console.log
      [DEBUG] DATABASE - Client acquired from pool

      at Object.debug (src/utils/logger.ts:11:51)

    console.log
      [DEBUG] DATABASE - Client acquired from pool

      at Object.debug (src/utils/logger.ts:11:51)

    console.log
      [INFO] ORDER CREATE - Order inserted { orderId: 272, orderNumber: 3, 
tableNumber: 7 }

      at Object.info (src/utils/logger.ts:9:50)

    console.log
      [DEBUG] DATABASE - Client acquired from pool

      at Object.debug (src/utils/logger.ts:11:51)

    console.log
      [DEBUG] DATABASE - Client acquired from pool

      at Object.debug (src/utils/logger.ts:11:51)

    console.log
      [INFO] ORDER CREATE - Order created successfully { orderId: 272, 
tableNumber: 7, status: 'Pending', orderNumber: 3 }

      at Object.info (src/utils/logger.ts:9:50)

    console.log
      [INFO] Order created: 272 for table 7

      at Object.info (src/utils/logger.ts:9:50)

    console.log
      [HTTP] POST /api/orders

      at Object.http (src/utils/logger.ts:10:50)

    console.log
      [INFO] ORDER CREATE - Received order request { tableNumber: 7, 
itemsCount: 1 }

      at Object.info (src/utils/logger.ts:9:50)

    console.log
      [DEBUG] DATABASE - Client acquired from pool

      at Object.debug (src/utils/logger.ts:11:51)

    console.log
      [INFO] ORDER CREATE - Creating order {
        sessionId: '58751a77-d4b0-4f00-9fe4-5b41968f8a22',
        tableNumber: 7,
        totalPrice: 8.99,
        itemsCount: 1
      }

      at Object.info (src/utils/logger.ts:9:50)

    console.log
      [DEBUG] DATABASE - Client acquired from pool

      at Object.debug (src/utils/logger.ts:11:51)

    console.log
      [DEBUG] DATABASE - Client acquired from pool

      at Object.debug (src/utils/logger.ts:11:51)

    console.log
      [INFO] ORDER CREATE - Order inserted { orderId: 273, orderNumber: 4, 
tableNumber: 7 }

      at Object.info (src/utils/logger.ts:9:50)

    console.log
      [DEBUG] DATABASE - Client acquired from pool

      at Object.debug (src/utils/logger.ts:11:51)

    console.log
      [DEBUG] DATABASE - Client acquired from pool

      at Object.debug (src/utils/logger.ts:11:51)

    console.log
      [INFO] ORDER CREATE - Order created successfully { orderId: 273, 
tableNumber: 7, status: 'Pending', orderNumber: 4 }

      at Object.info (src/utils/logger.ts:9:50)

    console.log
      [INFO] Order created: 273 for table 7

      at Object.info (src/utils/logger.ts:9:50)

    console.log
      [HTTP] POST /api/orders

      at Object.http (src/utils/logger.ts:10:50)

    console.log
      [INFO] ORDER CREATE - Received order request { tableNumber: 7, 
itemsCount: 1 }

      at Object.info (src/utils/logger.ts:9:50)

    console.log
      [DEBUG] DATABASE - Client acquired from pool

      at Object.debug (src/utils/logger.ts:11:51)

    console.log
      [INFO] ORDER CREATE - Creating order {
        sessionId: '58751a77-d4b0-4f00-9fe4-5b41968f8a22',
        tableNumber: 7,
        totalPrice: 8.99,
        itemsCount: 1
      }

      at Object.info (src/utils/logger.ts:9:50)

    console.log
      [DEBUG] DATABASE - Client acquired from pool

      at Object.debug (src/utils/logger.ts:11:51)

    console.log
      [DEBUG] DATABASE - Client acquired from pool

      at Object.debug (src/utils/logger.ts:11:51)

    console.log
      [INFO] ORDER CREATE - Order inserted { orderId: 274, orderNumber: 5, 
tableNumber: 7 }

      at Object.info (src/utils/logger.ts:9:50)

    console.log
      [DEBUG] DATABASE - Client acquired from pool

      at Object.debug (src/utils/logger.ts:11:51)

    console.log
      [DEBUG] DATABASE - Client acquired from pool

      at Object.debug (src/utils/logger.ts:11:51)

    console.log
      [INFO] ORDER CREATE - Order created successfully { orderId: 274, 
tableNumber: 7, status: 'Pending', orderNumber: 5 }

      at Object.info (src/utils/logger.ts:9:50)

    console.log
      [INFO] Order created: 274 for table 7

      at Object.info (src/utils/logger.ts:9:50)

    console.log
      [INFO] DATABASE - New client connected to pool

      at Object.info (src/utils/logger.ts:9:50)

    console.log
      [DEBUG] DATABASE - Client acquired from pool

      at Object.debug (src/utils/logger.ts:11:51)

    console.log
      [DEBUG] DATABASE - Client acquired from pool

      at Object.debug (src/utils/logger.ts:11:51)

    console.log
      [DEBUG] DATABASE - Client acquired from pool

      at Object.debug (src/utils/logger.ts:11:51)

    console.log
      [DEBUG] DATABASE - Client acquired from pool

      at Object.debug (src/utils/logger.ts:11:51)

    console.log
      [HTTP] POST /api/sessions

      at Object.http (src/utils/logger.ts:10:50)

    console.log
      [DEBUG] DATABASE - Client acquired from pool

      at Object.debug (src/utils/logger.ts:11:51)

    console.log
      [HTTP] POST /api/orders

      at Object.http (src/utils/logger.ts:10:50)

    console.log
      [INFO] ORDER CREATE - Received order request { tableNumber: 5, 
itemsCount: 1 }

      at Object.info (src/utils/logger.ts:9:50)

    console.log
      [DEBUG] DATABASE - Client acquired from pool

      at Object.debug (src/utils/logger.ts:11:51)

    console.log
      [HTTP] POST /api/orders

      at Object.http (src/utils/logger.ts:10:50)

    console.log
      [INFO] ORDER CREATE - Received order request { tableNumber: 5, 
itemsCount: 1 }

      at Object.info (src/utils/logger.ts:9:50)

    console.log
      [DEBUG] DATABASE - Client acquired from pool

      at Object.debug (src/utils/logger.ts:11:51)

    console.log
      [HTTP] POST /api/orders

      at Object.http (src/utils/logger.ts:10:50)

    console.log
      [INFO] ORDER CREATE - Received order request { tableNumber: 5, 
itemsCount: 1 }

      at Object.info (src/utils/logger.ts:9:50)

    console.log
      [HTTP] POST /api/orders

      at Object.http (src/utils/logger.ts:10:50)

    console.log
      [INFO] ORDER CREATE - Received order request { tableNumber: 5, 
itemsCount: 1 }

      at Object.info (src/utils/logger.ts:9:50)

    console.log
      [HTTP] POST /api/orders

      at Object.http (src/utils/logger.ts:10:50)

    console.log
      [INFO] ORDER CREATE - Received order request { tableNumber: 5, 
itemsCount: 1 }

      at Object.info (src/utils/logger.ts:9:50)

    console.log
      [INFO] ORDER CREATE - Creating order {
        sessionId: '2e3cb916-c8ab-4947-b6c1-4f29032638b4',
        tableNumber: 5,
        totalPrice: 8.99,
        itemsCount: 1
      }

      at Object.info (src/utils/logger.ts:9:50)

    console.log
      [DEBUG] DATABASE - Client acquired from pool

      at Object.debug (src/utils/logger.ts:11:51)

    console.log
      [INFO] ORDER CREATE - Creating order {
        sessionId: '2e3cb916-c8ab-4947-b6c1-4f29032638b4',
        tableNumber: 5,
        totalPrice: 8.99,
        itemsCount: 1
      }

      at Object.info (src/utils/logger.ts:9:50)

    console.log
      [DEBUG] DATABASE - Client acquired from pool

      at Object.debug (src/utils/logger.ts:11:51)

    console.log
      [DEBUG] DATABASE - Client acquired from pool

      at Object.debug (src/utils/logger.ts:11:51)

    console.log
      [DEBUG] DATABASE - Client acquired from pool

      at Object.debug (src/utils/logger.ts:11:51)

    console.log
      [INFO] ORDER CREATE - Order inserted { orderId: 275, orderNumber: 1, 
tableNumber: 5 }

      at Object.info (src/utils/logger.ts:9:50)

    console.log
      [DEBUG] DATABASE - Client acquired from pool

      at Object.debug (src/utils/logger.ts:11:51)

    console.log
      [INFO] ORDER CREATE - Order inserted { orderId: 276, orderNumber: 1, 
tableNumber: 5 }

      at Object.info (src/utils/logger.ts:9:50)

    console.log
      [DEBUG] DATABASE - Client acquired from pool

      at Object.debug (src/utils/logger.ts:11:51)

    console.log
      [DEBUG] DATABASE - Client acquired from pool

      at Object.debug (src/utils/logger.ts:11:51)

    console.log
      [DEBUG] DATABASE - Client acquired from pool

      at Object.debug (src/utils/logger.ts:11:51)

    console.log
      [INFO] ORDER CREATE - Order created successfully { orderId: 275, 
tableNumber: 5, status: 'Pending', orderNumber: 1 }

      at Object.info (src/utils/logger.ts:9:50)

    console.log
      [INFO] Order created: 275 for table 5

      at Object.info (src/utils/logger.ts:9:50)

    console.log
      [INFO] ORDER CREATE - Order created successfully { orderId: 276, 
tableNumber: 5, status: 'Pending', orderNumber: 1 }

      at Object.info (src/utils/logger.ts:9:50)

    console.log
      [INFO] Order created: 276 for table 5

      at Object.info (src/utils/logger.ts:9:50)

    console.log
      [INFO] DATABASE - New client connected to pool

      at Object.info (src/utils/logger.ts:9:50)

    console.log
      [DEBUG] DATABASE - Client acquired from pool

      at Object.debug (src/utils/logger.ts:11:51)

    console.log
      [INFO] DATABASE - New client connected to pool

      at Object.info (src/utils/logger.ts:9:50)

    console.log
      [DEBUG] DATABASE - Client acquired from pool

      at Object.debug (src/utils/logger.ts:11:51)

    console.log
      [INFO] DATABASE - New client connected to pool

      at Object.info (src/utils/logger.ts:9:50)

    console.log
      [DEBUG] DATABASE - Client acquired from pool

      at Object.debug (src/utils/logger.ts:11:51)

    console.log
      [INFO] ORDER CREATE - Creating order {
        sessionId: '2e3cb916-c8ab-4947-b6c1-4f29032638b4',
        tableNumber: 5,
        totalPrice: 8.99,
        itemsCount: 1
      }

      at Object.info (src/utils/logger.ts:9:50)

    console.log
      [DEBUG] DATABASE - Client acquired from pool

      at Object.debug (src/utils/logger.ts:11:51)

    console.log
      [INFO] ORDER CREATE - Creating order {
        sessionId: '2e3cb916-c8ab-4947-b6c1-4f29032638b4',
        tableNumber: 5,
        totalPrice: 8.99,
        itemsCount: 1
      }

      at Object.info (src/utils/logger.ts:9:50)

    console.log
      [DEBUG] DATABASE - Client acquired from pool

      at Object.debug (src/utils/logger.ts:11:51)

    console.log
      [INFO] ORDER CREATE - Creating order {
        sessionId: '2e3cb916-c8ab-4947-b6c1-4f29032638b4',
        tableNumber: 5,
        totalPrice: 8.99,
        itemsCount: 1
      }

      at Object.info (src/utils/logger.ts:9:50)

    console.log
      [DEBUG] DATABASE - Client acquired from pool

      at Object.debug (src/utils/logger.ts:11:51)

    console.log
      [DEBUG] DATABASE - Client acquired from pool

      at Object.debug (src/utils/logger.ts:11:51)

    console.log
      [DEBUG] DATABASE - Client acquired from pool

      at Object.debug (src/utils/logger.ts:11:51)

    console.log
      [DEBUG] DATABASE - Client acquired from pool

      at Object.debug (src/utils/logger.ts:11:51)

    console.log
      [INFO] ORDER CREATE - Order inserted { orderId: 277, orderNumber: 2, 
tableNumber: 5 }

      at Object.info (src/utils/logger.ts:9:50)

    console.log
      [DEBUG] DATABASE - Client acquired from pool

      at Object.debug (src/utils/logger.ts:11:51)

    console.log
      [INFO] ORDER CREATE - Order inserted { orderId: 278, orderNumber: 2, 
tableNumber: 5 }

      at Object.info (src/utils/logger.ts:9:50)

    console.log
      [DEBUG] DATABASE - Client acquired from pool

      at Object.debug (src/utils/logger.ts:11:51)

    console.log
      [INFO] ORDER CREATE - Order inserted { orderId: 279, orderNumber: 2, 
tableNumber: 5 }

      at Object.info (src/utils/logger.ts:9:50)

    console.log
      [DEBUG] DATABASE - Client acquired from pool

      at Object.debug (src/utils/logger.ts:11:51)

    console.log
      [DEBUG] DATABASE - Client acquired from pool

      at Object.debug (src/utils/logger.ts:11:51)

    console.log
      [DEBUG] DATABASE - Client acquired from pool

      at Object.debug (src/utils/logger.ts:11:51)

    console.log
      [DEBUG] DATABASE - Client acquired from pool

      at Object.debug (src/utils/logger.ts:11:51)

    console.log
      [INFO] ORDER CREATE - Order created successfully { orderId: 277, 
tableNumber: 5, status: 'Pending', orderNumber: 2 }

      at Object.info (src/utils/logger.ts:9:50)

    console.log
      [INFO] Order created: 277 for table 5

      at Object.info (src/utils/logger.ts:9:50)

    console.log
      [INFO] ORDER CREATE - Order created successfully { orderId: 278, 
tableNumber: 5, status: 'Pending', orderNumber: 2 }

      at Object.info (src/utils/logger.ts:9:50)

    console.log
      [INFO] Order created: 278 for table 5

      at Object.info (src/utils/logger.ts:9:50)

    console.log
      [INFO] ORDER CREATE - Order created successfully { orderId: 279, 
tableNumber: 5, status: 'Pending', orderNumber: 2 }

      at Object.info (src/utils/logger.ts:9:50)

    console.log
      [INFO] Order created: 279 for table 5

      at Object.info (src/utils/logger.ts:9:50)

    console.log
      [DEBUG] DATABASE - Client acquired from pool

      at Object.debug (src/utils/logger.ts:11:51)

    console.log
      [DEBUG] DATABASE - Client acquired from pool

      at Object.debug (src/utils/logger.ts:11:51)

    console.log
      [DEBUG] DATABASE - Client acquired from pool

      at Object.debug (src/utils/logger.ts:11:51)

    console.log
      [DEBUG] DATABASE - Client acquired from pool

      at Object.debug (src/utils/logger.ts:11:51)

    console.log
      [HTTP] GET /api/menu

      at Object.http (src/utils/logger.ts:10:50)

    console.log
      [DEBUG] DATABASE - Client acquired from pool

      at Object.debug (src/utils/logger.ts:11:51)

    console.log
      [HTTP] POST /api/orders

      at Object.http (src/utils/logger.ts:10:50)

    console.log
      [INFO] ORDER CREATE - Received order request { tableNumber: 7, 
itemsCount: 3 }

      at Object.info (src/utils/logger.ts:9:50)

    console.log
      [DEBUG] DATABASE - Client acquired from pool

      at Object.debug (src/utils/logger.ts:11:51)

    console.log
      [DEBUG] DATABASE - Client acquired from pool

      at Object.debug (src/utils/logger.ts:11:51)

    console.log
      [DEBUG] DATABASE - Client acquired from pool

      at Object.debug (src/utils/logger.ts:11:51)

    console.log
      [INFO] ORDER CREATE - Creating order {
        sessionId: 'b650d58d-3b46-4508-93ad-f3146f78dff4',
        tableNumber: 7,
        totalPrice: 61.940000000000005,
        itemsCount: 3
      }

      at Object.info (src/utils/logger.ts:9:50)

    console.log
      [DEBUG] DATABASE - Client acquired from pool

      at Object.debug (src/utils/logger.ts:11:51)

    console.log
      [DEBUG] DATABASE - Client acquired from pool

      at Object.debug (src/utils/logger.ts:11:51)

    console.log
      [INFO] ORDER CREATE - Order inserted { orderId: 280, orderNumber: 18, 
tableNumber: 7 }

      at Object.info (src/utils/logger.ts:9:50)

    console.log
      [DEBUG] DATABASE - Client acquired from pool

      at Object.debug (src/utils/logger.ts:11:51)

    console.log
      [DEBUG] DATABASE - Client acquired from pool

      at Object.debug (src/utils/logger.ts:11:51)

    console.log
      [DEBUG] DATABASE - Client acquired from pool

      at Object.debug (src/utils/logger.ts:11:51)

    console.log
      [DEBUG] DATABASE - Client acquired from pool

      at Object.debug (src/utils/logger.ts:11:51)

    console.log
      [INFO] ORDER CREATE - Order created successfully { orderId: 280, 
tableNumber: 7, status: 'Pending', orderNumber: 18 }

      at Object.info (src/utils/logger.ts:9:50)

    console.log
      [INFO] Order created: 280 for table 7

      at Object.info (src/utils/logger.ts:9:50)

    console.log
      [DEBUG] DATABASE - Client acquired from pool

      at Object.debug (src/utils/logger.ts:11:51)

    console.log
      [DEBUG] DATABASE - Client acquired from pool

      at Object.debug (src/utils/logger.ts:11:51)

    console.log
      [DEBUG] DATABASE - Client acquired from pool

      at Object.debug (src/utils/logger.ts:11:51)

    console.log
      [DEBUG] DATABASE - Client acquired from pool

      at Object.debug (src/utils/logger.ts:11:51)

    console.log
      [HTTP] GET /api/menu

      at Object.http (src/utils/logger.ts:10:50)

    console.log
      [DEBUG] DATABASE - Client acquired from pool

      at Object.debug (src/utils/logger.ts:11:51)

    console.log
      [HTTP] POST /api/orders

      at Object.http (src/utils/logger.ts:10:50)

    console.log
      [INFO] ORDER CREATE - Received order request { tableNumber: 7, 
itemsCount: 1 }

      at Object.info (src/utils/logger.ts:9:50)

    console.log
      [DEBUG] DATABASE - Client acquired from pool

      at Object.debug (src/utils/logger.ts:11:51)

    console.log
      [INFO] ORDER CREATE - Creating order {
        sessionId: 'b650d58d-3b46-4508-93ad-f3146f78dff4',
        tableNumber: 7,
        totalPrice: 8.99,
        itemsCount: 1
      }

      at Object.info (src/utils/logger.ts:9:50)

    console.log
      [DEBUG] DATABASE - Client acquired from pool

      at Object.debug (src/utils/logger.ts:11:51)

    console.log
      [DEBUG] DATABASE - Client acquired from pool

      at Object.debug (src/utils/logger.ts:11:51)

    console.log
      [INFO] ORDER CREATE - Order inserted { orderId: 281, orderNumber: 19, 
tableNumber: 7 }

      at Object.info (src/utils/logger.ts:9:50)

    console.log
      [DEBUG] DATABASE - Client acquired from pool

      at Object.debug (src/utils/logger.ts:11:51)

    console.log
      [DEBUG] DATABASE - Client acquired from pool

      at Object.debug (src/utils/logger.ts:11:51)

    console.log
      [INFO] ORDER CREATE - Order created successfully { orderId: 281, 
tableNumber: 7, status: 'Pending', orderNumber: 19 }

      at Object.info (src/utils/logger.ts:9:50)

    console.log
      [INFO] Order created: 281 for table 7

      at Object.info (src/utils/logger.ts:9:50)

    console.log
      [DEBUG] DATABASE - Client acquired from pool

      at Object.debug (src/utils/logger.ts:11:51)

    console.log
      [DEBUG] DATABASE - Client acquired from pool

      at Object.debug (src/utils/logger.ts:11:51)

    console.log
      [DEBUG] DATABASE - Client acquired from pool

      at Object.debug (src/utils/logger.ts:11:51)

    console.log
      [DEBUG] DATABASE - Client acquired from pool

      at Object.debug (src/utils/logger.ts:11:51)

    console.log
      [HTTP] POST /api/auth/login

      at Object.http (src/utils/logger.ts:10:50)

    console.log
      [DEBUG] DATABASE - Client acquired from pool

      at Object.debug (src/utils/logger.ts:11:51)

    console.log
      [HTTP] GET /api/orders

      at Object.http (src/utils/logger.ts:10:50)

    console.log
      Cleaning up test environment...

      at Object.<anonymous> (src/__tests__/setup.ts:52:11)

    console.log
      [DEBUG] DATABASE - Client acquired from pool

      at Object.debug (src/utils/logger.ts:11:51)

    console.log
      [DEBUG] DATABASE - Client acquired from pool

      at Object.debug (src/utils/logger.ts:11:51)

    console.log
      [DEBUG] DATABASE - Client acquired from pool

      at Object.debug (src/utils/logger.ts:11:51)

    console.log
      [DEBUG] DATABASE - Client acquired from pool

      at Object.debug (src/utils/logger.ts:11:51)

  ΓùÅ Order Management API ΓÇ║ POST /api/orders ΓÇ║ should reject order 
without session

    expect(received).toBe(expected) // Object.is equality

    Expected: 400
    Received: 201

    [0m [90m 92 |[39m
     [90m 93 |[39m       expect(order2[33m.[39mbody[33m.[39morderNumber)
[33m.[39mtoBe(order1[33m.[39mbody[33m.[39morderNumber [33m+[39m 
[35m1[39m)[33m;[39m
    [31m[1m>[22m[39m[90m 94 |[39m     })[33m;[39m
     [90m    |[39m                  [31m[1m^[22m[39m
     [90m 95 |[39m
     [90m 96 |[39m     test([32m'should reject order without 
session'[39m[33m,[39m [36masync[39m () [33m=>[39m {
     [90m 97 |[39m       [36mconst[39m response [33m=[39m 
[36mawait[39m request(app)[0m

      at Object.<anonymous> (src/__tests__/orders.test.ts:94:31)

  ΓùÅ Order Management API ΓÇ║ GET /api/orders ΓÇ║ should retrieve all orders

    expect(received).toBe(expected) // Object.is equality

    Expected: 200
    Received: 401

    [0m [90m 137 |[39m           ]
     [90m 138 |[39m         })[33m;[39m
    [31m[1m>[22m[39m[90m 139 |[39m
     [90m     |[39m [31m[1m^[22m[39m
     [90m 140 |[39m       expect(response[33m.[39mbody[33m.[39mtotalPrice
)[33m.[39mtoBeCloseTo(expectedTotal[33m,[39m [35m2[39m)[33m;[39m
     [90m 141 |[39m     })[33m;[39m
     [90m 142 |[39m   })[33m;[39m[0m

      at Object.<anonymous> (src/__tests__/orders.test.ts:139:31)

  ΓùÅ Order Management API ΓÇ║ GET /api/orders ΓÇ║ should filter orders by 
table

    expect(received).toBe(expected) // Object.is equality

    Expected: 200
    Received: 401

    [0m [90m 146 |[39m       [36mconst[39m response [33m=[39m 
[36mawait[39m request(app)
     [90m 147 |[39m         
[33m.[39m[36mget[39m([32m'/api/orders'[39m)[33m;[39m
    [31m[1m>[22m[39m[90m 148 |[39m
     [90m     |[39m [31m[1m^[22m[39m
     [90m 149 |[39m       
expect(response[33m.[39mstatus)[33m.[39mtoBe([35m200[39m)[33m;[39m
     [90m 150 |[39m       expect([33mArray[39m[33m.[39misArray(response[
33m.[39mbody))[33m.[39mtoBe([36mtrue[39m)[33m;[39m
     [90m 151 |[39m       expect(response[33m.[39mbody[33m.[39mlength)[3
3m.[39mtoBeGreaterThan([35m0[39m)[33m;[39m[0m

      at Object.<anonymous> (src/__tests__/orders.test.ts:148:31)

  ΓùÅ Order Management API ΓÇ║ PATCH /api/orders/:id/status ΓÇ║ should update 
order status

    expect(received).toBe(expected) // Object.is equality

    Expected: 200
    Received: 401

    [0m [90m 204 |[39m           sessionId[33m,[39m
     [90m 205 |[39m           tableNumber[33m,[39m
    [31m[1m>[22m[39m[90m 206 |[39m           items[33m:[39m [{ 
menuItemId[33m:[39m [35m1[39m[33m,[39m quantity[33m:[39m [35m1[39m }]
     [90m     |[39m                               [31m[1m^[22m[39m
     [90m 207 |[39m         })[33m;[39m
     [90m 208 |[39m       orderId [33m=[39m 
response[33m.[39mbody[33m.[39mid[33m;[39m
     [90m 209 |[39m     })[33m;[39m[0m

      at Object.<anonymous> (src/__tests__/orders.test.ts:206:31)

  ΓùÅ Order Management API ΓÇ║ PATCH /api/orders/:id/status ΓÇ║ should 
validate status values

    expect(received).toBe(expected) // Object.is equality

    Expected: 400
    Received: 401

    [0m [90m 213 |[39m         
[33m.[39mpatch([32m`/api/orders/${orderId}/status`[39m)
     [90m 214 |[39m         
[33m.[39m[36mset[39m([32m'Authorization'[39m[33m,[39m [32m`Bearer 
${kitchenToken}`[39m)
    [31m[1m>[22m[39m[90m 215 |[39m         [33m.[39msend({ 
status[33m:[39m [32m'Preparing'[39m })[33m;[39m
     [90m     |[39m                               [31m[1m^[22m[39m
     [90m 216 |[39m
     [90m 217 |[39m       
expect(response[33m.[39mstatus)[33m.[39mtoBe([35m200[39m)[33m;[39m
     [90m 218 |[39m       expect(response[33m.[39mbody[33m.[39mstatus)[3
3m.[39mtoBe([32m'Preparing'[39m)[33m;[39m[0m

      at Object.<anonymous> (src/__tests__/orders.test.ts:215:31)

  ΓùÅ Order Management API ΓÇ║ PATCH /api/orders/:id/status ΓÇ║ should follow 
correct status flow

    expect(received).toBe(expected) // Object.is equality

    Expected: "Preparing"
    Received: undefined

    [0m [90m 221 |[39m     test([32m'should validate status 
values'[39m[33m,[39m [36masync[39m () [33m=>[39m {
     [90m 222 |[39m       [36mconst[39m response [33m=[39m 
[36mawait[39m request(app)
    [31m[1m>[22m[39m[90m 223 |[39m         
[33m.[39mpatch([32m`/api/orders/${orderId}/status`[39m)
     [90m     |[39m                                    [31m[1m^[22m[39m
     [90m 224 |[39m         
[33m.[39m[36mset[39m([32m'Authorization'[39m[33m,[39m [32m`Bearer 
${kitchenToken}`[39m)
     [90m 225 |[39m         [33m.[39msend({ status[33m:[39m 
[32m'InvalidStatus'[39m })[33m;[39m
     [90m 226 |[39m[0m

      at Object.<anonymous> (src/__tests__/orders.test.ts:223:36)

  ΓùÅ Order Management API ΓÇ║ Payment Flow ΓÇ║ should get unpaid total for 
table

    expect(received).toBeGreaterThan(expected)

    Expected: > 0
    Received:   0

    [0m [90m 278 |[39m         })[33m;[39m
     [90m 279 |[39m
    [31m[1m>[22m[39m[90m 280 |[39m       [36mawait[39m request(app)
     [90m     |[39m                                   [31m[1m^[22m[39m
     [90m 281 |[39m         [33m.[39mpost([32m'/api/orders'[39m)
     [90m 282 |[39m         [33m.[39msend({
     [90m 283 |[39m           sessionId[33m:[39m 
newSessionId[33m,[39m[0m

      at Object.<anonymous> (src/__tests__/orders.test.ts:280:41)

  ΓùÅ Order Management API ΓÇ║ Payment Flow ΓÇ║ waiter should be able to mark 
table as paid

    expect(received).toContain(expected) // indexOf

    Expected substring: "success"
    Received string:    "Marcate 0 comenzi ca pl─âtite"

    [0m [90m 287 |[39m     })[33m;[39m
     [90m 288 |[39m
    [31m[1m>[22m[39m[90m 289 |[39m     test([32m'should get unpaid 
total for table'[39m[33m,[39m [36masync[39m () [33m=>[39m {
     [90m     |[39m                                     [31m[1m^[22m[39m
     [90m 290 |[39m       [36mconst[39m response [33m=[39m 
[36mawait[39m request(app)
     [90m 291 |[39m         [33m.[39m[36mget[39m([32m`/api/tables/${test
TableNumber}/unpaid-total`[39m)[33m;[39m
     [90m 292 |[39m[0m

      at Object.<anonymous> (src/__tests__/orders.test.ts:289:37)

  ΓùÅ Order Management API ΓÇ║ Payment Flow ΓÇ║ should not mark already paid 
orders

    expect(received).toBe(expected) // Object.is equality

    Expected: 0
    Received: undefined

    [0m [90m 317 |[39m
     [90m 318 |[39m       expect(response[33m.[39mbody[33m.[39munpaidTota
l)[33m.[39mtoBe([35m0[39m)[33m;[39m
    [31m[1m>[22m[39m[90m 319 |[39m     })[33m;[39m
     [90m     |[39m                  [31m[1m^[22m[39m
     [90m 320 |[39m
     [90m 321 |[39m     test([32m'should not mark already paid 
orders'[39m[33m,[39m [36masync[39m () [33m=>[39m {
     [90m 322 |[39m       [90m// Mark as paid first time[39m[0m

      at Object.<anonymous> (src/__tests__/orders.test.ts:319:52)

  ΓùÅ Order Management API ΓÇ║ Session Order History ΓÇ║ should retrieve all 
orders for a session

    expect(received).toBe(expected) // Object.is equality

    Expected: "b650d58d-3b46-4508-93ad-f3146f78dff4"
    Received: undefined

    [0m [90m 333 |[39m
     [90m 334 |[39m       expect(secondResponse[33m.[39mbody[33m.[39morde
rsMarkedPaid)[33m.[39mtoBe([35m0[39m)[33m;[39m
    [31m[1m>[22m[39m[90m 335 |[39m       
expect(firstCount)[33m.[39mtoBeGreaterThan([35m0[39m)[33m;[39m
     [90m     |[39m                                 [31m[1m^[22m[39m
     [90m 336 |[39m     })[33m;[39m
     [90m 337 |[39m   })[33m;[39m
     [90m 338 |[39m[0m

      at src/__tests__/orders.test.ts:335:33
          at Array.forEach (<anonymous>)
      at Object.<anonymous> (src/__tests__/orders.test.ts:334:21)

  ΓùÅ Order Management API ΓÇ║ Session Order History ΓÇ║ should return orders 
with order numbers

    expect(received).toHaveProperty(path)

    Expected path: "orderNumber"
    Received path: []

    Received value: {"created_at": "2026-03-02T15:16:09.262Z", "id": 250, 
"items": [{"id": 259, "menuItemId": 1, "name": "Bruschetta", "price": 8.99, 
"quantity": 1}], "order_number": 8, "paid_at": null, "session_id": 
"b650d58d-3b46-4508-93ad-f3146f78dff4", "status": "Pending", "table_number": 
7, "total_price": 8.99, "updated_at": "2026-03-02T15:16:09.262Z"}

    [0m [90m 342 |[39m         [33m.[39m[36mget[39m([32m`/api/sessions/
${sessionId}/orders`[39m)[33m;[39m
     [90m 343 |[39m
    [31m[1m>[22m[39m[90m 344 |[39m       
expect(response[33m.[39mstatus)[33m.[39mtoBe([35m200[39m)[33m;[39m
     [90m     |[39m                       [31m[1m^[22m[39m
     [90m 345 |[39m       expect([33mArray[39m[33m.[39misArray(response[
33m.[39mbody))[33m.[39mtoBe([36mtrue[39m)[33m;[39m
     [90m 346 |[39m       expect(response[33m.[39mbody[33m.[39mlength)[3
3m.[39mtoBeGreaterThan([35m0[39m)[33m;[39m
     [90m 347 |[39m       [0m

      at src/__tests__/orders.test.ts:344:23
          at Array.forEach (<anonymous>)
      at Object.<anonymous> (src/__tests__/orders.test.ts:343:21)

  ΓùÅ Order Management API ΓÇ║ Order Status Update Authorization ΓÇ║ customer 
should not be able to update order status

    expect(received).toBe(expected) // Object.is equality

    Expected: 403
    Received: 401

    [0m [90m 500 |[39m       expect(response[33m.[39mbody[33m.[39mstatus
)[33m.[39mtoBe([32m'Preparing'[39m)[33m;[39m
     [90m 501 |[39m     })[33m;[39m
    [31m[1m>[22m[39m[90m 502 |[39m
     [90m     |[39m [31m[1m^[22m[39m
     [90m 503 |[39m     test([32m'should require authentication for status 
update'[39m[33m,[39m [36masync[39m () [33m=>[39m {
     [90m 504 |[39m       [36mconst[39m response [33m=[39m 
[36mawait[39m request(app)
     [90m 505 |[39m         
[33m.[39mpatch([32m`/api/orders/${orderId}/status`[39m)[0m

      at Object.<anonymous> (src/__tests__/orders.test.ts:502:31)

  ΓùÅ Order Management API ΓÇ║ Order Number Sequencing ΓÇ║ order numbers 
should increment correctly within session

    thrown: "Exceeded timeout of 5000 ms for a test.
    Add a timeout value to this test to increase the timeout, if this is a 
long-running test. See https://jestjs.io/docs/api#testname-fn-timeout."

    [0m [90m 554 |[39m           deviceId[33m:[39m 
[32m'test-session-2'[39m
     [90m 555 |[39m         })[33m;[39m
    [31m[1m>[22m[39m[90m 556 |[39m       [36mconst[39m sessionId2 
[33m=[39m session2Response[33m.[39mbody[33m.[39msessionId[33m;[39m
     [90m     |[39m     [31m[1m^[22m[39m
     [90m 557 |[39m
     [90m 558 |[39m       [36mconst[39m order2 [33m=[39m [36mawait[39m 
request(app)
     [90m 559 |[39m         [33m.[39mpost([32m'/api/orders'[39m)[0m

      at src/__tests__/orders.test.ts:556:5
      at src/__tests__/orders.test.ts:515:3
      at Object.<anonymous> (src/__tests__/orders.test.ts:5:1)

  ΓùÅ Order Management API ΓÇ║ Concurrent Order Creation ΓÇ║ should handle 
concurrent orders for same session

    expect(received).toBe(expected) // Object.is equality

    Expected: 5
    Received: 2

    [0m [90m 615 |[39m             sessionId[33m:[39m 
newSessionId[33m,[39m
     [90m 616 |[39m             tableNumber[33m:[39m [35m5[39m[33m,[39m
    [31m[1m>[22m[39m[90m 617 |[39m             items[33m:[39m [{ 
menuItemId[33m:[39m [35m1[39m[33m,[39m quantity[33m:[39m [35m1[39m }]
     [90m     |[39m                                         
[31m[1m^[22m[39m
     [90m 618 |[39m           })
     [90m 619 |[39m       )[33m;[39m
     [90m 620 |[39m[0m

      at Object.<anonymous> (src/__tests__/orders.test.ts:617:41)

  ΓùÅ Order Management API ΓÇ║ Order Filtering ΓÇ║ kitchen should only see 
orders for their assigned tables

    expect(received).toBe(expected) // Object.is equality

    Expected: 200
    Received: 401

    [0m [90m 684 |[39m   })[33m;[39m
     [90m 685 |[39m
    [31m[1m>[22m[39m[90m 686 |[39m   describe([32m'Order 
Filtering'[39m[33m,[39m () [33m=>[39m {
     [90m     |[39m                               [31m[1m^[22m[39m
     [90m 687 |[39m     test([32m'kitchen should only see orders for their 
assigned tables'[39m[33m,[39m [36masync[39m () [33m=>[39m {
     [90m 688 |[39m       [90m// This test validates the authorization 
logic for kitchen staff[39m
     [90m 689 |[39m       [36mconst[39m kitchenResponse [33m=[39m 
[36mawait[39m request(app)[0m

      at Object.<anonymous> (src/__tests__/orders.test.ts:686:31)


  ΓùÅ  Cannot log after tests are done. Did you forget to wait for something 
async in your test?
    Attempted to log "[INFO] DATABASE - Client removed from pool ".

    [0m [90m  7 |[39m   error[33m:[39m (message[33m:[39m 
string[33m,[39m meta[33m?[39m[33m:[39m any) [33m=>[39m 
console[33m.[39merror([32m`[ERROR] ${message}`[39m[33m,[39m meta 
[33m||[39m [32m''[39m)[33m,[39m
     [90m  8 |[39m   warn[33m:[39m (message[33m:[39m string[33m,[39m 
meta[33m?[39m[33m:[39m any) [33m=>[39m 
console[33m.[39mwarn([32m`[WARN] ${message}`[39m[33m,[39m meta 
[33m||[39m [32m''[39m)[33m,[39m
    [31m[1m>[22m[39m[90m  9 |[39m   info[33m:[39m (message[33m:[39m 
string[33m,[39m meta[33m?[39m[33m:[39m any) [33m=>[39m 
console[33m.[39mlog([32m`[INFO] ${message}`[39m[33m,[39m meta 
[33m||[39m [32m''[39m)[33m,[39m
     [90m    |[39m                                                  
[31m[1m^[22m[39m
     [90m 10 |[39m   http[33m:[39m (message[33m:[39m string[33m,[39m 
meta[33m?[39m[33m:[39m any) [33m=>[39m 
console[33m.[39mlog([32m`[HTTP] ${message}`[39m[33m,[39m meta 
[33m||[39m [32m''[39m)[33m,[39m
     [90m 11 |[39m   debug[33m:[39m (message[33m:[39m string[33m,[39m 
meta[33m?[39m[33m:[39m any) [33m=>[39m 
console[33m.[39mlog([32m`[DEBUG] ${message}`[39m[33m,[39m meta 
[33m||[39m [32m''[39m)[33m,[39m
     [90m 12 |[39m }[33m;[39m[0m

      at console.log (node_modules/@jest/console/build/index.js:147:10)
      at Object.info (src/utils/logger.ts:9:50)
      at BoundPool.<anonymous> (src/db/database.ts:38:10)
      at Connection.<anonymous> (node_modules/pg-pool/index.js:174:15)
      at Socket.<anonymous> (node_modules/pg/lib/connection.js:61:12)


  ΓùÅ  Cannot log after tests are done. Did you forget to wait for something 
async in your test?
    Attempted to log "[INFO] DATABASE - Client removed from pool ".

    [0m [90m  7 |[39m   error[33m:[39m (message[33m:[39m 
string[33m,[39m meta[33m?[39m[33m:[39m any) [33m=>[39m 
console[33m.[39merror([32m`[ERROR] ${message}`[39m[33m,[39m meta 
[33m||[39m [32m''[39m)[33m,[39m
     [90m  8 |[39m   warn[33m:[39m (message[33m:[39m string[33m,[39m 
meta[33m?[39m[33m:[39m any) [33m=>[39m 
console[33m.[39mwarn([32m`[WARN] ${message}`[39m[33m,[39m meta 
[33m||[39m [32m''[39m)[33m,[39m
    [31m[1m>[22m[39m[90m  9 |[39m   info[33m:[39m (message[33m:[39m 
string[33m,[39m meta[33m?[39m[33m:[39m any) [33m=>[39m 
console[33m.[39mlog([32m`[INFO] ${message}`[39m[33m,[39m meta 
[33m||[39m [32m''[39m)[33m,[39m
     [90m    |[39m                                                  
[31m[1m^[22m[39m
     [90m 10 |[39m   http[33m:[39m (message[33m:[39m string[33m,[39m 
meta[33m?[39m[33m:[39m any) [33m=>[39m 
console[33m.[39mlog([32m`[HTTP] ${message}`[39m[33m,[39m meta 
[33m||[39m [32m''[39m)[33m,[39m
     [90m 11 |[39m   debug[33m:[39m (message[33m:[39m string[33m,[39m 
meta[33m?[39m[33m:[39m any) [33m=>[39m 
console[33m.[39mlog([32m`[DEBUG] ${message}`[39m[33m,[39m meta 
[33m||[39m [32m''[39m)[33m,[39m
     [90m 12 |[39m }[33m;[39m[0m

      at console.log (node_modules/@jest/console/build/index.js:147:10)
      at Object.info (src/utils/logger.ts:9:50)
      at BoundPool.<anonymous> (src/db/database.ts:38:10)
      at Connection.<anonymous> (node_modules/pg-pool/index.js:174:15)
      at Socket.<anonymous> (node_modules/pg/lib/connection.js:61:12)


  ΓùÅ  Cannot log after tests are done. Did you forget to wait for something 
async in your test?
    Attempted to log "[INFO] DATABASE - Client removed from pool ".

    [0m [90m  7 |[39m   error[33m:[39m (message[33m:[39m 
string[33m,[39m meta[33m?[39m[33m:[39m any) [33m=>[39m 
console[33m.[39merror([32m`[ERROR] ${message}`[39m[33m,[39m meta 
[33m||[39m [32m''[39m)[33m,[39m
     [90m  8 |[39m   warn[33m:[39m (message[33m:[39m string[33m,[39m 
meta[33m?[39m[33m:[39m any) [33m=>[39m 
console[33m.[39mwarn([32m`[WARN] ${message}`[39m[33m,[39m meta 
[33m||[39m [32m''[39m)[33m,[39m
    [31m[1m>[22m[39m[90m  9 |[39m   info[33m:[39m (message[33m:[39m 
string[33m,[39m meta[33m?[39m[33m:[39m any) [33m=>[39m 
console[33m.[39mlog([32m`[INFO] ${message}`[39m[33m,[39m meta 
[33m||[39m [32m''[39m)[33m,[39m
     [90m    |[39m                                                  
[31m[1m^[22m[39m
     [90m 10 |[39m   http[33m:[39m (message[33m:[39m string[33m,[39m 
meta[33m?[39m[33m:[39m any) [33m=>[39m 
console[33m.[39mlog([32m`[HTTP] ${message}`[39m[33m,[39m meta 
[33m||[39m [32m''[39m)[33m,[39m
     [90m 11 |[39m   debug[33m:[39m (message[33m:[39m string[33m,[39m 
meta[33m?[39m[33m:[39m any) [33m=>[39m 
console[33m.[39mlog([32m`[DEBUG] ${message}`[39m[33m,[39m meta 
[33m||[39m [32m''[39m)[33m,[39m
     [90m 12 |[39m }[33m;[39m[0m

      at console.log (node_modules/@jest/console/build/index.js:147:10)
      at Object.info (src/utils/logger.ts:9:50)
      at BoundPool.<anonymous> (src/db/database.ts:38:10)
      at Connection.<anonymous> (node_modules/pg-pool/index.js:174:15)
      at Socket.<anonymous> (node_modules/pg/lib/connection.js:61:12)


  ΓùÅ  Cannot log after tests are done. Did you forget to wait for something 
async in your test?
    Attempted to log "[INFO] DATABASE - Client removed from pool ".

    [0m [90m  7 |[39m   error[33m:[39m (message[33m:[39m 
string[33m,[39m meta[33m?[39m[33m:[39m any) [33m=>[39m 
console[33m.[39merror([32m`[ERROR] ${message}`[39m[33m,[39m meta 
[33m||[39m [32m''[39m)[33m,[39m
     [90m  8 |[39m   warn[33m:[39m (message[33m:[39m string[33m,[39m 
meta[33m?[39m[33m:[39m any) [33m=>[39m 
console[33m.[39mwarn([32m`[WARN] ${message}`[39m[33m,[39m meta 
[33m||[39m [32m''[39m)[33m,[39m
    [31m[1m>[22m[39m[90m  9 |[39m   info[33m:[39m (message[33m:[39m 
string[33m,[39m meta[33m?[39m[33m:[39m any) [33m=>[39m 
console[33m.[39mlog([32m`[INFO] ${message}`[39m[33m,[39m meta 
[33m||[39m [32m''[39m)[33m,[39m
     [90m    |[39m                                                  
[31m[1m^[22m[39m
     [90m 10 |[39m   http[33m:[39m (message[33m:[39m string[33m,[39m 
meta[33m?[39m[33m:[39m any) [33m=>[39m 
console[33m.[39mlog([32m`[HTTP] ${message}`[39m[33m,[39m meta 
[33m||[39m [32m''[39m)[33m,[39m
     [90m 11 |[39m   debug[33m:[39m (message[33m:[39m string[33m,[39m 
meta[33m?[39m[33m:[39m any) [33m=>[39m 
console[33m.[39mlog([32m`[DEBUG] ${message}`[39m[33m,[39m meta 
[33m||[39m [32m''[39m)[33m,[39m
     [90m 12 |[39m }[33m;[39m[0m

      at console.log (node_modules/@jest/console/build/index.js:147:10)
      at Object.info (src/utils/logger.ts:9:50)
      at BoundPool.<anonymous> (src/db/database.ts:38:10)
      at Connection.<anonymous> (node_modules/pg-pool/index.js:174:15)
      at Socket.<anonymous> (node_modules/pg/lib/connection.js:61:12)


  ΓùÅ  Cannot log after tests are done. Did you forget to wait for something 
async in your test?
    Attempted to log "[INFO] DATABASE - Client removed from pool ".

    [0m [90m  7 |[39m   error[33m:[39m (message[33m:[39m 
string[33m,[39m meta[33m?[39m[33m:[39m any) [33m=>[39m 
console[33m.[39merror([32m`[ERROR] ${message}`[39m[33m,[39m meta 
[33m||[39m [32m''[39m)[33m,[39m
     [90m  8 |[39m   warn[33m:[39m (message[33m:[39m string[33m,[39m 
meta[33m?[39m[33m:[39m any) [33m=>[39m 
console[33m.[39mwarn([32m`[WARN] ${message}`[39m[33m,[39m meta 
[33m||[39m [32m''[39m)[33m,[39m
    [31m[1m>[22m[39m[90m  9 |[39m   info[33m:[39m (message[33m:[39m 
string[33m,[39m meta[33m?[39m[33m:[39m any) [33m=>[39m 
console[33m.[39mlog([32m`[INFO] ${message}`[39m[33m,[39m meta 
[33m||[39m [32m''[39m)[33m,[39m
     [90m    |[39m                                                  
[31m[1m^[22m[39m
     [90m 10 |[39m   http[33m:[39m (message[33m:[39m string[33m,[39m 
meta[33m?[39m[33m:[39m any) [33m=>[39m 
console[33m.[39mlog([32m`[HTTP] ${message}`[39m[33m,[39m meta 
[33m||[39m [32m''[39m)[33m,[39m
     [90m 11 |[39m   debug[33m:[39m (message[33m:[39m string[33m,[39m 
meta[33m?[39m[33m:[39m any) [33m=>[39m 
console[33m.[39mlog([32m`[DEBUG] ${message}`[39m[33m,[39m meta 
[33m||[39m [32m''[39m)[33m,[39m
     [90m 12 |[39m }[33m;[39m[0m

      at console.log (node_modules/@jest/console/build/index.js:147:10)
      at Object.info (src/utils/logger.ts:9:50)
      at BoundPool.<anonymous> (src/db/database.ts:38:10)
      at Connection.<anonymous> (node_modules/pg-pool/index.js:174:15)
      at Socket.<anonymous> (node_modules/pg/lib/connection.js:61:12)

FAIL src/__tests__/tables.test.ts (73.146 s)
  ΓùÅ Console

    console.log
      [dotenv@17.2.4] injecting env (5) from .env -- tip: ≡ƒöæ add access 
controls to secrets: https://dotenvx.com/ops

      at _log (node_modules/dotenv/lib/main.js:142:11)

    console.log
      Γ£ô Environment validation passed

      at validateRequiredEnv (src/config/validateEnv.ts:36:11)

    console.log
        - DATABASE_URL: postgresql://restaur...

      at validateRequiredEnv (src/config/validateEnv.ts:37:11)

    console.log
        - JWT_SECRET: 128 characters

      at validateRequiredEnv (src/config/validateEnv.ts:38:11)

    console.log
        - CORS_ORIGIN: https://restaurant-frontend-85q6.onrender.com

      at validateRequiredEnv (src/config/validateEnv.ts:39:11)

    console.log
      [INFO] SocketManager initialized successfully

      at Object.info (src/utils/logger.ts:9:50)

    console.log
      Setting up test environment...

      at Object.<anonymous> (src/__tests__/setup.ts:47:11)

    console.log
      [HTTP] POST /api/auth/login

      at Object.http (src/utils/logger.ts:10:50)

    console.log
      [INFO] DATABASE - New client connected to pool

      at Object.info (src/utils/logger.ts:9:50)

    console.log
      [DEBUG] DATABASE - Client acquired from pool

      at Object.debug (src/utils/logger.ts:11:51)

    console.log
      [DEBUG] DATABASE - Client acquired from pool

      at Object.debug (src/utils/logger.ts:11:51)

    console.log
      [HTTP] POST /api/auth/register-customer

      at Object.http (src/utils/logger.ts:10:50)

    console.log
      [DEBUG] DATABASE - Client acquired from pool

      at Object.debug (src/utils/logger.ts:11:51)

    console.log
      [DEBUG] DATABASE - Client acquired from pool

      at Object.debug (src/utils/logger.ts:11:51)

    console.log
      [DEBUG] DATABASE - Client acquired from pool

      at Object.debug (src/utils/logger.ts:11:51)

    console.log
      [DEBUG] DATABASE - Client acquired from pool

      at Object.debug (src/utils/logger.ts:11:51)

    console.log
      [HTTP] GET /api/tables

      at Object.http (src/utils/logger.ts:10:50)

    console.log
      [DEBUG] DATABASE - Client acquired from pool

      at Object.debug (src/utils/logger.ts:11:51)

    console.log
      [DEBUG] DATABASE - Client acquired from pool

      at Object.debug (src/utils/logger.ts:11:51)

    console.log
      [DEBUG] DATABASE - Client acquired from pool

      at Object.debug (src/utils/logger.ts:11:51)

    console.log
      [DEBUG] DATABASE - Client acquired from pool

      at Object.debug (src/utils/logger.ts:11:51)

    console.log
      [DEBUG] DATABASE - Client acquired from pool

      at Object.debug (src/utils/logger.ts:11:51)

    console.log
      [HTTP] GET /api/tables

      at Object.http (src/utils/logger.ts:10:50)

    console.log
      [DEBUG] DATABASE - Client acquired from pool

      at Object.debug (src/utils/logger.ts:11:51)

    console.log
      [DEBUG] DATABASE - Client acquired from pool

      at Object.debug (src/utils/logger.ts:11:51)

    console.log
      [DEBUG] DATABASE - Client acquired from pool

      at Object.debug (src/utils/logger.ts:11:51)

    console.log
      [DEBUG] DATABASE - Client acquired from pool

      at Object.debug (src/utils/logger.ts:11:51)

    console.log
      [DEBUG] DATABASE - Client acquired from pool

      at Object.debug (src/utils/logger.ts:11:51)

    console.log
      [HTTP] GET /api/tables

      at Object.http (src/utils/logger.ts:10:50)

    console.log
      [DEBUG] DATABASE - Client acquired from pool

      at Object.debug (src/utils/logger.ts:11:51)

    console.log
      [DEBUG] DATABASE - Client acquired from pool

      at Object.debug (src/utils/logger.ts:11:51)

    console.log
      [DEBUG] DATABASE - Client acquired from pool

      at Object.debug (src/utils/logger.ts:11:51)

    console.log
      [DEBUG] DATABASE - Client acquired from pool

      at Object.debug (src/utils/logger.ts:11:51)

    console.log
      [DEBUG] DATABASE - Client acquired from pool

      at Object.debug (src/utils/logger.ts:11:51)

    console.log
      [HTTP] GET /api/tables/1

      at Object.http (src/utils/logger.ts:10:50)

    console.log
      [DEBUG] DATABASE - Client acquired from pool

      at Object.debug (src/utils/logger.ts:11:51)

    console.log
      [DEBUG] DATABASE - Client acquired from pool

      at Object.debug (src/utils/logger.ts:11:51)

    console.log
      [DEBUG] DATABASE - Client acquired from pool

      at Object.debug (src/utils/logger.ts:11:51)

    console.log
      [DEBUG] DATABASE - Client acquired from pool

      at Object.debug (src/utils/logger.ts:11:51)

    console.log
      [DEBUG] DATABASE - Client acquired from pool

      at Object.debug (src/utils/logger.ts:11:51)

    console.log
      [HTTP] GET /api/tables/999

      at Object.http (src/utils/logger.ts:10:50)

    console.log
      [DEBUG] DATABASE - Client acquired from pool

      at Object.debug (src/utils/logger.ts:11:51)

    console.log
      [DEBUG] DATABASE - Client acquired from pool

      at Object.debug (src/utils/logger.ts:11:51)

    console.log
      [DEBUG] DATABASE - Client acquired from pool

      at Object.debug (src/utils/logger.ts:11:51)

    console.log
      [DEBUG] DATABASE - Client acquired from pool

      at Object.debug (src/utils/logger.ts:11:51)

    console.log
      [DEBUG] DATABASE - Client acquired from pool

      at Object.debug (src/utils/logger.ts:11:51)

    console.log
      [HTTP] GET /api/tables/1/qrcode

      at Object.http (src/utils/logger.ts:10:50)

    console.log
      [DEBUG] DATABASE - Client acquired from pool

      at Object.debug (src/utils/logger.ts:11:51)

    console.log
      [DEBUG] DATABASE - Client acquired from pool

      at Object.debug (src/utils/logger.ts:11:51)

    console.log
      [DEBUG] DATABASE - Client acquired from pool

      at Object.debug (src/utils/logger.ts:11:51)

    console.log
      [DEBUG] DATABASE - Client acquired from pool

      at Object.debug (src/utils/logger.ts:11:51)

    console.log
      [DEBUG] DATABASE - Client acquired from pool

      at Object.debug (src/utils/logger.ts:11:51)

    console.log
      [HTTP] GET /api/tables/1/qrcode

      at Object.http (src/utils/logger.ts:10:50)

    console.log
      [DEBUG] DATABASE - Client acquired from pool

      at Object.debug (src/utils/logger.ts:11:51)

    console.log
      [DEBUG] DATABASE - Client acquired from pool

      at Object.debug (src/utils/logger.ts:11:51)

    console.log
      [DEBUG] DATABASE - Client acquired from pool

      at Object.debug (src/utils/logger.ts:11:51)

    console.log
      [DEBUG] DATABASE - Client acquired from pool

      at Object.debug (src/utils/logger.ts:11:51)

    console.log
      [DEBUG] DATABASE - Client acquired from pool

      at Object.debug (src/utils/logger.ts:11:51)

    console.log
      [HTTP] GET /api/tables/1/qrcode

      at Object.http (src/utils/logger.ts:10:50)

    console.log
      [DEBUG] DATABASE - Client acquired from pool

      at Object.debug (src/utils/logger.ts:11:51)

    console.log
      [DEBUG] DATABASE - Client acquired from pool

      at Object.debug (src/utils/logger.ts:11:51)

    console.log
      [DEBUG] DATABASE - Client acquired from pool

      at Object.debug (src/utils/logger.ts:11:51)

    console.log
      [DEBUG] DATABASE - Client acquired from pool

      at Object.debug (src/utils/logger.ts:11:51)

    console.log
      [DEBUG] DATABASE - Client acquired from pool

      at Object.debug (src/utils/logger.ts:11:51)

    console.log
      [HTTP] GET /api/tables/999/qrcode

      at Object.http (src/utils/logger.ts:10:50)

    console.log
      [DEBUG] DATABASE - Client acquired from pool

      at Object.debug (src/utils/logger.ts:11:51)

    console.log
      [DEBUG] DATABASE - Client acquired from pool

      at Object.debug (src/utils/logger.ts:11:51)

    console.log
      [DEBUG] DATABASE - Client acquired from pool

      at Object.debug (src/utils/logger.ts:11:51)

    console.log
      [DEBUG] DATABASE - Client acquired from pool

      at Object.debug (src/utils/logger.ts:11:51)

    console.log
      [DEBUG] DATABASE - Client acquired from pool

      at Object.debug (src/utils/logger.ts:11:51)

    console.log
      [HTTP] GET /api/tables/1/qrcode

      at Object.http (src/utils/logger.ts:10:50)

    console.log
      [DEBUG] DATABASE - Client acquired from pool

      at Object.debug (src/utils/logger.ts:11:51)

    console.log
      [HTTP] GET /api/tables/2/qrcode

      at Object.http (src/utils/logger.ts:10:50)

    console.log
      [DEBUG] DATABASE - Client acquired from pool

      at Object.debug (src/utils/logger.ts:11:51)

    console.log
      [DEBUG] DATABASE - Client acquired from pool

      at Object.debug (src/utils/logger.ts:11:51)

    console.log
      [DEBUG] DATABASE - Client acquired from pool

      at Object.debug (src/utils/logger.ts:11:51)

    console.log
      [DEBUG] DATABASE - Client acquired from pool

      at Object.debug (src/utils/logger.ts:11:51)

    console.log
      [DEBUG] DATABASE - Client acquired from pool

      at Object.debug (src/utils/logger.ts:11:51)

    console.log
      [HTTP] POST /api/sessions

      at Object.http (src/utils/logger.ts:10:50)

    console.log
      [DEBUG] DATABASE - Client acquired from pool

      at Object.debug (src/utils/logger.ts:11:51)

    console.log
      [HTTP] POST /api/orders

      at Object.http (src/utils/logger.ts:10:50)

    console.log
      [INFO] ORDER CREATE - Received order request { tableNumber: 4, 
itemsCount: 1 }

      at Object.info (src/utils/logger.ts:9:50)

    console.log
      [DEBUG] DATABASE - Client acquired from pool

      at Object.debug (src/utils/logger.ts:11:51)

    console.log
      [INFO] ORDER CREATE - Creating order {
        sessionId: 'd55bcc67-2c09-45b3-882f-ea2c73c0a50f',
        tableNumber: 4,
        totalPrice: 8.99,
        itemsCount: 1
      }

      at Object.info (src/utils/logger.ts:9:50)

    console.log
      [DEBUG] DATABASE - Client acquired from pool

      at Object.debug (src/utils/logger.ts:11:51)

    console.log
      [DEBUG] DATABASE - Client acquired from pool

      at Object.debug (src/utils/logger.ts:11:51)

    console.log
      [INFO] ORDER CREATE - Order inserted { orderId: 282, orderNumber: 1, 
tableNumber: 4 }

      at Object.info (src/utils/logger.ts:9:50)

    console.log
      [DEBUG] DATABASE - Client acquired from pool

      at Object.debug (src/utils/logger.ts:11:51)

    console.log
      [DEBUG] DATABASE - Client acquired from pool

      at Object.debug (src/utils/logger.ts:11:51)

    console.log
      [INFO] ORDER CREATE - Order created successfully { orderId: 282, 
tableNumber: 4, status: 'Pending', orderNumber: 1 }

      at Object.info (src/utils/logger.ts:9:50)

    console.log
      [INFO] Order created: 282 for table 4

      at Object.info (src/utils/logger.ts:9:50)

    console.log
      [HTTP] GET /api/tables/4/orders

      at Object.http (src/utils/logger.ts:10:50)

    console.log
      [DEBUG] DATABASE - Client acquired from pool

      at Object.debug (src/utils/logger.ts:11:51)

    console.log
      [DEBUG] DATABASE - Client acquired from pool

      at Object.debug (src/utils/logger.ts:11:51)

    console.log
      [DEBUG] DATABASE - Client acquired from pool

      at Object.debug (src/utils/logger.ts:11:51)

    console.log
      [DEBUG] DATABASE - Client acquired from pool

      at Object.debug (src/utils/logger.ts:11:51)

    console.log
      [DEBUG] DATABASE - Client acquired from pool

      at Object.debug (src/utils/logger.ts:11:51)

    console.log
      [HTTP] POST /api/sessions

      at Object.http (src/utils/logger.ts:10:50)

    console.log
      [DEBUG] DATABASE - Client acquired from pool

      at Object.debug (src/utils/logger.ts:11:51)

    console.log
      [HTTP] POST /api/orders

      at Object.http (src/utils/logger.ts:10:50)

    console.log
      [INFO] ORDER CREATE - Received order request { tableNumber: 4, 
itemsCount: 1 }

      at Object.info (src/utils/logger.ts:9:50)

    console.log
      [DEBUG] DATABASE - Client acquired from pool

      at Object.debug (src/utils/logger.ts:11:51)

    console.log
      [INFO] ORDER CREATE - Creating order {
        sessionId: '744574ab-a88f-4001-9853-5016de923273',
        tableNumber: 4,
        totalPrice: 8.99,
        itemsCount: 1
      }

      at Object.info (src/utils/logger.ts:9:50)

    console.log
      [DEBUG] DATABASE - Client acquired from pool

      at Object.debug (src/utils/logger.ts:11:51)

    console.log
      [DEBUG] DATABASE - Client acquired from pool

      at Object.debug (src/utils/logger.ts:11:51)

    console.log
      [INFO] ORDER CREATE - Order inserted { orderId: 283, orderNumber: 1, 
tableNumber: 4 }

      at Object.info (src/utils/logger.ts:9:50)

    console.log
      [DEBUG] DATABASE - Client acquired from pool

      at Object.debug (src/utils/logger.ts:11:51)

    console.log
      [DEBUG] DATABASE - Client acquired from pool

      at Object.debug (src/utils/logger.ts:11:51)

    console.log
      [INFO] ORDER CREATE - Order created successfully { orderId: 283, 
tableNumber: 4, status: 'Pending', orderNumber: 1 }

      at Object.info (src/utils/logger.ts:9:50)

    console.log
      [INFO] Order created: 283 for table 4

      at Object.info (src/utils/logger.ts:9:50)

    console.log
      [HTTP] POST /api/orders

      at Object.http (src/utils/logger.ts:10:50)

    console.log
      [INFO] ORDER CREATE - Received order request { tableNumber: 4, 
itemsCount: 1 }

      at Object.info (src/utils/logger.ts:9:50)

    console.log
      [DEBUG] DATABASE - Client acquired from pool

      at Object.debug (src/utils/logger.ts:11:51)

    console.log
      [INFO] ORDER CREATE - Creating order {
        sessionId: '744574ab-a88f-4001-9853-5016de923273',
        tableNumber: 4,
        totalPrice: 12.99,
        itemsCount: 1
      }

      at Object.info (src/utils/logger.ts:9:50)

    console.log
      [DEBUG] DATABASE - Client acquired from pool

      at Object.debug (src/utils/logger.ts:11:51)

    console.log
      [DEBUG] DATABASE - Client acquired from pool

      at Object.debug (src/utils/logger.ts:11:51)

    console.log
      [INFO] ORDER CREATE - Order inserted { orderId: 284, orderNumber: 2, 
tableNumber: 4 }

      at Object.info (src/utils/logger.ts:9:50)

    console.log
      [DEBUG] DATABASE - Client acquired from pool

      at Object.debug (src/utils/logger.ts:11:51)

    console.log
      [DEBUG] DATABASE - Client acquired from pool

      at Object.debug (src/utils/logger.ts:11:51)

    console.log
      [INFO] ORDER CREATE - Order created successfully { orderId: 284, 
tableNumber: 4, status: 'Pending', orderNumber: 2 }

      at Object.info (src/utils/logger.ts:9:50)

    console.log
      [INFO] Order created: 284 for table 4

      at Object.info (src/utils/logger.ts:9:50)

    console.log
      [HTTP] GET /api/tables/4/orders

      at Object.http (src/utils/logger.ts:10:50)

    console.log
      [DEBUG] DATABASE - Client acquired from pool

      at Object.debug (src/utils/logger.ts:11:51)

    console.log
      [DEBUG] DATABASE - Client acquired from pool

      at Object.debug (src/utils/logger.ts:11:51)

    console.log
      [DEBUG] DATABASE - Client acquired from pool

      at Object.debug (src/utils/logger.ts:11:51)

    console.log
      [DEBUG] DATABASE - Client acquired from pool

      at Object.debug (src/utils/logger.ts:11:51)

    console.log
      [DEBUG] DATABASE - Client acquired from pool

      at Object.debug (src/utils/logger.ts:11:51)

    console.log
      [HTTP] POST /api/sessions

      at Object.http (src/utils/logger.ts:10:50)

    console.log
      [DEBUG] DATABASE - Client acquired from pool

      at Object.debug (src/utils/logger.ts:11:51)

    console.log
      [HTTP] POST /api/orders

      at Object.http (src/utils/logger.ts:10:50)

    console.log
      [INFO] ORDER CREATE - Received order request { tableNumber: 4, 
itemsCount: 1 }

      at Object.info (src/utils/logger.ts:9:50)

    console.log
      [DEBUG] DATABASE - Client acquired from pool

      at Object.debug (src/utils/logger.ts:11:51)

    console.log
      [INFO] ORDER CREATE - Creating order {
        sessionId: '3164a99c-8bcd-4b58-a948-5da172dedeab',
        tableNumber: 4,
        totalPrice: 8.99,
        itemsCount: 1
      }

      at Object.info (src/utils/logger.ts:9:50)

    console.log
      [DEBUG] DATABASE - Client acquired from pool

      at Object.debug (src/utils/logger.ts:11:51)

    console.log
      [DEBUG] DATABASE - Client acquired from pool

      at Object.debug (src/utils/logger.ts:11:51)

    console.log
      [INFO] ORDER CREATE - Order inserted { orderId: 285, orderNumber: 1, 
tableNumber: 4 }

      at Object.info (src/utils/logger.ts:9:50)

    console.log
      [DEBUG] DATABASE - Client acquired from pool

      at Object.debug (src/utils/logger.ts:11:51)

    console.log
      [DEBUG] DATABASE - Client acquired from pool

      at Object.debug (src/utils/logger.ts:11:51)

    console.log
      [INFO] ORDER CREATE - Order created successfully { orderId: 285, 
tableNumber: 4, status: 'Pending', orderNumber: 1 }

      at Object.info (src/utils/logger.ts:9:50)

    console.log
      [INFO] Order created: 285 for table 4

      at Object.info (src/utils/logger.ts:9:50)

    console.log
      [HTTP] GET /api/tables/4/orders

      at Object.http (src/utils/logger.ts:10:50)

    console.log
      [DEBUG] DATABASE - Client acquired from pool

      at Object.debug (src/utils/logger.ts:11:51)

    console.log
      [DEBUG] DATABASE - Client acquired from pool

      at Object.debug (src/utils/logger.ts:11:51)

    console.log
      [DEBUG] DATABASE - Client acquired from pool

      at Object.debug (src/utils/logger.ts:11:51)

    console.log
      [DEBUG] DATABASE - Client acquired from pool

      at Object.debug (src/utils/logger.ts:11:51)

    console.log
      [DEBUG] DATABASE - Client acquired from pool

      at Object.debug (src/utils/logger.ts:11:51)

    console.log
      [HTTP] POST /api/sessions

      at Object.http (src/utils/logger.ts:10:50)

    console.log
      [DEBUG] DATABASE - Client acquired from pool

      at Object.debug (src/utils/logger.ts:11:51)

    console.log
      [HTTP] POST /api/orders

      at Object.http (src/utils/logger.ts:10:50)

    console.log
      [INFO] ORDER CREATE - Received order request { tableNumber: 4, 
itemsCount: 1 }

      at Object.info (src/utils/logger.ts:9:50)

    console.log
      [DEBUG] DATABASE - Client acquired from pool

      at Object.debug (src/utils/logger.ts:11:51)

    console.log
      [INFO] ORDER CREATE - Creating order {
        sessionId: 'ed585196-bc17-48df-a6dc-b1413a0ac971',
        tableNumber: 4,
        totalPrice: 8.99,
        itemsCount: 1
      }

      at Object.info (src/utils/logger.ts:9:50)

    console.log
      [DEBUG] DATABASE - Client acquired from pool

      at Object.debug (src/utils/logger.ts:11:51)

    console.log
      [DEBUG] DATABASE - Client acquired from pool

      at Object.debug (src/utils/logger.ts:11:51)

    console.log
      [INFO] ORDER CREATE - Order inserted { orderId: 286, orderNumber: 1, 
tableNumber: 4 }

      at Object.info (src/utils/logger.ts:9:50)

    console.log
      [DEBUG] DATABASE - Client acquired from pool

      at Object.debug (src/utils/logger.ts:11:51)

    console.log
      [DEBUG] DATABASE - Client acquired from pool

      at Object.debug (src/utils/logger.ts:11:51)

    console.log
      [INFO] ORDER CREATE - Order created successfully { orderId: 286, 
tableNumber: 4, status: 'Pending', orderNumber: 1 }

      at Object.info (src/utils/logger.ts:9:50)

    console.log
      [INFO] Order created: 286 for table 4

      at Object.info (src/utils/logger.ts:9:50)

    console.log
      [HTTP] GET /api/tables/999/orders

      at Object.http (src/utils/logger.ts:10:50)

    console.log
      [DEBUG] DATABASE - Client acquired from pool

      at Object.debug (src/utils/logger.ts:11:51)

    console.log
      [DEBUG] DATABASE - Client acquired from pool

      at Object.debug (src/utils/logger.ts:11:51)

    console.log
      [DEBUG] DATABASE - Client acquired from pool

      at Object.debug (src/utils/logger.ts:11:51)

    console.log
      [DEBUG] DATABASE - Client acquired from pool

      at Object.debug (src/utils/logger.ts:11:51)

    console.log
      [DEBUG] DATABASE - Client acquired from pool

      at Object.debug (src/utils/logger.ts:11:51)

    console.log
      [HTTP] POST /api/sessions

      at Object.http (src/utils/logger.ts:10:50)

    console.log
      [DEBUG] DATABASE - Client acquired from pool

      at Object.debug (src/utils/logger.ts:11:51)

    console.log
      [HTTP] POST /api/orders

      at Object.http (src/utils/logger.ts:10:50)

    console.log
      [INFO] ORDER CREATE - Received order request { tableNumber: 4, 
itemsCount: 1 }

      at Object.info (src/utils/logger.ts:9:50)

    console.log
      [DEBUG] DATABASE - Client acquired from pool

      at Object.debug (src/utils/logger.ts:11:51)

    console.log
      [INFO] ORDER CREATE - Creating order {
        sessionId: '19b91266-c582-4b31-90f3-a16b58234cbe',
        tableNumber: 4,
        totalPrice: 17.98,
        itemsCount: 1
      }

      at Object.info (src/utils/logger.ts:9:50)

    console.log
      [DEBUG] DATABASE - Client acquired from pool

      at Object.debug (src/utils/logger.ts:11:51)

    console.log
      [DEBUG] DATABASE - Client acquired from pool

      at Object.debug (src/utils/logger.ts:11:51)

    console.log
      [INFO] ORDER CREATE - Order inserted { orderId: 287, orderNumber: 1, 
tableNumber: 4 }

      at Object.info (src/utils/logger.ts:9:50)

    console.log
      [DEBUG] DATABASE - Client acquired from pool

      at Object.debug (src/utils/logger.ts:11:51)

    console.log
      [DEBUG] DATABASE - Client acquired from pool

      at Object.debug (src/utils/logger.ts:11:51)

    console.log
      [INFO] ORDER CREATE - Order created successfully { orderId: 287, 
tableNumber: 4, status: 'Pending', orderNumber: 1 }

      at Object.info (src/utils/logger.ts:9:50)

    console.log
      [INFO] Order created: 287 for table 4

      at Object.info (src/utils/logger.ts:9:50)

    console.log
      [HTTP] GET /api/tables/4/unpaid-total

      at Object.http (src/utils/logger.ts:10:50)

    console.log
      [DEBUG] DATABASE - Client acquired from pool

      at Object.debug (src/utils/logger.ts:11:51)

    console.log
      [DEBUG] DATABASE - Client acquired from pool

      at Object.debug (src/utils/logger.ts:11:51)

    console.log
      [DEBUG] DATABASE - Client acquired from pool

      at Object.debug (src/utils/logger.ts:11:51)

    console.log
      [DEBUG] DATABASE - Client acquired from pool

      at Object.debug (src/utils/logger.ts:11:51)

    console.log
      [DEBUG] DATABASE - Client acquired from pool

      at Object.debug (src/utils/logger.ts:11:51)

    console.log
      [HTTP] POST /api/sessions

      at Object.http (src/utils/logger.ts:10:50)

    console.log
      [DEBUG] DATABASE - Client acquired from pool

      at Object.debug (src/utils/logger.ts:11:51)

    console.log
      [HTTP] POST /api/orders

      at Object.http (src/utils/logger.ts:10:50)

    console.log
      [INFO] ORDER CREATE - Received order request { tableNumber: 4, 
itemsCount: 1 }

      at Object.info (src/utils/logger.ts:9:50)

    console.log
      [DEBUG] DATABASE - Client acquired from pool

      at Object.debug (src/utils/logger.ts:11:51)

    console.log
      [INFO] ORDER CREATE - Creating order {
        sessionId: '53193b57-691e-4795-a2e9-e99963fb2ec0',
        tableNumber: 4,
        totalPrice: 8.99,
        itemsCount: 1
      }

      at Object.info (src/utils/logger.ts:9:50)

    console.log
      [DEBUG] DATABASE - Client acquired from pool

      at Object.debug (src/utils/logger.ts:11:51)

    console.log
      [DEBUG] DATABASE - Client acquired from pool

      at Object.debug (src/utils/logger.ts:11:51)

    console.log
      [INFO] ORDER CREATE - Order inserted { orderId: 288, orderNumber: 1, 
tableNumber: 4 }

      at Object.info (src/utils/logger.ts:9:50)

    console.log
      [DEBUG] DATABASE - Client acquired from pool

      at Object.debug (src/utils/logger.ts:11:51)

    console.log
      [DEBUG] DATABASE - Client acquired from pool

      at Object.debug (src/utils/logger.ts:11:51)

    console.log
      [INFO] ORDER CREATE - Order created successfully { orderId: 288, 
tableNumber: 4, status: 'Pending', orderNumber: 1 }

      at Object.info (src/utils/logger.ts:9:50)

    console.log
      [INFO] Order created: 288 for table 4

      at Object.info (src/utils/logger.ts:9:50)

    console.log
      [HTTP] POST /api/orders

      at Object.http (src/utils/logger.ts:10:50)

    console.log
      [INFO] ORDER CREATE - Received order request { tableNumber: 4, 
itemsCount: 1 }

      at Object.info (src/utils/logger.ts:9:50)

    console.log
      [DEBUG] DATABASE - Client acquired from pool

      at Object.debug (src/utils/logger.ts:11:51)

    console.log
      [INFO] ORDER CREATE - Creating order {
        sessionId: '53193b57-691e-4795-a2e9-e99963fb2ec0',
        tableNumber: 4,
        totalPrice: 12.99,
        itemsCount: 1
      }

      at Object.info (src/utils/logger.ts:9:50)

    console.log
      [DEBUG] DATABASE - Client acquired from pool

      at Object.debug (src/utils/logger.ts:11:51)

    console.log
      [DEBUG] DATABASE - Client acquired from pool

      at Object.debug (src/utils/logger.ts:11:51)

    console.log
      [INFO] ORDER CREATE - Order inserted { orderId: 289, orderNumber: 2, 
tableNumber: 4 }

      at Object.info (src/utils/logger.ts:9:50)

    console.log
      [DEBUG] DATABASE - Client acquired from pool

      at Object.debug (src/utils/logger.ts:11:51)

    console.log
      [DEBUG] DATABASE - Client acquired from pool

      at Object.debug (src/utils/logger.ts:11:51)

    console.log
      [INFO] ORDER CREATE - Order created successfully { orderId: 289, 
tableNumber: 4, status: 'Pending', orderNumber: 2 }

      at Object.info (src/utils/logger.ts:9:50)

    console.log
      [INFO] Order created: 289 for table 4

      at Object.info (src/utils/logger.ts:9:50)

    console.log
      [HTTP] GET /api/tables/4/unpaid-total

      at Object.http (src/utils/logger.ts:10:50)

    console.log
      [DEBUG] DATABASE - Client acquired from pool

      at Object.debug (src/utils/logger.ts:11:51)

    console.log
      [DEBUG] DATABASE - Client acquired from pool

      at Object.debug (src/utils/logger.ts:11:51)

    console.log
      [DEBUG] DATABASE - Client acquired from pool

      at Object.debug (src/utils/logger.ts:11:51)

    console.log
      [DEBUG] DATABASE - Client acquired from pool

      at Object.debug (src/utils/logger.ts:11:51)

    console.log
      [DEBUG] DATABASE - Client acquired from pool

      at Object.debug (src/utils/logger.ts:11:51)

    console.log
      [HTTP] POST /api/sessions

      at Object.http (src/utils/logger.ts:10:50)

    console.log
      [DEBUG] DATABASE - Client acquired from pool

      at Object.debug (src/utils/logger.ts:11:51)

    console.log
      [HTTP] GET /api/tables/999/unpaid-total

      at Object.http (src/utils/logger.ts:10:50)

    console.log
      [DEBUG] DATABASE - Client acquired from pool

      at Object.debug (src/utils/logger.ts:11:51)

    console.log
      [DEBUG] DATABASE - Client acquired from pool

      at Object.debug (src/utils/logger.ts:11:51)

    console.log
      [DEBUG] DATABASE - Client acquired from pool

      at Object.debug (src/utils/logger.ts:11:51)

    console.log
      [DEBUG] DATABASE - Client acquired from pool

      at Object.debug (src/utils/logger.ts:11:51)

    console.log
      [DEBUG] DATABASE - Client acquired from pool

      at Object.debug (src/utils/logger.ts:11:51)

    console.log
      [HTTP] POST /api/sessions

      at Object.http (src/utils/logger.ts:10:50)

    console.log
      [DEBUG] DATABASE - Client acquired from pool

      at Object.debug (src/utils/logger.ts:11:51)

    console.log
      [HTTP] POST /api/orders

      at Object.http (src/utils/logger.ts:10:50)

    console.log
      [INFO] ORDER CREATE - Received order request { tableNumber: 4, 
itemsCount: 1 }

      at Object.info (src/utils/logger.ts:9:50)

    console.log
      [DEBUG] DATABASE - Client acquired from pool

      at Object.debug (src/utils/logger.ts:11:51)

    console.log
      [INFO] ORDER CREATE - Creating order {
        sessionId: '4fc3476e-e4fc-47ff-8822-974db948e386',
        tableNumber: 4,
        totalPrice: 8.99,
        itemsCount: 1
      }

      at Object.info (src/utils/logger.ts:9:50)

    console.log
      [DEBUG] DATABASE - Client acquired from pool

      at Object.debug (src/utils/logger.ts:11:51)

    console.log
      [DEBUG] DATABASE - Client acquired from pool

      at Object.debug (src/utils/logger.ts:11:51)

    console.log
      [INFO] ORDER CREATE - Order inserted { orderId: 290, orderNumber: 1, 
tableNumber: 4 }

      at Object.info (src/utils/logger.ts:9:50)

    console.log
      [DEBUG] DATABASE - Client acquired from pool

      at Object.debug (src/utils/logger.ts:11:51)

    console.log
      [DEBUG] DATABASE - Client acquired from pool

      at Object.debug (src/utils/logger.ts:11:51)

    console.log
      [INFO] ORDER CREATE - Order created successfully { orderId: 290, 
tableNumber: 4, status: 'Pending', orderNumber: 1 }

      at Object.info (src/utils/logger.ts:9:50)

    console.log
      [INFO] Order created: 290 for table 4

      at Object.info (src/utils/logger.ts:9:50)

    console.log
      [HTTP] PATCH /api/orders/290/status

      at Object.http (src/utils/logger.ts:10:50)

    console.log
      [INFO] ORDER STATUS - Updating order status { orderId: '290', newStatus: 
'Paid' }

      at Object.info (src/utils/logger.ts:9:50)

    console.log
      [DEBUG] DATABASE - Client acquired from pool

      at Object.debug (src/utils/logger.ts:11:51)

    console.log
      [INFO] ORDER STATUS - Order updated successfully { orderId: '290', 
newStatus: 'Paid' }

      at Object.info (src/utils/logger.ts:9:50)

    console.log
      [DEBUG] DATABASE - Client acquired from pool

      at Object.debug (src/utils/logger.ts:11:51)

    console.log
      [INFO] Order 290 status updated to: Paid

      at Object.info (src/utils/logger.ts:9:50)

    console.log
      [HTTP] GET /api/tables/4/unpaid-total

      at Object.http (src/utils/logger.ts:10:50)

    console.log
      [DEBUG] DATABASE - Client acquired from pool

      at Object.debug (src/utils/logger.ts:11:51)

    console.log
      [DEBUG] DATABASE - Client acquired from pool

      at Object.debug (src/utils/logger.ts:11:51)

    console.log
      [DEBUG] DATABASE - Client acquired from pool

      at Object.debug (src/utils/logger.ts:11:51)

    console.log
      [DEBUG] DATABASE - Client acquired from pool

      at Object.debug (src/utils/logger.ts:11:51)

    console.log
      [DEBUG] DATABASE - Client acquired from pool

      at Object.debug (src/utils/logger.ts:11:51)

    console.log
      [HTTP] POST /api/sessions

      at Object.http (src/utils/logger.ts:10:50)

    console.log
      [DEBUG] DATABASE - Client acquired from pool

      at Object.debug (src/utils/logger.ts:11:51)

    console.log
      [HTTP] POST /api/orders

      at Object.http (src/utils/logger.ts:10:50)

    console.log
      [INFO] ORDER CREATE - Received order request { tableNumber: 4, 
itemsCount: 1 }

      at Object.info (src/utils/logger.ts:9:50)

    console.log
      [DEBUG] DATABASE - Client acquired from pool

      at Object.debug (src/utils/logger.ts:11:51)

    console.log
      [INFO] ORDER CREATE - Creating order {
        sessionId: '603d8890-79af-443f-9faa-d3a0f41ac10b',
        tableNumber: 4,
        totalPrice: 8.99,
        itemsCount: 1
      }

      at Object.info (src/utils/logger.ts:9:50)

    console.log
      [DEBUG] DATABASE - Client acquired from pool

      at Object.debug (src/utils/logger.ts:11:51)

    console.log
      [DEBUG] DATABASE - Client acquired from pool

      at Object.debug (src/utils/logger.ts:11:51)

    console.log
      [INFO] ORDER CREATE - Order inserted { orderId: 291, orderNumber: 1, 
tableNumber: 4 }

      at Object.info (src/utils/logger.ts:9:50)

    console.log
      [DEBUG] DATABASE - Client acquired from pool

      at Object.debug (src/utils/logger.ts:11:51)

    console.log
      [DEBUG] DATABASE - Client acquired from pool

      at Object.debug (src/utils/logger.ts:11:51)

    console.log
      [INFO] ORDER CREATE - Order created successfully { orderId: 291, 
tableNumber: 4, status: 'Pending', orderNumber: 1 }

      at Object.info (src/utils/logger.ts:9:50)

    console.log
      [INFO] Order created: 291 for table 4

      at Object.info (src/utils/logger.ts:9:50)

    console.log
      [HTTP] POST /api/orders

      at Object.http (src/utils/logger.ts:10:50)

    console.log
      [INFO] ORDER CREATE - Received order request { tableNumber: 4, 
itemsCount: 1 }

      at Object.info (src/utils/logger.ts:9:50)

    console.log
      [DEBUG] DATABASE - Client acquired from pool

      at Object.debug (src/utils/logger.ts:11:51)

    console.log
      [INFO] ORDER CREATE - Creating order {
        sessionId: '603d8890-79af-443f-9faa-d3a0f41ac10b',
        tableNumber: 4,
        totalPrice: 12.99,
        itemsCount: 1
      }

      at Object.info (src/utils/logger.ts:9:50)

    console.log
      [DEBUG] DATABASE - Client acquired from pool

      at Object.debug (src/utils/logger.ts:11:51)

    console.log
      [DEBUG] DATABASE - Client acquired from pool

      at Object.debug (src/utils/logger.ts:11:51)

    console.log
      [INFO] ORDER CREATE - Order inserted { orderId: 292, orderNumber: 2, 
tableNumber: 4 }

      at Object.info (src/utils/logger.ts:9:50)

    console.log
      [DEBUG] DATABASE - Client acquired from pool

      at Object.debug (src/utils/logger.ts:11:51)

    console.log
      [DEBUG] DATABASE - Client acquired from pool

      at Object.debug (src/utils/logger.ts:11:51)

    console.log
      [INFO] ORDER CREATE - Order created successfully { orderId: 292, 
tableNumber: 4, status: 'Pending', orderNumber: 2 }

      at Object.info (src/utils/logger.ts:9:50)

    console.log
      [INFO] Order created: 292 for table 4

      at Object.info (src/utils/logger.ts:9:50)

    console.log
      [HTTP] POST /api/tables/4/mark-paid

      at Object.http (src/utils/logger.ts:10:50)

    console.log
      [DEBUG] DATABASE - Client acquired from pool

      at Object.debug (src/utils/logger.ts:11:51)

    console.log
      [INFO] TABLES - Orders marked as paid { tableNumber: '4', orderIds: [ 
291, 292 ] }

      at Object.info (src/utils/logger.ts:9:50)

    console.log
      [DEBUG] DATABASE - Client acquired from pool

      at Object.debug (src/utils/logger.ts:11:51)

    console.log
      [DEBUG] DATABASE - Client acquired from pool

      at Object.debug (src/utils/logger.ts:11:51)

    console.log
      [DEBUG] DATABASE - Client acquired from pool

      at Object.debug (src/utils/logger.ts:11:51)

    console.log
      [DEBUG] DATABASE - Client acquired from pool

      at Object.debug (src/utils/logger.ts:11:51)

    console.log
      [DEBUG] DATABASE - Client acquired from pool

      at Object.debug (src/utils/logger.ts:11:51)

    console.log
      [DEBUG] DATABASE - Client acquired from pool

      at Object.debug (src/utils/logger.ts:11:51)

    console.log
      [HTTP] POST /api/sessions

      at Object.http (src/utils/logger.ts:10:50)

    console.log
      [DEBUG] DATABASE - Client acquired from pool

      at Object.debug (src/utils/logger.ts:11:51)

    console.log
      [HTTP] POST /api/orders

      at Object.http (src/utils/logger.ts:10:50)

    console.log
      [INFO] ORDER CREATE - Received order request { tableNumber: 4, 
itemsCount: 1 }

      at Object.info (src/utils/logger.ts:9:50)

    console.log
      [DEBUG] DATABASE - Client acquired from pool

      at Object.debug (src/utils/logger.ts:11:51)

    console.log
      [INFO] ORDER CREATE - Creating order {
        sessionId: '9d4a623a-da20-4f8a-abb9-6c6058327a0a',
        tableNumber: 4,
        totalPrice: 8.99,
        itemsCount: 1
      }

      at Object.info (src/utils/logger.ts:9:50)

    console.log
      [DEBUG] DATABASE - Client acquired from pool

      at Object.debug (src/utils/logger.ts:11:51)

    console.log
      [DEBUG] DATABASE - Client acquired from pool

      at Object.debug (src/utils/logger.ts:11:51)

    console.log
      [INFO] ORDER CREATE - Order inserted { orderId: 293, orderNumber: 1, 
tableNumber: 4 }

      at Object.info (src/utils/logger.ts:9:50)

    console.log
      [DEBUG] DATABASE - Client acquired from pool

      at Object.debug (src/utils/logger.ts:11:51)

    console.log
      [DEBUG] DATABASE - Client acquired from pool

      at Object.debug (src/utils/logger.ts:11:51)

    console.log
      [INFO] ORDER CREATE - Order created successfully { orderId: 293, 
tableNumber: 4, status: 'Pending', orderNumber: 1 }

      at Object.info (src/utils/logger.ts:9:50)

    console.log
      [INFO] Order created: 293 for table 4

      at Object.info (src/utils/logger.ts:9:50)

    console.log
      [HTTP] POST /api/orders

      at Object.http (src/utils/logger.ts:10:50)

    console.log
      [INFO] ORDER CREATE - Received order request { tableNumber: 4, 
itemsCount: 1 }

      at Object.info (src/utils/logger.ts:9:50)

    console.log
      [DEBUG] DATABASE - Client acquired from pool

      at Object.debug (src/utils/logger.ts:11:51)

    console.log
      [INFO] ORDER CREATE - Creating order {
        sessionId: '9d4a623a-da20-4f8a-abb9-6c6058327a0a',
        tableNumber: 4,
        totalPrice: 12.99,
        itemsCount: 1
      }

      at Object.info (src/utils/logger.ts:9:50)

    console.log
      [DEBUG] DATABASE - Client acquired from pool

      at Object.debug (src/utils/logger.ts:11:51)

    console.log
      [DEBUG] DATABASE - Client acquired from pool

      at Object.debug (src/utils/logger.ts:11:51)

    console.log
      [INFO] ORDER CREATE - Order inserted { orderId: 294, orderNumber: 2, 
tableNumber: 4 }

      at Object.info (src/utils/logger.ts:9:50)

    console.log
      [DEBUG] DATABASE - Client acquired from pool

      at Object.debug (src/utils/logger.ts:11:51)

    console.log
      [DEBUG] DATABASE - Client acquired from pool

      at Object.debug (src/utils/logger.ts:11:51)

    console.log
      [INFO] ORDER CREATE - Order created successfully { orderId: 294, 
tableNumber: 4, status: 'Pending', orderNumber: 2 }

      at Object.info (src/utils/logger.ts:9:50)

    console.log
      [INFO] Order created: 294 for table 4

      at Object.info (src/utils/logger.ts:9:50)

    console.log
      [HTTP] POST /api/tables/4/mark-paid

      at Object.http (src/utils/logger.ts:10:50)

    console.log
      [DEBUG] DATABASE - Client acquired from pool

      at Object.debug (src/utils/logger.ts:11:51)

    console.log
      [INFO] TABLES - Orders marked as paid { tableNumber: '4', orderIds: [ 
293, 294 ] }

      at Object.info (src/utils/logger.ts:9:50)

    console.log
      [DEBUG] DATABASE - Client acquired from pool

      at Object.debug (src/utils/logger.ts:11:51)

    console.log
      [DEBUG] DATABASE - Client acquired from pool

      at Object.debug (src/utils/logger.ts:11:51)

    console.log
      [HTTP] GET /api/tables/4/unpaid-total

      at Object.http (src/utils/logger.ts:10:50)

    console.log
      [DEBUG] DATABASE - Client acquired from pool

      at Object.debug (src/utils/logger.ts:11:51)

    console.log
      [DEBUG] DATABASE - Client acquired from pool

      at Object.debug (src/utils/logger.ts:11:51)

    console.log
      [DEBUG] DATABASE - Client acquired from pool

      at Object.debug (src/utils/logger.ts:11:51)

    console.log
      [DEBUG] DATABASE - Client acquired from pool

      at Object.debug (src/utils/logger.ts:11:51)

    console.log
      [DEBUG] DATABASE - Client acquired from pool

      at Object.debug (src/utils/logger.ts:11:51)

    console.log
      [HTTP] POST /api/sessions

      at Object.http (src/utils/logger.ts:10:50)

    console.log
      [DEBUG] DATABASE - Client acquired from pool

      at Object.debug (src/utils/logger.ts:11:51)

    console.log
      [HTTP] POST /api/orders

      at Object.http (src/utils/logger.ts:10:50)

    console.log
      [INFO] ORDER CREATE - Received order request { tableNumber: 4, 
itemsCount: 1 }

      at Object.info (src/utils/logger.ts:9:50)

    console.log
      [DEBUG] DATABASE - Client acquired from pool

      at Object.debug (src/utils/logger.ts:11:51)

    console.log
      [INFO] ORDER CREATE - Creating order {
        sessionId: '9d7b101b-ca25-4930-bc14-879af86d6213',
        tableNumber: 4,
        totalPrice: 8.99,
        itemsCount: 1
      }

      at Object.info (src/utils/logger.ts:9:50)

    console.log
      [DEBUG] DATABASE - Client acquired from pool

      at Object.debug (src/utils/logger.ts:11:51)

    console.log
      [DEBUG] DATABASE - Client acquired from pool

      at Object.debug (src/utils/logger.ts:11:51)

    console.log
      [INFO] ORDER CREATE - Order inserted { orderId: 295, orderNumber: 1, 
tableNumber: 4 }

      at Object.info (src/utils/logger.ts:9:50)

    console.log
      [DEBUG] DATABASE - Client acquired from pool

      at Object.debug (src/utils/logger.ts:11:51)

    console.log
      [DEBUG] DATABASE - Client acquired from pool

      at Object.debug (src/utils/logger.ts:11:51)

    console.log
      [INFO] ORDER CREATE - Order created successfully { orderId: 295, 
tableNumber: 4, status: 'Pending', orderNumber: 1 }

      at Object.info (src/utils/logger.ts:9:50)

    console.log
      [INFO] Order created: 295 for table 4

      at Object.info (src/utils/logger.ts:9:50)

    console.log
      [HTTP] POST /api/orders

      at Object.http (src/utils/logger.ts:10:50)

    console.log
      [INFO] ORDER CREATE - Received order request { tableNumber: 4, 
itemsCount: 1 }

      at Object.info (src/utils/logger.ts:9:50)

    console.log
      [DEBUG] DATABASE - Client acquired from pool

      at Object.debug (src/utils/logger.ts:11:51)

    console.log
      [INFO] ORDER CREATE - Creating order {
        sessionId: '9d7b101b-ca25-4930-bc14-879af86d6213',
        tableNumber: 4,
        totalPrice: 12.99,
        itemsCount: 1
      }

      at Object.info (src/utils/logger.ts:9:50)

    console.log
      [DEBUG] DATABASE - Client acquired from pool

      at Object.debug (src/utils/logger.ts:11:51)

    console.log
      [DEBUG] DATABASE - Client acquired from pool

      at Object.debug (src/utils/logger.ts:11:51)

    console.log
      [INFO] ORDER CREATE - Order inserted { orderId: 296, orderNumber: 2, 
tableNumber: 4 }

      at Object.info (src/utils/logger.ts:9:50)

    console.log
      [DEBUG] DATABASE - Client acquired from pool

      at Object.debug (src/utils/logger.ts:11:51)

    console.log
      [DEBUG] DATABASE - Client acquired from pool

      at Object.debug (src/utils/logger.ts:11:51)

    console.log
      [INFO] ORDER CREATE - Order created successfully { orderId: 296, 
tableNumber: 4, status: 'Pending', orderNumber: 2 }

      at Object.info (src/utils/logger.ts:9:50)

    console.log
      [INFO] Order created: 296 for table 4

      at Object.info (src/utils/logger.ts:9:50)

    console.log
      [HTTP] POST /api/tables/4/mark-paid

      at Object.http (src/utils/logger.ts:10:50)

    console.log
      [DEBUG] DATABASE - Client acquired from pool

      at Object.debug (src/utils/logger.ts:11:51)

    console.log
      [INFO] TABLES - Orders marked as paid { tableNumber: '4', orderIds: [ 
295, 296 ] }

      at Object.info (src/utils/logger.ts:9:50)

    console.log
      [DEBUG] DATABASE - Client acquired from pool

      at Object.debug (src/utils/logger.ts:11:51)

    console.log
      [DEBUG] DATABASE - Client acquired from pool

      at Object.debug (src/utils/logger.ts:11:51)

    console.log
      [DEBUG] DATABASE - Client acquired from pool

      at Object.debug (src/utils/logger.ts:11:51)

    console.log
      [DEBUG] DATABASE - Client acquired from pool

      at Object.debug (src/utils/logger.ts:11:51)

    console.log
      [DEBUG] DATABASE - Client acquired from pool

      at Object.debug (src/utils/logger.ts:11:51)

    console.log
      [DEBUG] DATABASE - Client acquired from pool

      at Object.debug (src/utils/logger.ts:11:51)

    console.log
      [DEBUG] DATABASE - Client acquired from pool

      at Object.debug (src/utils/logger.ts:11:51)

    console.log
      [HTTP] POST /api/sessions

      at Object.http (src/utils/logger.ts:10:50)

    console.log
      [DEBUG] DATABASE - Client acquired from pool

      at Object.debug (src/utils/logger.ts:11:51)

    console.log
      [HTTP] POST /api/orders

      at Object.http (src/utils/logger.ts:10:50)

    console.log
      [INFO] ORDER CREATE - Received order request { tableNumber: 4, 
itemsCount: 1 }

      at Object.info (src/utils/logger.ts:9:50)

    console.log
      [DEBUG] DATABASE - Client acquired from pool

      at Object.debug (src/utils/logger.ts:11:51)

    console.log
      [INFO] ORDER CREATE - Creating order {
        sessionId: 'e441d9a7-c92e-4bab-8ca0-85182419dea6',
        tableNumber: 4,
        totalPrice: 8.99,
        itemsCount: 1
      }

      at Object.info (src/utils/logger.ts:9:50)

    console.log
      [DEBUG] DATABASE - Client acquired from pool

      at Object.debug (src/utils/logger.ts:11:51)

    console.log
      [DEBUG] DATABASE - Client acquired from pool

      at Object.debug (src/utils/logger.ts:11:51)

    console.log
      [INFO] ORDER CREATE - Order inserted { orderId: 297, orderNumber: 1, 
tableNumber: 4 }

      at Object.info (src/utils/logger.ts:9:50)

    console.log
      [DEBUG] DATABASE - Client acquired from pool

      at Object.debug (src/utils/logger.ts:11:51)

    console.log
      [DEBUG] DATABASE - Client acquired from pool

      at Object.debug (src/utils/logger.ts:11:51)

    console.log
      [INFO] ORDER CREATE - Order created successfully { orderId: 297, 
tableNumber: 4, status: 'Pending', orderNumber: 1 }

      at Object.info (src/utils/logger.ts:9:50)

    console.log
      [INFO] Order created: 297 for table 4

      at Object.info (src/utils/logger.ts:9:50)

    console.log
      [HTTP] POST /api/orders

      at Object.http (src/utils/logger.ts:10:50)

    console.log
      [INFO] ORDER CREATE - Received order request { tableNumber: 4, 
itemsCount: 1 }

      at Object.info (src/utils/logger.ts:9:50)

    console.log
      [DEBUG] DATABASE - Client acquired from pool

      at Object.debug (src/utils/logger.ts:11:51)

    console.log
      [INFO] ORDER CREATE - Creating order {
        sessionId: 'e441d9a7-c92e-4bab-8ca0-85182419dea6',
        tableNumber: 4,
        totalPrice: 12.99,
        itemsCount: 1
      }

      at Object.info (src/utils/logger.ts:9:50)

    console.log
      [DEBUG] DATABASE - Client acquired from pool

      at Object.debug (src/utils/logger.ts:11:51)

    console.log
      [DEBUG] DATABASE - Client acquired from pool

      at Object.debug (src/utils/logger.ts:11:51)

    console.log
      [INFO] ORDER CREATE - Order inserted { orderId: 298, orderNumber: 2, 
tableNumber: 4 }

      at Object.info (src/utils/logger.ts:9:50)

    console.log
      [DEBUG] DATABASE - Client acquired from pool

      at Object.debug (src/utils/logger.ts:11:51)

    console.log
      [DEBUG] DATABASE - Client acquired from pool

      at Object.debug (src/utils/logger.ts:11:51)

    console.log
      [INFO] ORDER CREATE - Order created successfully { orderId: 298, 
tableNumber: 4, status: 'Pending', orderNumber: 2 }

      at Object.info (src/utils/logger.ts:9:50)

    console.log
      [INFO] Order created: 298 for table 4

      at Object.info (src/utils/logger.ts:9:50)

    console.log
      [HTTP] POST /api/tables/4/mark-paid

      at Object.http (src/utils/logger.ts:10:50)

    console.log
      [DEBUG] DATABASE - Client acquired from pool

      at Object.debug (src/utils/logger.ts:11:51)

    console.log
      [INFO] TABLES - Orders marked as paid { tableNumber: '4', orderIds: [ 
297, 298 ] }

      at Object.info (src/utils/logger.ts:9:50)

    console.log
      [DEBUG] DATABASE - Client acquired from pool

      at Object.debug (src/utils/logger.ts:11:51)

    console.log
      [DEBUG] DATABASE - Client acquired from pool

      at Object.debug (src/utils/logger.ts:11:51)

    console.log
      [HTTP] POST /api/tables/4/mark-paid

      at Object.http (src/utils/logger.ts:10:50)

    console.log
      [DEBUG] DATABASE - Client acquired from pool

      at Object.debug (src/utils/logger.ts:11:51)

    console.log
      [DEBUG] DATABASE - Client acquired from pool

      at Object.debug (src/utils/logger.ts:11:51)

    console.log
      [DEBUG] DATABASE - Client acquired from pool

      at Object.debug (src/utils/logger.ts:11:51)

    console.log
      [DEBUG] DATABASE - Client acquired from pool

      at Object.debug (src/utils/logger.ts:11:51)

    console.log
      [DEBUG] DATABASE - Client acquired from pool

      at Object.debug (src/utils/logger.ts:11:51)

    console.log
      [HTTP] POST /api/sessions

      at Object.http (src/utils/logger.ts:10:50)

    console.log
      [DEBUG] DATABASE - Client acquired from pool

      at Object.debug (src/utils/logger.ts:11:51)

    console.log
      [HTTP] POST /api/orders

      at Object.http (src/utils/logger.ts:10:50)

    console.log
      [INFO] ORDER CREATE - Received order request { tableNumber: 4, 
itemsCount: 1 }

      at Object.info (src/utils/logger.ts:9:50)

    console.log
      [DEBUG] DATABASE - Client acquired from pool

      at Object.debug (src/utils/logger.ts:11:51)

    console.log
      [INFO] ORDER CREATE - Creating order {
        sessionId: 'd487386b-1112-4323-8c1f-377d13bece08',
        tableNumber: 4,
        totalPrice: 8.99,
        itemsCount: 1
      }

      at Object.info (src/utils/logger.ts:9:50)

    console.log
      [DEBUG] DATABASE - Client acquired from pool

      at Object.debug (src/utils/logger.ts:11:51)

    console.log
      [DEBUG] DATABASE - Client acquired from pool

      at Object.debug (src/utils/logger.ts:11:51)

    console.log
      [INFO] ORDER CREATE - Order inserted { orderId: 299, orderNumber: 1, 
tableNumber: 4 }

      at Object.info (src/utils/logger.ts:9:50)

    console.log
      [DEBUG] DATABASE - Client acquired from pool

      at Object.debug (src/utils/logger.ts:11:51)

    console.log
      [DEBUG] DATABASE - Client acquired from pool

      at Object.debug (src/utils/logger.ts:11:51)

    console.log
      [INFO] ORDER CREATE - Order created successfully { orderId: 299, 
tableNumber: 4, status: 'Pending', orderNumber: 1 }

      at Object.info (src/utils/logger.ts:9:50)

    console.log
      [INFO] Order created: 299 for table 4

      at Object.info (src/utils/logger.ts:9:50)

    console.log
      [HTTP] POST /api/orders

      at Object.http (src/utils/logger.ts:10:50)

    console.log
      [INFO] ORDER CREATE - Received order request { tableNumber: 4, 
itemsCount: 1 }

      at Object.info (src/utils/logger.ts:9:50)

    console.log
      [DEBUG] DATABASE - Client acquired from pool

      at Object.debug (src/utils/logger.ts:11:51)

    console.log
      [INFO] ORDER CREATE - Creating order {
        sessionId: 'd487386b-1112-4323-8c1f-377d13bece08',
        tableNumber: 4,
        totalPrice: 12.99,
        itemsCount: 1
      }

      at Object.info (src/utils/logger.ts:9:50)

    console.log
      [DEBUG] DATABASE - Client acquired from pool

      at Object.debug (src/utils/logger.ts:11:51)

    console.log
      [DEBUG] DATABASE - Client acquired from pool

      at Object.debug (src/utils/logger.ts:11:51)

    console.log
      [INFO] ORDER CREATE - Order inserted { orderId: 300, orderNumber: 2, 
tableNumber: 4 }

      at Object.info (src/utils/logger.ts:9:50)

    console.log
      [DEBUG] DATABASE - Client acquired from pool

      at Object.debug (src/utils/logger.ts:11:51)

    console.log
      [DEBUG] DATABASE - Client acquired from pool

      at Object.debug (src/utils/logger.ts:11:51)

    console.log
      [INFO] ORDER CREATE - Order created successfully { orderId: 300, 
tableNumber: 4, status: 'Pending', orderNumber: 2 }

      at Object.info (src/utils/logger.ts:9:50)

    console.log
      [INFO] Order created: 300 for table 4

      at Object.info (src/utils/logger.ts:9:50)

    console.log
      [HTTP] POST /api/tables/4/mark-paid

      at Object.http (src/utils/logger.ts:10:50)

    console.log
      [DEBUG] DATABASE - Client acquired from pool

      at Object.debug (src/utils/logger.ts:11:51)

    console.log
      [DEBUG] DATABASE - Client acquired from pool

      at Object.debug (src/utils/logger.ts:11:51)

    console.log
      [DEBUG] DATABASE - Client acquired from pool

      at Object.debug (src/utils/logger.ts:11:51)

    console.log
      [DEBUG] DATABASE - Client acquired from pool

      at Object.debug (src/utils/logger.ts:11:51)

    console.log
      [HTTP] POST /api/sessions

      at Object.http (src/utils/logger.ts:10:50)

    console.log
      [DEBUG] DATABASE - Client acquired from pool

      at Object.debug (src/utils/logger.ts:11:51)

    console.log
      [HTTP] POST /api/orders

      at Object.http (src/utils/logger.ts:10:50)

    console.log
      [INFO] ORDER CREATE - Received order request { tableNumber: 4, 
itemsCount: 1 }

      at Object.info (src/utils/logger.ts:9:50)

    console.log
      [DEBUG] DATABASE - Client acquired from pool

      at Object.debug (src/utils/logger.ts:11:51)

    console.log
      [INFO] ORDER CREATE - Creating order {
        sessionId: 'a7bad00c-b080-4376-8ea6-b2531b0989dc',
        tableNumber: 4,
        totalPrice: 8.99,
        itemsCount: 1
      }

      at Object.info (src/utils/logger.ts:9:50)

    console.log
      [DEBUG] DATABASE - Client acquired from pool

      at Object.debug (src/utils/logger.ts:11:51)

    console.log
      [DEBUG] DATABASE - Client acquired from pool

      at Object.debug (src/utils/logger.ts:11:51)

    console.log
      [INFO] ORDER CREATE - Order inserted { orderId: 301, orderNumber: 1, 
tableNumber: 4 }

      at Object.info (src/utils/logger.ts:9:50)

    console.log
      [DEBUG] DATABASE - Client acquired from pool

      at Object.debug (src/utils/logger.ts:11:51)

    console.log
      [DEBUG] DATABASE - Client acquired from pool

      at Object.debug (src/utils/logger.ts:11:51)

    console.log
      [INFO] ORDER CREATE - Order created successfully { orderId: 301, 
tableNumber: 4, status: 'Pending', orderNumber: 1 }

      at Object.info (src/utils/logger.ts:9:50)

    console.log
      [INFO] Order created: 301 for table 4

      at Object.info (src/utils/logger.ts:9:50)

    console.log
      [HTTP] POST /api/orders

      at Object.http (src/utils/logger.ts:10:50)

    console.log
      [INFO] ORDER CREATE - Received order request { tableNumber: 4, 
itemsCount: 1 }

      at Object.info (src/utils/logger.ts:9:50)

    console.log
      [DEBUG] DATABASE - Client acquired from pool

      at Object.debug (src/utils/logger.ts:11:51)

    console.log
      [INFO] ORDER CREATE - Creating order {
        sessionId: 'a7bad00c-b080-4376-8ea6-b2531b0989dc',
        tableNumber: 4,
        totalPrice: 12.99,
        itemsCount: 1
      }

      at Object.info (src/utils/logger.ts:9:50)

    console.log
      [DEBUG] DATABASE - Client acquired from pool

      at Object.debug (src/utils/logger.ts:11:51)

    console.log
      [DEBUG] DATABASE - Client acquired from pool

      at Object.debug (src/utils/logger.ts:11:51)

    console.log
      [INFO] ORDER CREATE - Order inserted { orderId: 302, orderNumber: 2, 
tableNumber: 4 }

      at Object.info (src/utils/logger.ts:9:50)

    console.log
      [DEBUG] DATABASE - Client acquired from pool

      at Object.debug (src/utils/logger.ts:11:51)

    console.log
      [DEBUG] DATABASE - Client acquired from pool

      at Object.debug (src/utils/logger.ts:11:51)

    console.log
      [INFO] ORDER CREATE - Order created successfully { orderId: 302, 
tableNumber: 4, status: 'Pending', orderNumber: 2 }

      at Object.info (src/utils/logger.ts:9:50)

    console.log
      [INFO] Order created: 302 for table 4

      at Object.info (src/utils/logger.ts:9:50)

    console.log
      [HTTP] POST /api/tables/4/mark-paid

      at Object.http (src/utils/logger.ts:10:50)

    console.log
      [DEBUG] DATABASE - Client acquired from pool

      at Object.debug (src/utils/logger.ts:11:51)

    console.log
      [DEBUG] DATABASE - Client acquired from pool

      at Object.debug (src/utils/logger.ts:11:51)

    console.log
      [DEBUG] DATABASE - Client acquired from pool

      at Object.debug (src/utils/logger.ts:11:51)

    console.log
      [DEBUG] DATABASE - Client acquired from pool

      at Object.debug (src/utils/logger.ts:11:51)

    console.log
      [HTTP] POST /api/sessions

      at Object.http (src/utils/logger.ts:10:50)

    console.log
      [DEBUG] DATABASE - Client acquired from pool

      at Object.debug (src/utils/logger.ts:11:51)

    console.log
      [HTTP] POST /api/orders

      at Object.http (src/utils/logger.ts:10:50)

    console.log
      [INFO] ORDER CREATE - Received order request { tableNumber: 4, 
itemsCount: 1 }

      at Object.info (src/utils/logger.ts:9:50)

    console.log
      [DEBUG] DATABASE - Client acquired from pool

      at Object.debug (src/utils/logger.ts:11:51)

    console.log
      [INFO] ORDER CREATE - Creating order {
        sessionId: 'ef992210-32bd-441d-929b-81df94166471',
        tableNumber: 4,
        totalPrice: 8.99,
        itemsCount: 1
      }

      at Object.info (src/utils/logger.ts:9:50)

    console.log
      [DEBUG] DATABASE - Client acquired from pool

      at Object.debug (src/utils/logger.ts:11:51)

    console.log
      [DEBUG] DATABASE - Client acquired from pool

      at Object.debug (src/utils/logger.ts:11:51)

    console.log
      [INFO] ORDER CREATE - Order inserted { orderId: 303, orderNumber: 1, 
tableNumber: 4 }

      at Object.info (src/utils/logger.ts:9:50)

    console.log
      [DEBUG] DATABASE - Client acquired from pool

      at Object.debug (src/utils/logger.ts:11:51)

    console.log
      [DEBUG] DATABASE - Client acquired from pool

      at Object.debug (src/utils/logger.ts:11:51)

    console.log
      [INFO] ORDER CREATE - Order created successfully { orderId: 303, 
tableNumber: 4, status: 'Pending', orderNumber: 1 }

      at Object.info (src/utils/logger.ts:9:50)

    console.log
      [INFO] Order created: 303 for table 4

      at Object.info (src/utils/logger.ts:9:50)

    console.log
      [HTTP] POST /api/orders

      at Object.http (src/utils/logger.ts:10:50)

    console.log
      [INFO] ORDER CREATE - Received order request { tableNumber: 4, 
itemsCount: 1 }

      at Object.info (src/utils/logger.ts:9:50)

    console.log
      [DEBUG] DATABASE - Client acquired from pool

      at Object.debug (src/utils/logger.ts:11:51)

    console.log
      [INFO] ORDER CREATE - Creating order {
        sessionId: 'ef992210-32bd-441d-929b-81df94166471',
        tableNumber: 4,
        totalPrice: 12.99,
        itemsCount: 1
      }

      at Object.info (src/utils/logger.ts:9:50)

    console.log
      [DEBUG] DATABASE - Client acquired from pool

      at Object.debug (src/utils/logger.ts:11:51)

    console.log
      [DEBUG] DATABASE - Client acquired from pool

      at Object.debug (src/utils/logger.ts:11:51)

    console.log
      [INFO] ORDER CREATE - Order inserted { orderId: 304, orderNumber: 2, 
tableNumber: 4 }

      at Object.info (src/utils/logger.ts:9:50)

    console.log
      [DEBUG] DATABASE - Client acquired from pool

      at Object.debug (src/utils/logger.ts:11:51)

    console.log
      [DEBUG] DATABASE - Client acquired from pool

      at Object.debug (src/utils/logger.ts:11:51)

    console.log
      [INFO] ORDER CREATE - Order created successfully { orderId: 304, 
tableNumber: 4, status: 'Pending', orderNumber: 2 }

      at Object.info (src/utils/logger.ts:9:50)

    console.log
      [INFO] Order created: 304 for table 4

      at Object.info (src/utils/logger.ts:9:50)

    console.log
      [HTTP] POST /api/tables/4/mark-paid

      at Object.http (src/utils/logger.ts:10:50)

    console.log
      [DEBUG] DATABASE - Client acquired from pool

      at Object.debug (src/utils/logger.ts:11:51)

    console.log
      [INFO] TABLES - Orders marked as paid { tableNumber: '4', orderIds: [ 
303, 304 ] }

      at Object.info (src/utils/logger.ts:9:50)

    console.log
      [DEBUG] DATABASE - Client acquired from pool

      at Object.debug (src/utils/logger.ts:11:51)

    console.log
      [DEBUG] DATABASE - Client acquired from pool

      at Object.debug (src/utils/logger.ts:11:51)

    console.log
      [DEBUG] DATABASE - Client acquired from pool

      at Object.debug (src/utils/logger.ts:11:51)

    console.log
      [DEBUG] DATABASE - Client acquired from pool

      at Object.debug (src/utils/logger.ts:11:51)

    console.log
      [DEBUG] DATABASE - Client acquired from pool

      at Object.debug (src/utils/logger.ts:11:51)

    console.log
      [DEBUG] DATABASE - Client acquired from pool

      at Object.debug (src/utils/logger.ts:11:51)

    console.log
      [DEBUG] DATABASE - Client acquired from pool

      at Object.debug (src/utils/logger.ts:11:51)

    console.log
      [DEBUG] DATABASE - Client acquired from pool

      at Object.debug (src/utils/logger.ts:11:51)

    console.log
      [HTTP] GET /api/table-assignments

      at Object.http (src/utils/logger.ts:10:50)

    console.log
      [DEBUG] DATABASE - Client acquired from pool

      at Object.debug (src/utils/logger.ts:11:51)

    console.log
      [DEBUG] DATABASE - Client acquired from pool

      at Object.debug (src/utils/logger.ts:11:51)

    console.log
      [DEBUG] DATABASE - Client acquired from pool

      at Object.debug (src/utils/logger.ts:11:51)

    console.log
      [DEBUG] DATABASE - Client acquired from pool

      at Object.debug (src/utils/logger.ts:11:51)

    console.log
      [DEBUG] DATABASE - Client acquired from pool

      at Object.debug (src/utils/logger.ts:11:51)

    console.log
      [DEBUG] DATABASE - Client acquired from pool

      at Object.debug (src/utils/logger.ts:11:51)

    console.log
      [HTTP] GET /api/table-assignments

      at Object.http (src/utils/logger.ts:10:50)

    console.log
      [DEBUG] DATABASE - Client acquired from pool

      at Object.debug (src/utils/logger.ts:11:51)

    console.log
      [DEBUG] DATABASE - Client acquired from pool

      at Object.debug (src/utils/logger.ts:11:51)

    console.log
      [DEBUG] DATABASE - Client acquired from pool

      at Object.debug (src/utils/logger.ts:11:51)

    console.log
      [DEBUG] DATABASE - Client acquired from pool

      at Object.debug (src/utils/logger.ts:11:51)

    console.log
      [DEBUG] DATABASE - Client acquired from pool

      at Object.debug (src/utils/logger.ts:11:51)

    console.log
      [HTTP] GET /api/table-assignments

      at Object.http (src/utils/logger.ts:10:50)

    console.log
      [DEBUG] DATABASE - Client acquired from pool

      at Object.debug (src/utils/logger.ts:11:51)

    console.log
      [DEBUG] DATABASE - Client acquired from pool

      at Object.debug (src/utils/logger.ts:11:51)

    console.log
      [DEBUG] DATABASE - Client acquired from pool

      at Object.debug (src/utils/logger.ts:11:51)

    console.log
      [DEBUG] DATABASE - Client acquired from pool

      at Object.debug (src/utils/logger.ts:11:51)

    console.log
      [DEBUG] DATABASE - Client acquired from pool

      at Object.debug (src/utils/logger.ts:11:51)

    console.log
      [HTTP] PATCH /api/table-assignments/1/assign

      at Object.http (src/utils/logger.ts:10:50)

    console.log
      [DEBUG] DATABASE - Client acquired from pool

      at Object.debug (src/utils/logger.ts:11:51)

    console.log
      [DEBUG] DATABASE - Client acquired from pool

      at Object.debug (src/utils/logger.ts:11:51)

    console.log
      [DEBUG] DATABASE - Client acquired from pool

      at Object.debug (src/utils/logger.ts:11:51)

    console.log
      [DEBUG] DATABASE - Client acquired from pool

      at Object.debug (src/utils/logger.ts:11:51)

    console.log
      [DEBUG] DATABASE - Client acquired from pool

      at Object.debug (src/utils/logger.ts:11:51)

    console.log
      [DEBUG] DATABASE - Client acquired from pool

      at Object.debug (src/utils/logger.ts:11:51)

    console.log
      [DEBUG] DATABASE - Client acquired from pool

      at Object.debug (src/utils/logger.ts:11:51)

    console.log
      [DEBUG] DATABASE - Client acquired from pool

      at Object.debug (src/utils/logger.ts:11:51)

    console.log
      [HTTP] PATCH /api/table-assignments/1/assign

      at Object.http (src/utils/logger.ts:10:50)

    console.log
      [DEBUG] DATABASE - Client acquired from pool

      at Object.debug (src/utils/logger.ts:11:51)

    console.log
      [DEBUG] DATABASE - Client acquired from pool

      at Object.debug (src/utils/logger.ts:11:51)

    console.log
      [DEBUG] DATABASE - Client acquired from pool

      at Object.debug (src/utils/logger.ts:11:51)

    console.log
      [DEBUG] DATABASE - Client acquired from pool

      at Object.debug (src/utils/logger.ts:11:51)

    console.log
      [DEBUG] DATABASE - Client acquired from pool

      at Object.debug (src/utils/logger.ts:11:51)

    console.log
      [HTTP] PATCH /api/table-assignments/1/assign

      at Object.http (src/utils/logger.ts:10:50)

    console.log
      [DEBUG] DATABASE - Client acquired from pool

      at Object.debug (src/utils/logger.ts:11:51)

    console.log
      [DEBUG] DATABASE - Client acquired from pool

      at Object.debug (src/utils/logger.ts:11:51)

    console.log
      [DEBUG] DATABASE - Client acquired from pool

      at Object.debug (src/utils/logger.ts:11:51)

    console.log
      [DEBUG] DATABASE - Client acquired from pool

      at Object.debug (src/utils/logger.ts:11:51)

    console.log
      [DEBUG] DATABASE - Client acquired from pool

      at Object.debug (src/utils/logger.ts:11:51)

    console.log
      [DEBUG] DATABASE - Client acquired from pool

      at Object.debug (src/utils/logger.ts:11:51)

    console.log
      [HTTP] PATCH /api/table-assignments/1/assign

      at Object.http (src/utils/logger.ts:10:50)

    console.log
      [DEBUG] DATABASE - Client acquired from pool

      at Object.debug (src/utils/logger.ts:11:51)

    console.log
      [DEBUG] DATABASE - Client acquired from pool

      at Object.debug (src/utils/logger.ts:11:51)

    console.log
      [DEBUG] DATABASE - Client acquired from pool

      at Object.debug (src/utils/logger.ts:11:51)

    console.log
      [DEBUG] DATABASE - Client acquired from pool

      at Object.debug (src/utils/logger.ts:11:51)

    console.log
      [DEBUG] DATABASE - Client acquired from pool

      at Object.debug (src/utils/logger.ts:11:51)

    console.log
      [DEBUG] DATABASE - Client acquired from pool

      at Object.debug (src/utils/logger.ts:11:51)

    console.log
      [HTTP] PATCH /api/table-assignments/1/unassign

      at Object.http (src/utils/logger.ts:10:50)

    console.log
      [DEBUG] DATABASE - Client acquired from pool

      at Object.debug (src/utils/logger.ts:11:51)

    console.log
      [DEBUG] DATABASE - Client acquired from pool

      at Object.debug (src/utils/logger.ts:11:51)

    console.log
      [DEBUG] DATABASE - Client acquired from pool

      at Object.debug (src/utils/logger.ts:11:51)

    console.log
      [DEBUG] DATABASE - Client acquired from pool

      at Object.debug (src/utils/logger.ts:11:51)

    console.log
      [DEBUG] DATABASE - Client acquired from pool

      at Object.debug (src/utils/logger.ts:11:51)

    console.log
      [DEBUG] DATABASE - Client acquired from pool

      at Object.debug (src/utils/logger.ts:11:51)

    console.log
      [DEBUG] DATABASE - Client acquired from pool

      at Object.debug (src/utils/logger.ts:11:51)

    console.log
      [DEBUG] DATABASE - Client acquired from pool

      at Object.debug (src/utils/logger.ts:11:51)

    console.log
      [HTTP] PATCH /api/table-assignments/99999/unassign

      at Object.http (src/utils/logger.ts:10:50)

    console.log
      [DEBUG] DATABASE - Client acquired from pool

      at Object.debug (src/utils/logger.ts:11:51)

    console.log
      [DEBUG] DATABASE - Client acquired from pool

      at Object.debug (src/utils/logger.ts:11:51)

    console.log
      [DEBUG] DATABASE - Client acquired from pool

      at Object.debug (src/utils/logger.ts:11:51)

    console.log
      [DEBUG] DATABASE - Client acquired from pool

      at Object.debug (src/utils/logger.ts:11:51)

    console.log
      [DEBUG] DATABASE - Client acquired from pool

      at Object.debug (src/utils/logger.ts:11:51)

    console.log
      [DEBUG] DATABASE - Client acquired from pool

      at Object.debug (src/utils/logger.ts:11:51)

    console.log
      [HTTP] GET /api/table-assignments/waiters

      at Object.http (src/utils/logger.ts:10:50)

    console.log
      [DEBUG] DATABASE - Client acquired from pool

      at Object.debug (src/utils/logger.ts:11:51)

    console.log
      [DEBUG] DATABASE - Client acquired from pool

      at Object.debug (src/utils/logger.ts:11:51)

    console.log
      Cleaning up test environment...

      at Object.<anonymous> (src/__tests__/setup.ts:52:11)

    console.log
      [DEBUG] DATABASE - Client acquired from pool

      at Object.debug (src/utils/logger.ts:11:51)

    console.log
      [DEBUG] DATABASE - Client acquired from pool

      at Object.debug (src/utils/logger.ts:11:51)

    console.log
      [DEBUG] DATABASE - Client acquired from pool

      at Object.debug (src/utils/logger.ts:11:51)

    console.log
      [DEBUG] DATABASE - Client acquired from pool

      at Object.debug (src/utils/logger.ts:11:51)

  ΓùÅ Table Management API ΓÇ║ POST /api/tables/:tableNumber/mark-paid - Mark 
Table as Paid ΓÇ║ customer should not be able to mark table as paid

    expect(received).toBe(expected) // Object.is equality

    Expected: 403
    Received: 401

    [0m [90m 384 |[39m         
[33m.[39m[36mset[39m([32m'Authorization'[39m[33m,[39m [32m`Bearer 
${customerToken}`[39m)[33m;[39m
     [90m 385 |[39m
    [31m[1m>[22m[39m[90m 386 |[39m       
expect(response[33m.[39mstatus)[33m.[39mtoBe([35m403[39m)[33m;[39m
     [90m     |[39m                               [31m[1m^[22m[39m
     [90m 387 |[39m     })[33m;[39m
     [90m 388 |[39m
     [90m 389 |[39m     test([32m'should require 
authentication'[39m[33m,[39m [36masync[39m () [33m=>[39m {[0m

      at Object.<anonymous> (src/__tests__/tables.test.ts:386:31)

  ΓùÅ Table Management API ΓÇ║ Table Assignment API ΓÇ║ GET 
/api/table-assignments - Get All Assignments ΓÇ║ customer should not access 
assignments

    expect(received).toBe(expected) // Object.is equality

    Expected: 403
    Received: 401

    [0m [90m 451 |[39m           
[33m.[39m[36mset[39m([32m'Authorization'[39m[33m,[39m [32m`Bearer 
${customerToken}`[39m)[33m;[39m
     [90m 452 |[39m
    [31m[1m>[22m[39m[90m 453 |[39m         
expect(response[33m.[39mstatus)[33m.[39mtoBe([35m403[39m)[33m;[39m
     [90m     |[39m                                 [31m[1m^[22m[39m
     [90m 454 |[39m       })[33m;[39m
     [90m 455 |[39m     })[33m;[39m
     [90m 456 |[39m[0m

      at Object.<anonymous> (src/__tests__/tables.test.ts:453:33)


  ΓùÅ  Cannot log after tests are done. Did you forget to wait for something 
async in your test?
    Attempted to log "[INFO] DATABASE - Client removed from pool ".

    [0m [90m  7 |[39m   error[33m:[39m (message[33m:[39m 
string[33m,[39m meta[33m?[39m[33m:[39m any) [33m=>[39m 
console[33m.[39merror([32m`[ERROR] ${message}`[39m[33m,[39m meta 
[33m||[39m [32m''[39m)[33m,[39m
     [90m  8 |[39m   warn[33m:[39m (message[33m:[39m string[33m,[39m 
meta[33m?[39m[33m:[39m any) [33m=>[39m 
console[33m.[39mwarn([32m`[WARN] ${message}`[39m[33m,[39m meta 
[33m||[39m [32m''[39m)[33m,[39m
    [31m[1m>[22m[39m[90m  9 |[39m   info[33m:[39m (message[33m:[39m 
string[33m,[39m meta[33m?[39m[33m:[39m any) [33m=>[39m 
console[33m.[39mlog([32m`[INFO] ${message}`[39m[33m,[39m meta 
[33m||[39m [32m''[39m)[33m,[39m
     [90m    |[39m                                                  
[31m[1m^[22m[39m
     [90m 10 |[39m   http[33m:[39m (message[33m:[39m string[33m,[39m 
meta[33m?[39m[33m:[39m any) [33m=>[39m 
console[33m.[39mlog([32m`[HTTP] ${message}`[39m[33m,[39m meta 
[33m||[39m [32m''[39m)[33m,[39m
     [90m 11 |[39m   debug[33m:[39m (message[33m:[39m string[33m,[39m 
meta[33m?[39m[33m:[39m any) [33m=>[39m 
console[33m.[39mlog([32m`[DEBUG] ${message}`[39m[33m,[39m meta 
[33m||[39m [32m''[39m)[33m,[39m
     [90m 12 |[39m }[33m;[39m[0m

      at console.log (node_modules/@jest/console/build/index.js:147:10)
      at Object.info (src/utils/logger.ts:9:50)
      at BoundPool.<anonymous> (src/db/database.ts:38:10)
      at Connection.<anonymous> (node_modules/pg-pool/index.js:174:15)
      at Socket.<anonymous> (node_modules/pg/lib/connection.js:61:12)

FAIL src/__tests__/sessions.test.ts (42.184 s)
  ΓùÅ Console

    console.log
      [dotenv@17.2.4] injecting env (5) from .env -- tip: ΓÜÖ∩╕Å  load 
multiple .env files with { path: ['.env.local', '.env'] }

      at _log (node_modules/dotenv/lib/main.js:142:11)

    console.log
      Γ£ô Environment validation passed

      at validateRequiredEnv (src/config/validateEnv.ts:36:11)

    console.log
        - DATABASE_URL: postgresql://restaur...

      at validateRequiredEnv (src/config/validateEnv.ts:37:11)

    console.log
        - JWT_SECRET: 128 characters

      at validateRequiredEnv (src/config/validateEnv.ts:38:11)

    console.log
        - CORS_ORIGIN: https://restaurant-frontend-85q6.onrender.com

      at validateRequiredEnv (src/config/validateEnv.ts:39:11)

    console.log
      [INFO] SocketManager initialized successfully

      at Object.info (src/utils/logger.ts:9:50)

    console.log
      Setting up test environment...

      at Object.<anonymous> (src/__tests__/setup.ts:47:11)

    console.log
      [INFO] DATABASE - New client connected to pool

      at Object.info (src/utils/logger.ts:9:50)

    console.log
      [DEBUG] DATABASE - Client acquired from pool

      at Object.debug (src/utils/logger.ts:11:51)

    console.log
      [DEBUG] DATABASE - Client acquired from pool

      at Object.debug (src/utils/logger.ts:11:51)

    console.log
      [DEBUG] DATABASE - Client acquired from pool

      at Object.debug (src/utils/logger.ts:11:51)

    console.log
      [DEBUG] DATABASE - Client acquired from pool

      at Object.debug (src/utils/logger.ts:11:51)

    console.log
      [HTTP] POST /api/sessions

      at Object.http (src/utils/logger.ts:10:50)

    console.log
      [DEBUG] DATABASE - Client acquired from pool

      at Object.debug (src/utils/logger.ts:11:51)

    console.log
      [DEBUG] DATABASE - Client acquired from pool

      at Object.debug (src/utils/logger.ts:11:51)

    console.log
      [DEBUG] DATABASE - Client acquired from pool

      at Object.debug (src/utils/logger.ts:11:51)

    console.log
      [DEBUG] DATABASE - Client acquired from pool

      at Object.debug (src/utils/logger.ts:11:51)

    console.log
      [DEBUG] DATABASE - Client acquired from pool

      at Object.debug (src/utils/logger.ts:11:51)

    console.log
      [HTTP] POST /api/sessions

      at Object.http (src/utils/logger.ts:10:50)

    console.log
      [DEBUG] DATABASE - Client acquired from pool

      at Object.debug (src/utils/logger.ts:11:51)

    console.log
      [DEBUG] DATABASE - Client acquired from pool

      at Object.debug (src/utils/logger.ts:11:51)

    console.log
      [DEBUG] DATABASE - Client acquired from pool

      at Object.debug (src/utils/logger.ts:11:51)

    console.log
      [DEBUG] DATABASE - Client acquired from pool

      at Object.debug (src/utils/logger.ts:11:51)

    console.log
      [DEBUG] DATABASE - Client acquired from pool

      at Object.debug (src/utils/logger.ts:11:51)

    console.log
      [DEBUG] DATABASE - Client acquired from pool

      at Object.debug (src/utils/logger.ts:11:51)

    console.log
      [HTTP] POST /api/sessions

      at Object.http (src/utils/logger.ts:10:50)

    console.log
      [DEBUG] DATABASE - Client acquired from pool

      at Object.debug (src/utils/logger.ts:11:51)

    console.log
      [DEBUG] DATABASE - Client acquired from pool

      at Object.debug (src/utils/logger.ts:11:51)

    console.log
      [DEBUG] DATABASE - Client acquired from pool

      at Object.debug (src/utils/logger.ts:11:51)

    console.log
      [DEBUG] DATABASE - Client acquired from pool

      at Object.debug (src/utils/logger.ts:11:51)

    console.log
      [HTTP] POST /api/sessions

      at Object.http (src/utils/logger.ts:10:50)

    console.log
      [DEBUG] DATABASE - Client acquired from pool

      at Object.debug (src/utils/logger.ts:11:51)

    console.log
      [DEBUG] DATABASE - Client acquired from pool

      at Object.debug (src/utils/logger.ts:11:51)

    console.log
      [DEBUG] DATABASE - Client acquired from pool

      at Object.debug (src/utils/logger.ts:11:51)

    console.log
      [DEBUG] DATABASE - Client acquired from pool

      at Object.debug (src/utils/logger.ts:11:51)

    console.log
      [HTTP] POST /api/sessions

      at Object.http (src/utils/logger.ts:10:50)

    console.log
      [DEBUG] DATABASE - Client acquired from pool

      at Object.debug (src/utils/logger.ts:11:51)

    console.log
      [HTTP] POST /api/sessions

      at Object.http (src/utils/logger.ts:10:50)

    console.log
      [DEBUG] DATABASE - Client acquired from pool

      at Object.debug (src/utils/logger.ts:11:51)

    console.log
      [DEBUG] DATABASE - Client acquired from pool

      at Object.debug (src/utils/logger.ts:11:51)

    console.log
      [DEBUG] DATABASE - Client acquired from pool

      at Object.debug (src/utils/logger.ts:11:51)

    console.log
      [DEBUG] DATABASE - Client acquired from pool

      at Object.debug (src/utils/logger.ts:11:51)

    console.log
      [DEBUG] DATABASE - Client acquired from pool

      at Object.debug (src/utils/logger.ts:11:51)

    console.log
      [HTTP] POST /api/sessions

      at Object.http (src/utils/logger.ts:10:50)

    console.log
      [DEBUG] DATABASE - Client acquired from pool

      at Object.debug (src/utils/logger.ts:11:51)

    console.log
      [HTTP] POST /api/sessions

      at Object.http (src/utils/logger.ts:10:50)

    console.log
      [DEBUG] DATABASE - Client acquired from pool

      at Object.debug (src/utils/logger.ts:11:51)

    console.log
      [DEBUG] DATABASE - Client acquired from pool

      at Object.debug (src/utils/logger.ts:11:51)

    console.log
      [DEBUG] DATABASE - Client acquired from pool

      at Object.debug (src/utils/logger.ts:11:51)

    console.log
      [DEBUG] DATABASE - Client acquired from pool

      at Object.debug (src/utils/logger.ts:11:51)

    console.log
      [DEBUG] DATABASE - Client acquired from pool

      at Object.debug (src/utils/logger.ts:11:51)

    console.log
      [HTTP] POST /api/sessions

      at Object.http (src/utils/logger.ts:10:50)

    console.log
      [DEBUG] DATABASE - Client acquired from pool

      at Object.debug (src/utils/logger.ts:11:51)

    console.log
      [HTTP] POST /api/sessions

      at Object.http (src/utils/logger.ts:10:50)

    console.log
      [DEBUG] DATABASE - Client acquired from pool

      at Object.debug (src/utils/logger.ts:11:51)

    console.log
      [HTTP] GET /api/sessions/table/3

      at Object.http (src/utils/logger.ts:10:50)

    console.log
      [DEBUG] DATABASE - Client acquired from pool

      at Object.debug (src/utils/logger.ts:11:51)

    console.log
      [DEBUG] DATABASE - Client acquired from pool

      at Object.debug (src/utils/logger.ts:11:51)

    console.log
      [DEBUG] DATABASE - Client acquired from pool

      at Object.debug (src/utils/logger.ts:11:51)

    console.log
      [DEBUG] DATABASE - Client acquired from pool

      at Object.debug (src/utils/logger.ts:11:51)

    console.log
      [DEBUG] DATABASE - Client acquired from pool

      at Object.debug (src/utils/logger.ts:11:51)

    console.log
      [HTTP] POST /api/sessions

      at Object.http (src/utils/logger.ts:10:50)

    console.log
      [DEBUG] DATABASE - Client acquired from pool

      at Object.debug (src/utils/logger.ts:11:51)

    console.log
      [HTTP] POST /api/sessions

      at Object.http (src/utils/logger.ts:10:50)

    console.log
      [DEBUG] DATABASE - Client acquired from pool

      at Object.debug (src/utils/logger.ts:11:51)

    console.log
      [HTTP] GET /api/sessions/table/3

      at Object.http (src/utils/logger.ts:10:50)

    console.log
      [DEBUG] DATABASE - Client acquired from pool

      at Object.debug (src/utils/logger.ts:11:51)

    console.log
      [DEBUG] DATABASE - Client acquired from pool

      at Object.debug (src/utils/logger.ts:11:51)

    console.log
      [DEBUG] DATABASE - Client acquired from pool

      at Object.debug (src/utils/logger.ts:11:51)

    console.log
      [DEBUG] DATABASE - Client acquired from pool

      at Object.debug (src/utils/logger.ts:11:51)

    console.log
      [DEBUG] DATABASE - Client acquired from pool

      at Object.debug (src/utils/logger.ts:11:51)

    console.log
      [HTTP] POST /api/sessions

      at Object.http (src/utils/logger.ts:10:50)

    console.log
      [DEBUG] DATABASE - Client acquired from pool

      at Object.debug (src/utils/logger.ts:11:51)

    console.log
      [HTTP] POST /api/sessions

      at Object.http (src/utils/logger.ts:10:50)

    console.log
      [DEBUG] DATABASE - Client acquired from pool

      at Object.debug (src/utils/logger.ts:11:51)

    console.log
      [HTTP] DELETE /api/sessions/68400375-5e3e-4cb7-8ae7-0597ef31afe2

      at Object.http (src/utils/logger.ts:10:50)

    console.log
      [DEBUG] DATABASE - Client acquired from pool

      at Object.debug (src/utils/logger.ts:11:51)

    console.log
      [HTTP] GET /api/sessions/table/3

      at Object.http (src/utils/logger.ts:10:50)

    console.log
      [DEBUG] DATABASE - Client acquired from pool

      at Object.debug (src/utils/logger.ts:11:51)

    console.log
      [DEBUG] DATABASE - Client acquired from pool

      at Object.debug (src/utils/logger.ts:11:51)

    console.log
      [DEBUG] DATABASE - Client acquired from pool

      at Object.debug (src/utils/logger.ts:11:51)

    console.log
      [DEBUG] DATABASE - Client acquired from pool

      at Object.debug (src/utils/logger.ts:11:51)

    console.log
      [DEBUG] DATABASE - Client acquired from pool

      at Object.debug (src/utils/logger.ts:11:51)

    console.log
      [HTTP] POST /api/sessions

      at Object.http (src/utils/logger.ts:10:50)

    console.log
      [DEBUG] DATABASE - Client acquired from pool

      at Object.debug (src/utils/logger.ts:11:51)

    console.log
      [HTTP] POST /api/sessions

      at Object.http (src/utils/logger.ts:10:50)

    console.log
      [DEBUG] DATABASE - Client acquired from pool

      at Object.debug (src/utils/logger.ts:11:51)

    console.log
      [HTTP] GET /api/sessions/table/999

      at Object.http (src/utils/logger.ts:10:50)

    console.log
      [DEBUG] DATABASE - Client acquired from pool

      at Object.debug (src/utils/logger.ts:11:51)

    console.log
      [DEBUG] DATABASE - Client acquired from pool

      at Object.debug (src/utils/logger.ts:11:51)

    console.log
      [DEBUG] DATABASE - Client acquired from pool

      at Object.debug (src/utils/logger.ts:11:51)

    console.log
      [DEBUG] DATABASE - Client acquired from pool

      at Object.debug (src/utils/logger.ts:11:51)

    console.log
      [DEBUG] DATABASE - Client acquired from pool

      at Object.debug (src/utils/logger.ts:11:51)

    console.log
      [HTTP] POST /api/sessions

      at Object.http (src/utils/logger.ts:10:50)

    console.log
      [DEBUG] DATABASE - Client acquired from pool

      at Object.debug (src/utils/logger.ts:11:51)

    console.log
      [HTTP] GET /api/sessions/317731b5-3ccf-436f-bc4a-07ec5449c747

      at Object.http (src/utils/logger.ts:10:50)

    console.log
      [DEBUG] DATABASE - Client acquired from pool

      at Object.debug (src/utils/logger.ts:11:51)

    console.log
      [DEBUG] DATABASE - Client acquired from pool

      at Object.debug (src/utils/logger.ts:11:51)

    console.log
      [DEBUG] DATABASE - Client acquired from pool

      at Object.debug (src/utils/logger.ts:11:51)

    console.log
      [DEBUG] DATABASE - Client acquired from pool

      at Object.debug (src/utils/logger.ts:11:51)

    console.log
      [DEBUG] DATABASE - Client acquired from pool

      at Object.debug (src/utils/logger.ts:11:51)

    console.log
      [DEBUG] DATABASE - Client acquired from pool

      at Object.debug (src/utils/logger.ts:11:51)

    console.log
      [HTTP] POST /api/sessions

      at Object.http (src/utils/logger.ts:10:50)

    console.log
      [DEBUG] DATABASE - Client acquired from pool

      at Object.debug (src/utils/logger.ts:11:51)

    console.log
      [HTTP] POST /api/orders

      at Object.http (src/utils/logger.ts:10:50)

    console.log
      [INFO] ORDER CREATE - Received order request { tableNumber: 3, 
itemsCount: 1 }

      at Object.info (src/utils/logger.ts:9:50)

    console.log
      [DEBUG] DATABASE - Client acquired from pool

      at Object.debug (src/utils/logger.ts:11:51)

    console.log
      [INFO] ORDER CREATE - Creating order {
        sessionId: 'a9cb42d6-c7f9-4974-a731-43a3d62f37bb',
        tableNumber: 3,
        totalPrice: 17.98,
        itemsCount: 1
      }

      at Object.info (src/utils/logger.ts:9:50)

    console.log
      [DEBUG] DATABASE - Client acquired from pool

      at Object.debug (src/utils/logger.ts:11:51)

    console.log
      [DEBUG] DATABASE - Client acquired from pool

      at Object.debug (src/utils/logger.ts:11:51)

    console.log
      [INFO] ORDER CREATE - Order inserted { orderId: 305, orderNumber: 1, 
tableNumber: 3 }

      at Object.info (src/utils/logger.ts:9:50)

    console.log
      [DEBUG] DATABASE - Client acquired from pool

      at Object.debug (src/utils/logger.ts:11:51)

    console.log
      [DEBUG] DATABASE - Client acquired from pool

      at Object.debug (src/utils/logger.ts:11:51)

    console.log
      [INFO] ORDER CREATE - Order created successfully { orderId: 305, 
tableNumber: 3, status: 'Pending', orderNumber: 1 }

      at Object.info (src/utils/logger.ts:9:50)

    console.log
      [INFO] Order created: 305 for table 3

      at Object.info (src/utils/logger.ts:9:50)

    console.log
      [HTTP] GET /api/sessions/a9cb42d6-c7f9-4974-a731-43a3d62f37bb

      at Object.http (src/utils/logger.ts:10:50)

    console.log
      [DEBUG] DATABASE - Client acquired from pool

      at Object.debug (src/utils/logger.ts:11:51)

    console.log
      [DEBUG] DATABASE - Client acquired from pool

      at Object.debug (src/utils/logger.ts:11:51)

    console.log
      [DEBUG] DATABASE - Client acquired from pool

      at Object.debug (src/utils/logger.ts:11:51)

    console.log
      [DEBUG] DATABASE - Client acquired from pool

      at Object.debug (src/utils/logger.ts:11:51)

    console.log
      [DEBUG] DATABASE - Client acquired from pool

      at Object.debug (src/utils/logger.ts:11:51)

    console.log
      [DEBUG] DATABASE - Client acquired from pool

      at Object.debug (src/utils/logger.ts:11:51)

    console.log
      [HTTP] POST /api/sessions

      at Object.http (src/utils/logger.ts:10:50)

    console.log
      [DEBUG] DATABASE - Client acquired from pool

      at Object.debug (src/utils/logger.ts:11:51)

    console.log
      [HTTP] POST /api/orders

      at Object.http (src/utils/logger.ts:10:50)

    console.log
      [INFO] ORDER CREATE - Received order request { tableNumber: 3, 
itemsCount: 1 }

      at Object.info (src/utils/logger.ts:9:50)

    console.log
      [DEBUG] DATABASE - Client acquired from pool

      at Object.debug (src/utils/logger.ts:11:51)

    console.log
      [INFO] ORDER CREATE - Creating order {
        sessionId: '5ad7d7bf-b853-411a-bd59-8607a5b1d97a',
        tableNumber: 3,
        totalPrice: 8.99,
        itemsCount: 1
      }

      at Object.info (src/utils/logger.ts:9:50)

    console.log
      [DEBUG] DATABASE - Client acquired from pool

      at Object.debug (src/utils/logger.ts:11:51)

    console.log
      [DEBUG] DATABASE - Client acquired from pool

      at Object.debug (src/utils/logger.ts:11:51)

    console.log
      [INFO] ORDER CREATE - Order inserted { orderId: 306, orderNumber: 1, 
tableNumber: 3 }

      at Object.info (src/utils/logger.ts:9:50)

    console.log
      [DEBUG] DATABASE - Client acquired from pool

      at Object.debug (src/utils/logger.ts:11:51)

    console.log
      [DEBUG] DATABASE - Client acquired from pool

      at Object.debug (src/utils/logger.ts:11:51)

    console.log
      [INFO] ORDER CREATE - Order created successfully { orderId: 306, 
tableNumber: 3, status: 'Pending', orderNumber: 1 }

      at Object.info (src/utils/logger.ts:9:50)

    console.log
      [INFO] Order created: 306 for table 3

      at Object.info (src/utils/logger.ts:9:50)

    console.log
      [HTTP] POST /api/orders

      at Object.http (src/utils/logger.ts:10:50)

    console.log
      [INFO] ORDER CREATE - Received order request { tableNumber: 3, 
itemsCount: 1 }

      at Object.info (src/utils/logger.ts:9:50)

    console.log
      [DEBUG] DATABASE - Client acquired from pool

      at Object.debug (src/utils/logger.ts:11:51)

    console.log
      [INFO] ORDER CREATE - Creating order {
        sessionId: '5ad7d7bf-b853-411a-bd59-8607a5b1d97a',
        tableNumber: 3,
        totalPrice: 12.99,
        itemsCount: 1
      }

      at Object.info (src/utils/logger.ts:9:50)

    console.log
      [DEBUG] DATABASE - Client acquired from pool

      at Object.debug (src/utils/logger.ts:11:51)

    console.log
      [DEBUG] DATABASE - Client acquired from pool

      at Object.debug (src/utils/logger.ts:11:51)

    console.log
      [INFO] ORDER CREATE - Order inserted { orderId: 307, orderNumber: 2, 
tableNumber: 3 }

      at Object.info (src/utils/logger.ts:9:50)

    console.log
      [DEBUG] DATABASE - Client acquired from pool

      at Object.debug (src/utils/logger.ts:11:51)

    console.log
      [DEBUG] DATABASE - Client acquired from pool

      at Object.debug (src/utils/logger.ts:11:51)

    console.log
      [INFO] ORDER CREATE - Order created successfully { orderId: 307, 
tableNumber: 3, status: 'Pending', orderNumber: 2 }

      at Object.info (src/utils/logger.ts:9:50)

    console.log
      [INFO] Order created: 307 for table 3

      at Object.info (src/utils/logger.ts:9:50)

    console.log
      [HTTP] GET /api/sessions/5ad7d7bf-b853-411a-bd59-8607a5b1d97a

      at Object.http (src/utils/logger.ts:10:50)

    console.log
      [DEBUG] DATABASE - Client acquired from pool

      at Object.debug (src/utils/logger.ts:11:51)

    console.log
      [DEBUG] DATABASE - Client acquired from pool

      at Object.debug (src/utils/logger.ts:11:51)

    console.log
      [DEBUG] DATABASE - Client acquired from pool

      at Object.debug (src/utils/logger.ts:11:51)

    console.log
      [DEBUG] DATABASE - Client acquired from pool

      at Object.debug (src/utils/logger.ts:11:51)

    console.log
      [DEBUG] DATABASE - Client acquired from pool

      at Object.debug (src/utils/logger.ts:11:51)

    console.log
      [DEBUG] DATABASE - Client acquired from pool

      at Object.debug (src/utils/logger.ts:11:51)

    console.log
      [HTTP] POST /api/sessions

      at Object.http (src/utils/logger.ts:10:50)

    console.log
      [DEBUG] DATABASE - Client acquired from pool

      at Object.debug (src/utils/logger.ts:11:51)

    console.log
      [HTTP] GET /api/sessions/non-existent-session-id

      at Object.http (src/utils/logger.ts:10:50)

    console.log
      [DEBUG] DATABASE - Client acquired from pool

      at Object.debug (src/utils/logger.ts:11:51)

    console.log
      [DEBUG] DATABASE - Client acquired from pool

      at Object.debug (src/utils/logger.ts:11:51)

    console.log
      [DEBUG] DATABASE - Client acquired from pool

      at Object.debug (src/utils/logger.ts:11:51)

    console.log
      [DEBUG] DATABASE - Client acquired from pool

      at Object.debug (src/utils/logger.ts:11:51)

    console.log
      [DEBUG] DATABASE - Client acquired from pool

      at Object.debug (src/utils/logger.ts:11:51)

    console.log
      [HTTP] POST /api/sessions

      at Object.http (src/utils/logger.ts:10:50)

    console.log
      [DEBUG] DATABASE - Client acquired from pool

      at Object.debug (src/utils/logger.ts:11:51)

    console.log
      [DEBUG] DATABASE - Client acquired from pool

      at Object.debug (src/utils/logger.ts:11:51)

    console.log
      [HTTP] POST /api/sessions/f15021e7-bce8-4e06-86b0-b948dd6155b7/heartbeat

      at Object.http (src/utils/logger.ts:10:50)

    console.log
      [DEBUG] DATABASE - Client acquired from pool

      at Object.debug (src/utils/logger.ts:11:51)

    console.log
      [DEBUG] DATABASE - Client acquired from pool

      at Object.debug (src/utils/logger.ts:11:51)

    console.log
      [DEBUG] DATABASE - Client acquired from pool

      at Object.debug (src/utils/logger.ts:11:51)

    console.log
      [DEBUG] DATABASE - Client acquired from pool

      at Object.debug (src/utils/logger.ts:11:51)

    console.log
      [DEBUG] DATABASE - Client acquired from pool

      at Object.debug (src/utils/logger.ts:11:51)

    console.log
      [DEBUG] DATABASE - Client acquired from pool

      at Object.debug (src/utils/logger.ts:11:51)

    console.log
      [HTTP] POST /api/sessions

      at Object.http (src/utils/logger.ts:10:50)

    console.log
      [DEBUG] DATABASE - Client acquired from pool

      at Object.debug (src/utils/logger.ts:11:51)

    console.log
      [HTTP] POST /api/sessions/non-existent-session/heartbeat

      at Object.http (src/utils/logger.ts:10:50)

    console.log
      [DEBUG] DATABASE - Client acquired from pool

      at Object.debug (src/utils/logger.ts:11:51)

    console.log
      [DEBUG] DATABASE - Client acquired from pool

      at Object.debug (src/utils/logger.ts:11:51)

    console.log
      [DEBUG] DATABASE - Client acquired from pool

      at Object.debug (src/utils/logger.ts:11:51)

    console.log
      [DEBUG] DATABASE - Client acquired from pool

      at Object.debug (src/utils/logger.ts:11:51)

    console.log
      [DEBUG] DATABASE - Client acquired from pool

      at Object.debug (src/utils/logger.ts:11:51)

    console.log
      [HTTP] POST /api/sessions

      at Object.http (src/utils/logger.ts:10:50)

    console.log
      [DEBUG] DATABASE - Client acquired from pool

      at Object.debug (src/utils/logger.ts:11:51)

    console.log
      [HTTP] DELETE /api/sessions/8086355f-4ea0-45cf-abc2-db9d39ca65db

      at Object.http (src/utils/logger.ts:10:50)

    console.log
      [DEBUG] DATABASE - Client acquired from pool

      at Object.debug (src/utils/logger.ts:11:51)

    console.log
      [DEBUG] DATABASE - Client acquired from pool

      at Object.debug (src/utils/logger.ts:11:51)

    console.log
      [DEBUG] DATABASE - Client acquired from pool

      at Object.debug (src/utils/logger.ts:11:51)

    console.log
      [DEBUG] DATABASE - Client acquired from pool

      at Object.debug (src/utils/logger.ts:11:51)

    console.log
      [DEBUG] DATABASE - Client acquired from pool

      at Object.debug (src/utils/logger.ts:11:51)

    console.log
      [DEBUG] DATABASE - Client acquired from pool

      at Object.debug (src/utils/logger.ts:11:51)

    console.log
      [HTTP] POST /api/sessions

      at Object.http (src/utils/logger.ts:10:50)

    console.log
      [DEBUG] DATABASE - Client acquired from pool

      at Object.debug (src/utils/logger.ts:11:51)

    console.log
      [HTTP] DELETE /api/sessions/95ee6562-02ad-459a-9683-477a46db9200

      at Object.http (src/utils/logger.ts:10:50)

    console.log
      [DEBUG] DATABASE - Client acquired from pool

      at Object.debug (src/utils/logger.ts:11:51)

    console.log
      [HTTP] GET /api/sessions/table/3

      at Object.http (src/utils/logger.ts:10:50)

    console.log
      [DEBUG] DATABASE - Client acquired from pool

      at Object.debug (src/utils/logger.ts:11:51)

    console.log
      [DEBUG] DATABASE - Client acquired from pool

      at Object.debug (src/utils/logger.ts:11:51)

    console.log
      [DEBUG] DATABASE - Client acquired from pool

      at Object.debug (src/utils/logger.ts:11:51)

    console.log
      [DEBUG] DATABASE - Client acquired from pool

      at Object.debug (src/utils/logger.ts:11:51)

    console.log
      [DEBUG] DATABASE - Client acquired from pool

      at Object.debug (src/utils/logger.ts:11:51)

    console.log
      [HTTP] POST /api/sessions

      at Object.http (src/utils/logger.ts:10:50)

    console.log
      [DEBUG] DATABASE - Client acquired from pool

      at Object.debug (src/utils/logger.ts:11:51)

    console.log
      [HTTP] DELETE /api/sessions/non-existent-session

      at Object.http (src/utils/logger.ts:10:50)

    console.log
      [DEBUG] DATABASE - Client acquired from pool

      at Object.debug (src/utils/logger.ts:11:51)

    console.log
      [DEBUG] DATABASE - Client acquired from pool

      at Object.debug (src/utils/logger.ts:11:51)

    console.log
      [DEBUG] DATABASE - Client acquired from pool

      at Object.debug (src/utils/logger.ts:11:51)

    console.log
      [DEBUG] DATABASE - Client acquired from pool

      at Object.debug (src/utils/logger.ts:11:51)

    console.log
      [DEBUG] DATABASE - Client acquired from pool

      at Object.debug (src/utils/logger.ts:11:51)

    console.log
      [HTTP] POST /api/sessions

      at Object.http (src/utils/logger.ts:10:50)

    console.log
      [DEBUG] DATABASE - Client acquired from pool

      at Object.debug (src/utils/logger.ts:11:51)

    console.log
      [HTTP] POST /api/orders

      at Object.http (src/utils/logger.ts:10:50)

    console.log
      [INFO] ORDER CREATE - Received order request { tableNumber: 3, 
itemsCount: 1 }

      at Object.info (src/utils/logger.ts:9:50)

    console.log
      [DEBUG] DATABASE - Client acquired from pool

      at Object.debug (src/utils/logger.ts:11:51)

    console.log
      [INFO] ORDER CREATE - Creating order {
        sessionId: '5ac8faf3-bdbf-4c0c-8cab-f2200ecdf87e',
        tableNumber: 3,
        totalPrice: 8.99,
        itemsCount: 1
      }

      at Object.info (src/utils/logger.ts:9:50)

    console.log
      [DEBUG] DATABASE - Client acquired from pool

      at Object.debug (src/utils/logger.ts:11:51)

    console.log
      [DEBUG] DATABASE - Client acquired from pool

      at Object.debug (src/utils/logger.ts:11:51)

    console.log
      [INFO] ORDER CREATE - Order inserted { orderId: 308, orderNumber: 1, 
tableNumber: 3 }

      at Object.info (src/utils/logger.ts:9:50)

    console.log
      [DEBUG] DATABASE - Client acquired from pool

      at Object.debug (src/utils/logger.ts:11:51)

    console.log
      [DEBUG] DATABASE - Client acquired from pool

      at Object.debug (src/utils/logger.ts:11:51)

    console.log
      [INFO] ORDER CREATE - Order created successfully { orderId: 308, 
tableNumber: 3, status: 'Pending', orderNumber: 1 }

      at Object.info (src/utils/logger.ts:9:50)

    console.log
      [INFO] Order created: 308 for table 3

      at Object.info (src/utils/logger.ts:9:50)

    console.log
      [HTTP] DELETE /api/sessions/5ac8faf3-bdbf-4c0c-8cab-f2200ecdf87e

      at Object.http (src/utils/logger.ts:10:50)

    console.log
      [DEBUG] DATABASE - Client acquired from pool

      at Object.debug (src/utils/logger.ts:11:51)

    console.log
      [DEBUG] DATABASE - Client acquired from pool

      at Object.debug (src/utils/logger.ts:11:51)

    console.log
      [DEBUG] DATABASE - Client acquired from pool

      at Object.debug (src/utils/logger.ts:11:51)

    console.log
      [DEBUG] DATABASE - Client acquired from pool

      at Object.debug (src/utils/logger.ts:11:51)

    console.log
      [DEBUG] DATABASE - Client acquired from pool

      at Object.debug (src/utils/logger.ts:11:51)

    console.log
      [DEBUG] DATABASE - Client acquired from pool

      at Object.debug (src/utils/logger.ts:11:51)

    console.log
      [HTTP] POST /api/sessions

      at Object.http (src/utils/logger.ts:10:50)

    console.log
      [DEBUG] DATABASE - Client acquired from pool

      at Object.debug (src/utils/logger.ts:11:51)

    console.log
      [HTTP] POST /api/orders

      at Object.http (src/utils/logger.ts:10:50)

    console.log
      [INFO] ORDER CREATE - Received order request { tableNumber: 3, 
itemsCount: 1 }

      at Object.info (src/utils/logger.ts:9:50)

    console.log
      [DEBUG] DATABASE - Client acquired from pool

      at Object.debug (src/utils/logger.ts:11:51)

    console.log
      [INFO] ORDER CREATE - Creating order {
        sessionId: '028a97e1-d7db-4e75-a881-7869f15a97e0',
        tableNumber: 3,
        totalPrice: 8.99,
        itemsCount: 1
      }

      at Object.info (src/utils/logger.ts:9:50)

    console.log
      [DEBUG] DATABASE - Client acquired from pool

      at Object.debug (src/utils/logger.ts:11:51)

    console.log
      [DEBUG] DATABASE - Client acquired from pool

      at Object.debug (src/utils/logger.ts:11:51)

    console.log
      [INFO] ORDER CREATE - Order inserted { orderId: 309, orderNumber: 1, 
tableNumber: 3 }

      at Object.info (src/utils/logger.ts:9:50)

    console.log
      [DEBUG] DATABASE - Client acquired from pool

      at Object.debug (src/utils/logger.ts:11:51)

    console.log
      [DEBUG] DATABASE - Client acquired from pool

      at Object.debug (src/utils/logger.ts:11:51)

    console.log
      [INFO] ORDER CREATE - Order created successfully { orderId: 309, 
tableNumber: 3, status: 'Pending', orderNumber: 1 }

      at Object.info (src/utils/logger.ts:9:50)

    console.log
      [INFO] Order created: 309 for table 3

      at Object.info (src/utils/logger.ts:9:50)

    console.log
      [HTTP] POST /api/orders

      at Object.http (src/utils/logger.ts:10:50)

    console.log
      [INFO] ORDER CREATE - Received order request { tableNumber: 3, 
itemsCount: 1 }

      at Object.info (src/utils/logger.ts:9:50)

    console.log
      [DEBUG] DATABASE - Client acquired from pool

      at Object.debug (src/utils/logger.ts:11:51)

    console.log
      [INFO] ORDER CREATE - Creating order {
        sessionId: '028a97e1-d7db-4e75-a881-7869f15a97e0',
        tableNumber: 3,
        totalPrice: 12.99,
        itemsCount: 1
      }

      at Object.info (src/utils/logger.ts:9:50)

    console.log
      [DEBUG] DATABASE - Client acquired from pool

      at Object.debug (src/utils/logger.ts:11:51)

    console.log
      [DEBUG] DATABASE - Client acquired from pool

      at Object.debug (src/utils/logger.ts:11:51)

    console.log
      [INFO] ORDER CREATE - Order inserted { orderId: 310, orderNumber: 2, 
tableNumber: 3 }

      at Object.info (src/utils/logger.ts:9:50)

    console.log
      [DEBUG] DATABASE - Client acquired from pool

      at Object.debug (src/utils/logger.ts:11:51)

    console.log
      [DEBUG] DATABASE - Client acquired from pool

      at Object.debug (src/utils/logger.ts:11:51)

    console.log
      [INFO] ORDER CREATE - Order created successfully { orderId: 310, 
tableNumber: 3, status: 'Pending', orderNumber: 2 }

      at Object.info (src/utils/logger.ts:9:50)

    console.log
      [INFO] Order created: 310 for table 3

      at Object.info (src/utils/logger.ts:9:50)

    console.log
      [HTTP] GET /api/sessions/028a97e1-d7db-4e75-a881-7869f15a97e0/orders

      at Object.http (src/utils/logger.ts:10:50)

    console.log
      [DEBUG] DATABASE - Client acquired from pool

      at Object.debug (src/utils/logger.ts:11:51)

    console.log
      [DEBUG] DATABASE - Client acquired from pool

      at Object.debug (src/utils/logger.ts:11:51)

    console.log
      [DEBUG] DATABASE - Client acquired from pool

      at Object.debug (src/utils/logger.ts:11:51)

    console.log
      [DEBUG] DATABASE - Client acquired from pool

      at Object.debug (src/utils/logger.ts:11:51)

    console.log
      [DEBUG] DATABASE - Client acquired from pool

      at Object.debug (src/utils/logger.ts:11:51)

    console.log
      [HTTP] POST /api/sessions

      at Object.http (src/utils/logger.ts:10:50)

    console.log
      [DEBUG] DATABASE - Client acquired from pool

      at Object.debug (src/utils/logger.ts:11:51)

    console.log
      [HTTP] POST /api/orders

      at Object.http (src/utils/logger.ts:10:50)

    console.log
      [INFO] ORDER CREATE - Received order request { tableNumber: 3, 
itemsCount: 1 }

      at Object.info (src/utils/logger.ts:9:50)

    console.log
      [DEBUG] DATABASE - Client acquired from pool

      at Object.debug (src/utils/logger.ts:11:51)

    console.log
      [INFO] ORDER CREATE - Creating order {
        sessionId: '205c59a1-01f4-4339-88d9-76738e9cf3c8',
        tableNumber: 3,
        totalPrice: 8.99,
        itemsCount: 1
      }

      at Object.info (src/utils/logger.ts:9:50)

    console.log
      [DEBUG] DATABASE - Client acquired from pool

      at Object.debug (src/utils/logger.ts:11:51)

    console.log
      [DEBUG] DATABASE - Client acquired from pool

      at Object.debug (src/utils/logger.ts:11:51)

    console.log
      [INFO] ORDER CREATE - Order inserted { orderId: 311, orderNumber: 1, 
tableNumber: 3 }

      at Object.info (src/utils/logger.ts:9:50)

    console.log
      [DEBUG] DATABASE - Client acquired from pool

      at Object.debug (src/utils/logger.ts:11:51)

    console.log
      [DEBUG] DATABASE - Client acquired from pool

      at Object.debug (src/utils/logger.ts:11:51)

    console.log
      [INFO] ORDER CREATE - Order created successfully { orderId: 311, 
tableNumber: 3, status: 'Pending', orderNumber: 1 }

      at Object.info (src/utils/logger.ts:9:50)

    console.log
      [INFO] Order created: 311 for table 3

      at Object.info (src/utils/logger.ts:9:50)

    console.log
      [HTTP] GET /api/sessions/205c59a1-01f4-4339-88d9-76738e9cf3c8/orders

      at Object.http (src/utils/logger.ts:10:50)

    console.log
      [DEBUG] DATABASE - Client acquired from pool

      at Object.debug (src/utils/logger.ts:11:51)

    console.log
      [DEBUG] DATABASE - Client acquired from pool

      at Object.debug (src/utils/logger.ts:11:51)

    console.log
      [DEBUG] DATABASE - Client acquired from pool

      at Object.debug (src/utils/logger.ts:11:51)

    console.log
      [DEBUG] DATABASE - Client acquired from pool

      at Object.debug (src/utils/logger.ts:11:51)

    console.log
      [DEBUG] DATABASE - Client acquired from pool

      at Object.debug (src/utils/logger.ts:11:51)

    console.log
      [HTTP] POST /api/sessions

      at Object.http (src/utils/logger.ts:10:50)

    console.log
      [DEBUG] DATABASE - Client acquired from pool

      at Object.debug (src/utils/logger.ts:11:51)

    console.log
      [HTTP] GET /api/sessions/97f83b5d-981b-41ca-8a3b-1f9df8fa1f50/orders

      at Object.http (src/utils/logger.ts:10:50)

    console.log
      [DEBUG] DATABASE - Client acquired from pool

      at Object.debug (src/utils/logger.ts:11:51)

    console.log
      [DEBUG] DATABASE - Client acquired from pool

      at Object.debug (src/utils/logger.ts:11:51)

    console.log
      [DEBUG] DATABASE - Client acquired from pool

      at Object.debug (src/utils/logger.ts:11:51)

    console.log
      [DEBUG] DATABASE - Client acquired from pool

      at Object.debug (src/utils/logger.ts:11:51)

    console.log
      [DEBUG] DATABASE - Client acquired from pool

      at Object.debug (src/utils/logger.ts:11:51)

    console.log
      [HTTP] POST /api/sessions

      at Object.http (src/utils/logger.ts:10:50)

    console.log
      [DEBUG] DATABASE - Client acquired from pool

      at Object.debug (src/utils/logger.ts:11:51)

    console.log
      [HTTP] POST /api/orders

      at Object.http (src/utils/logger.ts:10:50)

    console.log
      [INFO] ORDER CREATE - Received order request { tableNumber: 3, 
itemsCount: 1 }

      at Object.info (src/utils/logger.ts:9:50)

    console.log
      [DEBUG] DATABASE - Client acquired from pool

      at Object.debug (src/utils/logger.ts:11:51)

    console.log
      [INFO] ORDER CREATE - Creating order {
        sessionId: '55fbbafd-da6e-4f63-9789-a18a5b8b35cf',
        tableNumber: 3,
        totalPrice: 17.98,
        itemsCount: 1
      }

      at Object.info (src/utils/logger.ts:9:50)

    console.log
      [DEBUG] DATABASE - Client acquired from pool

      at Object.debug (src/utils/logger.ts:11:51)

    console.log
      [DEBUG] DATABASE - Client acquired from pool

      at Object.debug (src/utils/logger.ts:11:51)

    console.log
      [INFO] ORDER CREATE - Order inserted { orderId: 312, orderNumber: 1, 
tableNumber: 3 }

      at Object.info (src/utils/logger.ts:9:50)

    console.log
      [DEBUG] DATABASE - Client acquired from pool

      at Object.debug (src/utils/logger.ts:11:51)

    console.log
      [DEBUG] DATABASE - Client acquired from pool

      at Object.debug (src/utils/logger.ts:11:51)

    console.log
      [INFO] ORDER CREATE - Order created successfully { orderId: 312, 
tableNumber: 3, status: 'Pending', orderNumber: 1 }

      at Object.info (src/utils/logger.ts:9:50)

    console.log
      [INFO] Order created: 312 for table 3

      at Object.info (src/utils/logger.ts:9:50)

    console.log
      [HTTP] POST /api/sessions/55fbbafd-da6e-4f63-9789-a18a5b8b35cf/heartbeat

      at Object.http (src/utils/logger.ts:10:50)

    console.log
      [DEBUG] DATABASE - Client acquired from pool

      at Object.debug (src/utils/logger.ts:11:51)

    console.log
      [HTTP] GET /api/sessions/55fbbafd-da6e-4f63-9789-a18a5b8b35cf

      at Object.http (src/utils/logger.ts:10:50)

    console.log
      [DEBUG] DATABASE - Client acquired from pool

      at Object.debug (src/utils/logger.ts:11:51)

    console.log
      [DEBUG] DATABASE - Client acquired from pool

      at Object.debug (src/utils/logger.ts:11:51)

    console.log
      [HTTP] DELETE /api/sessions/55fbbafd-da6e-4f63-9789-a18a5b8b35cf

      at Object.http (src/utils/logger.ts:10:50)

    console.log
      [DEBUG] DATABASE - Client acquired from pool

      at Object.debug (src/utils/logger.ts:11:51)

    console.log
      [DEBUG] DATABASE - Client acquired from pool

      at Object.debug (src/utils/logger.ts:11:51)

    console.log
      Cleaning up test environment...

      at Object.<anonymous> (src/__tests__/setup.ts:52:11)

    console.log
      [DEBUG] DATABASE - Client acquired from pool

      at Object.debug (src/utils/logger.ts:11:51)

    console.log
      [DEBUG] DATABASE - Client acquired from pool

      at Object.debug (src/utils/logger.ts:11:51)

    console.log
      [DEBUG] DATABASE - Client acquired from pool

      at Object.debug (src/utils/logger.ts:11:51)

    console.log
      [DEBUG] DATABASE - Client acquired from pool

      at Object.debug (src/utils/logger.ts:11:51)

  ΓùÅ Session Management API ΓÇ║ GET /api/sessions/:sessionId/orders - Session 
Orders ΓÇ║ should retrieve all orders for a session

    expect(received).toBe(expected) // Object.is equality

    Expected: "028a97e1-d7db-4e75-a881-7869f15a97e0"
    Received: undefined

    [0m [90m 421 |[39m       
     [90m 422 |[39m       
response[33m.[39mbody[33m.[39mforEach((order[33m:[39m any) [33m=>[39m {
    [31m[1m>[22m[39m[90m 423 |[39m         
expect(order[33m.[39msessionId)[33m.[39mtoBe(sessionId)[33m;[39m
     [90m     |[39m                                 [31m[1m^[22m[39m
     [90m 424 |[39m       })[33m;[39m
     [90m 425 |[39m     })[33m;[39m
     [90m 426 |[39m[0m

      at src/__tests__/sessions.test.ts:423:33
          at Array.forEach (<anonymous>)
      at Object.<anonymous> (src/__tests__/sessions.test.ts:422:21)

  ΓùÅ Session Management API ΓÇ║ GET /api/sessions/:sessionId/orders - Session 
Orders ΓÇ║ should include order numbers

    expect(received).toHaveProperty(path)

    Expected path: "orderNumber"
    Received path: []

    Received value: {"created_at": "2026-03-02T15:19:06.209Z", "id": 311, 
"items": [{"id": 325, "menuItemId": 1, "name": "Bruschetta", "price": 8.99, 
"quantity": 1}], "order_number": 1, "paid_at": null, "session_id": 
"205c59a1-01f4-4339-88d9-76738e9cf3c8", "status": "Pending", "table_number": 
3, "total_price": 8.99, "updated_at": "2026-03-02T15:19:06.209Z"}

    [0m [90m 440 |[39m       
     [90m 441 |[39m       
response[33m.[39mbody[33m.[39mforEach((order[33m:[39m any) [33m=>[39m {
    [31m[1m>[22m[39m[90m 442 |[39m         
expect(order)[33m.[39mtoHaveProperty([32m'orderNumber'[39m)[33m;[39m
     [90m     |[39m                       [31m[1m^[22m[39m
     [90m 443 |[39m         expect([36mtypeof[39m 
order[33m.[39morderNumber)[33m.[39mtoBe([32m'number'[39m)[33m;[39m
     [90m 444 |[39m       })[33m;[39m
     [90m 445 |[39m     })[33m;[39m[0m

      at src/__tests__/sessions.test.ts:442:23
          at Array.forEach (<anonymous>)
      at Object.<anonymous> (src/__tests__/sessions.test.ts:441:21)


  ΓùÅ  Cannot log after tests are done. Did you forget to wait for something 
async in your test?
    Attempted to log "[INFO] DATABASE - Client removed from pool ".

    [0m [90m  7 |[39m   error[33m:[39m (message[33m:[39m 
string[33m,[39m meta[33m?[39m[33m:[39m any) [33m=>[39m 
console[33m.[39merror([32m`[ERROR] ${message}`[39m[33m,[39m meta 
[33m||[39m [32m''[39m)[33m,[39m
     [90m  8 |[39m   warn[33m:[39m (message[33m:[39m string[33m,[39m 
meta[33m?[39m[33m:[39m any) [33m=>[39m 
console[33m.[39mwarn([32m`[WARN] ${message}`[39m[33m,[39m meta 
[33m||[39m [32m''[39m)[33m,[39m
    [31m[1m>[22m[39m[90m  9 |[39m   info[33m:[39m (message[33m:[39m 
string[33m,[39m meta[33m?[39m[33m:[39m any) [33m=>[39m 
console[33m.[39mlog([32m`[INFO] ${message}`[39m[33m,[39m meta 
[33m||[39m [32m''[39m)[33m,[39m
     [90m    |[39m                                                  
[31m[1m^[22m[39m
     [90m 10 |[39m   http[33m:[39m (message[33m:[39m string[33m,[39m 
meta[33m?[39m[33m:[39m any) [33m=>[39m 
console[33m.[39mlog([32m`[HTTP] ${message}`[39m[33m,[39m meta 
[33m||[39m [32m''[39m)[33m,[39m
     [90m 11 |[39m   debug[33m:[39m (message[33m:[39m string[33m,[39m 
meta[33m?[39m[33m:[39m any) [33m=>[39m 
console[33m.[39mlog([32m`[DEBUG] ${message}`[39m[33m,[39m meta 
[33m||[39m [32m''[39m)[33m,[39m
     [90m 12 |[39m }[33m;[39m[0m

      at console.log (node_modules/@jest/console/build/index.js:147:10)
      at Object.info (src/utils/logger.ts:9:50)
      at BoundPool.<anonymous> (src/db/database.ts:38:10)
      at Connection.<anonymous> (node_modules/pg-pool/index.js:174:15)
      at Socket.<anonymous> (node_modules/pg/lib/connection.js:61:12)

FAIL src/__tests__/auth.test.ts (41.404 s)
  ΓùÅ Console

    console.log
      [dotenv@17.2.4] injecting env (5) from .env -- tip: ≡ƒöÉ prevent 
building .env in docker: https://dotenvx.com/prebuild

      at _log (node_modules/dotenv/lib/main.js:142:11)

    console.log
      Γ£ô Environment validation passed

      at validateRequiredEnv (src/config/validateEnv.ts:36:11)

    console.log
        - DATABASE_URL: postgresql://restaur...

      at validateRequiredEnv (src/config/validateEnv.ts:37:11)

    console.log
        - JWT_SECRET: 128 characters

      at validateRequiredEnv (src/config/validateEnv.ts:38:11)

    console.log
        - CORS_ORIGIN: https://restaurant-frontend-85q6.onrender.com

      at validateRequiredEnv (src/config/validateEnv.ts:39:11)

    console.log
      [INFO] SocketManager initialized successfully

      at Object.info (src/utils/logger.ts:9:50)

    console.log
      Setting up test environment...

      at Object.<anonymous> (src/__tests__/setup.ts:47:11)

    console.log
      [INFO] DATABASE - New client connected to pool

      at Object.info (src/utils/logger.ts:9:50)

    console.log
      [DEBUG] DATABASE - Client acquired from pool

      at Object.debug (src/utils/logger.ts:11:51)

    console.log
      [DEBUG] DATABASE - Client acquired from pool

      at Object.debug (src/utils/logger.ts:11:51)

    console.log
      [DEBUG] DATABASE - Client acquired from pool

      at Object.debug (src/utils/logger.ts:11:51)

    console.log
      [DEBUG] DATABASE - Client acquired from pool

      at Object.debug (src/utils/logger.ts:11:51)

    console.log
      [HTTP] POST /api/auth/register-customer

      at Object.http (src/utils/logger.ts:10:50)

    console.log
      [DEBUG] DATABASE - Client acquired from pool

      at Object.debug (src/utils/logger.ts:11:51)

    console.log
      [DEBUG] DATABASE - Client acquired from pool

      at Object.debug (src/utils/logger.ts:11:51)

    console.log
      [DEBUG] DATABASE - Client acquired from pool

      at Object.debug (src/utils/logger.ts:11:51)

    console.log
      [DEBUG] DATABASE - Client acquired from pool

      at Object.debug (src/utils/logger.ts:11:51)

    console.log
      [HTTP] POST /api/auth/register-customer

      at Object.http (src/utils/logger.ts:10:50)

    console.log
      [HTTP] POST /api/auth/register-customer

      at Object.http (src/utils/logger.ts:10:50)

    console.log
      [DEBUG] DATABASE - Client acquired from pool

      at Object.debug (src/utils/logger.ts:11:51)

    console.log
      [DEBUG] DATABASE - Client acquired from pool

      at Object.debug (src/utils/logger.ts:11:51)

    console.log
      [DEBUG] DATABASE - Client acquired from pool

      at Object.debug (src/utils/logger.ts:11:51)

    console.log
      [DEBUG] DATABASE - Client acquired from pool

      at Object.debug (src/utils/logger.ts:11:51)

    console.log
      [HTTP] POST /api/auth/register-customer

      at Object.http (src/utils/logger.ts:10:50)

    console.log
      [DEBUG] DATABASE - Client acquired from pool

      at Object.debug (src/utils/logger.ts:11:51)

    console.log
      [DEBUG] DATABASE - Client acquired from pool

      at Object.debug (src/utils/logger.ts:11:51)

    console.log
      [DEBUG] DATABASE - Client acquired from pool

      at Object.debug (src/utils/logger.ts:11:51)

    console.log
      [DEBUG] DATABASE - Client acquired from pool

      at Object.debug (src/utils/logger.ts:11:51)

    console.log
      [HTTP] POST /api/auth/register-customer

      at Object.http (src/utils/logger.ts:10:50)

    console.log
      [DEBUG] DATABASE - Client acquired from pool

      at Object.debug (src/utils/logger.ts:11:51)

    console.log
      [DEBUG] DATABASE - Client acquired from pool

      at Object.debug (src/utils/logger.ts:11:51)

    console.log
      [DEBUG] DATABASE - Client acquired from pool

      at Object.debug (src/utils/logger.ts:11:51)

    console.log
      [DEBUG] DATABASE - Client acquired from pool

      at Object.debug (src/utils/logger.ts:11:51)

    console.log
      [HTTP] POST /api/auth/register-customer

      at Object.http (src/utils/logger.ts:10:50)

    console.log
      [DEBUG] DATABASE - Client acquired from pool

      at Object.debug (src/utils/logger.ts:11:51)

    console.log
      [DEBUG] DATABASE - Client acquired from pool

      at Object.debug (src/utils/logger.ts:11:51)

    console.log
      [DEBUG] DATABASE - Client acquired from pool

      at Object.debug (src/utils/logger.ts:11:51)

    console.log
      [DEBUG] DATABASE - Client acquired from pool

      at Object.debug (src/utils/logger.ts:11:51)

    console.log
      [DEBUG] DATABASE - Client acquired from pool

      at Object.debug (src/utils/logger.ts:11:51)

    console.log
      [HTTP] POST /api/auth/register-customer

      at Object.http (src/utils/logger.ts:10:50)

    console.log
      [HTTP] POST /api/auth/login

      at Object.http (src/utils/logger.ts:10:50)

    console.log
      [DEBUG] DATABASE - Client acquired from pool

      at Object.debug (src/utils/logger.ts:11:51)

    console.log
      [DEBUG] DATABASE - Client acquired from pool

      at Object.debug (src/utils/logger.ts:11:51)

    console.log
      [DEBUG] DATABASE - Client acquired from pool

      at Object.debug (src/utils/logger.ts:11:51)

    console.log
      [DEBUG] DATABASE - Client acquired from pool

      at Object.debug (src/utils/logger.ts:11:51)

    console.log
      [DEBUG] DATABASE - Client acquired from pool

      at Object.debug (src/utils/logger.ts:11:51)

    console.log
      [HTTP] POST /api/auth/register-customer

      at Object.http (src/utils/logger.ts:10:50)

    console.log
      [HTTP] POST /api/auth/login

      at Object.http (src/utils/logger.ts:10:50)

    console.log
      [DEBUG] DATABASE - Client acquired from pool

      at Object.debug (src/utils/logger.ts:11:51)

    console.log
      [DEBUG] DATABASE - Client acquired from pool

      at Object.debug (src/utils/logger.ts:11:51)

    console.log
      [DEBUG] DATABASE - Client acquired from pool

      at Object.debug (src/utils/logger.ts:11:51)

    console.log
      [DEBUG] DATABASE - Client acquired from pool

      at Object.debug (src/utils/logger.ts:11:51)

    console.log
      [DEBUG] DATABASE - Client acquired from pool

      at Object.debug (src/utils/logger.ts:11:51)

    console.log
      [HTTP] POST /api/auth/register-customer

      at Object.http (src/utils/logger.ts:10:50)

    console.log
      [HTTP] POST /api/auth/login

      at Object.http (src/utils/logger.ts:10:50)

    console.log
      [DEBUG] DATABASE - Client acquired from pool

      at Object.debug (src/utils/logger.ts:11:51)

    console.log
      [DEBUG] DATABASE - Client acquired from pool

      at Object.debug (src/utils/logger.ts:11:51)

    console.log
      [DEBUG] DATABASE - Client acquired from pool

      at Object.debug (src/utils/logger.ts:11:51)

    console.log
      [DEBUG] DATABASE - Client acquired from pool

      at Object.debug (src/utils/logger.ts:11:51)

    console.log
      [DEBUG] DATABASE - Client acquired from pool

      at Object.debug (src/utils/logger.ts:11:51)

    console.log
      [HTTP] POST /api/auth/register-customer

      at Object.http (src/utils/logger.ts:10:50)

    console.log
      [HTTP] POST /api/auth/login

      at Object.http (src/utils/logger.ts:10:50)

    console.log
      [DEBUG] DATABASE - Client acquired from pool

      at Object.debug (src/utils/logger.ts:11:51)

    console.log
      [DEBUG] DATABASE - Client acquired from pool

      at Object.debug (src/utils/logger.ts:11:51)

    console.log
      [DEBUG] DATABASE - Client acquired from pool

      at Object.debug (src/utils/logger.ts:11:51)

    console.log
      [DEBUG] DATABASE - Client acquired from pool

      at Object.debug (src/utils/logger.ts:11:51)

    console.log
      [DEBUG] DATABASE - Client acquired from pool

      at Object.debug (src/utils/logger.ts:11:51)

    console.log
      [HTTP] POST /api/auth/register-customer

      at Object.http (src/utils/logger.ts:10:50)

    console.log
      [HTTP] GET /api/orders

      at Object.http (src/utils/logger.ts:10:50)

    console.log
      [DEBUG] DATABASE - Client acquired from pool

      at Object.debug (src/utils/logger.ts:11:51)

    console.log
      [DEBUG] DATABASE - Client acquired from pool

      at Object.debug (src/utils/logger.ts:11:51)

    console.log
      [DEBUG] DATABASE - Client acquired from pool

      at Object.debug (src/utils/logger.ts:11:51)

    console.log
      [DEBUG] DATABASE - Client acquired from pool

      at Object.debug (src/utils/logger.ts:11:51)

    console.log
      [HTTP] POST /api/auth/register-customer

      at Object.http (src/utils/logger.ts:10:50)

    console.log
      [HTTP] POST /api/sessions

      at Object.http (src/utils/logger.ts:10:50)

    console.log
      [DEBUG] DATABASE - Client acquired from pool

      at Object.debug (src/utils/logger.ts:11:51)

    console.log
      [DEBUG] DATABASE - Client acquired from pool

      at Object.debug (src/utils/logger.ts:11:51)

    console.log
      [DEBUG] DATABASE - Client acquired from pool

      at Object.debug (src/utils/logger.ts:11:51)

    console.log
      [DEBUG] DATABASE - Client acquired from pool

      at Object.debug (src/utils/logger.ts:11:51)

    console.log
      [DEBUG] DATABASE - Client acquired from pool

      at Object.debug (src/utils/logger.ts:11:51)

    console.log
      [HTTP] POST /api/auth/register-customer

      at Object.http (src/utils/logger.ts:10:50)

    console.log
      [HTTP] POST /api/auth/login

      at Object.http (src/utils/logger.ts:10:50)

    console.log
      [DEBUG] DATABASE - Client acquired from pool

      at Object.debug (src/utils/logger.ts:11:51)

    console.log
      [DEBUG] DATABASE - Client acquired from pool

      at Object.debug (src/utils/logger.ts:11:51)

    console.log
      [HTTP] POST /api/tables/1/mark-paid

      at Object.http (src/utils/logger.ts:10:50)

    console.log
      [DEBUG] DATABASE - Client acquired from pool

      at Object.debug (src/utils/logger.ts:11:51)

    console.log
      [INFO] TABLES - Orders marked as paid { tableNumber: '1', orderIds: [ 17 
] }

      at Object.info (src/utils/logger.ts:9:50)

    console.log
      [DEBUG] DATABASE - Client acquired from pool

      at Object.debug (src/utils/logger.ts:11:51)

    console.log
      [DEBUG] DATABASE - Client acquired from pool

      at Object.debug (src/utils/logger.ts:11:51)

    console.log
      [DEBUG] DATABASE - Client acquired from pool

      at Object.debug (src/utils/logger.ts:11:51)

    console.log
      [DEBUG] DATABASE - Client acquired from pool

      at Object.debug (src/utils/logger.ts:11:51)

    console.log
      [DEBUG] DATABASE - Client acquired from pool

      at Object.debug (src/utils/logger.ts:11:51)

    console.log
      [HTTP] POST /api/auth/register-customer

      at Object.http (src/utils/logger.ts:10:50)

    console.log
      [HTTP] POST /api/auth/login

      at Object.http (src/utils/logger.ts:10:50)

    console.log
      [DEBUG] DATABASE - Client acquired from pool

      at Object.debug (src/utils/logger.ts:11:51)

    console.log
      [DEBUG] DATABASE - Client acquired from pool

      at Object.debug (src/utils/logger.ts:11:51)

    console.log
      [HTTP] POST /api/tables/1/mark-paid

      at Object.http (src/utils/logger.ts:10:50)

    console.log
      [DEBUG] DATABASE - Client acquired from pool

      at Object.debug (src/utils/logger.ts:11:51)

    console.log
      [DEBUG] DATABASE - Client acquired from pool

      at Object.debug (src/utils/logger.ts:11:51)

    console.log
      [DEBUG] DATABASE - Client acquired from pool

      at Object.debug (src/utils/logger.ts:11:51)

    console.log
      [DEBUG] DATABASE - Client acquired from pool

      at Object.debug (src/utils/logger.ts:11:51)

    console.log
      [HTTP] POST /api/auth/register-customer

      at Object.http (src/utils/logger.ts:10:50)

    console.log
      [HTTP] POST /api/auth/login

      at Object.http (src/utils/logger.ts:10:50)

    console.log
      [DEBUG] DATABASE - Client acquired from pool

      at Object.debug (src/utils/logger.ts:11:51)

    console.log
      [DEBUG] DATABASE - Client acquired from pool

      at Object.debug (src/utils/logger.ts:11:51)

    console.log
      [HTTP] GET /api/table-assignments

      at Object.http (src/utils/logger.ts:10:50)

    console.log
      [DEBUG] DATABASE - Client acquired from pool

      at Object.debug (src/utils/logger.ts:11:51)

    console.log
      [DEBUG] DATABASE - Client acquired from pool

      at Object.debug (src/utils/logger.ts:11:51)

    console.log
      [DEBUG] DATABASE - Client acquired from pool

      at Object.debug (src/utils/logger.ts:11:51)

    console.log
      [DEBUG] DATABASE - Client acquired from pool

      at Object.debug (src/utils/logger.ts:11:51)

    console.log
      [DEBUG] DATABASE - Client acquired from pool

      at Object.debug (src/utils/logger.ts:11:51)

    console.log
      [HTTP] POST /api/auth/register-customer

      at Object.http (src/utils/logger.ts:10:50)

    console.log
      [HTTP] POST /api/auth/login

      at Object.http (src/utils/logger.ts:10:50)

    console.log
      [DEBUG] DATABASE - Client acquired from pool

      at Object.debug (src/utils/logger.ts:11:51)

    console.log
      [DEBUG] DATABASE - Client acquired from pool

      at Object.debug (src/utils/logger.ts:11:51)

    console.log
      [HTTP] GET /api/table-assignments

      at Object.http (src/utils/logger.ts:10:50)

    console.log
      [DEBUG] DATABASE - Client acquired from pool

      at Object.debug (src/utils/logger.ts:11:51)

    console.log
      [DEBUG] DATABASE - Client acquired from pool

      at Object.debug (src/utils/logger.ts:11:51)

    console.log
      [DEBUG] DATABASE - Client acquired from pool

      at Object.debug (src/utils/logger.ts:11:51)

    console.log
      [DEBUG] DATABASE - Client acquired from pool

      at Object.debug (src/utils/logger.ts:11:51)

    console.log
      [HTTP] POST /api/auth/register-customer

      at Object.http (src/utils/logger.ts:10:50)

    console.log
      [HTTP] POST /api/auth/login

      at Object.http (src/utils/logger.ts:10:50)

    console.log
      [DEBUG] DATABASE - Client acquired from pool

      at Object.debug (src/utils/logger.ts:11:51)

    console.log
      [DEBUG] DATABASE - Client acquired from pool

      at Object.debug (src/utils/logger.ts:11:51)

    console.log
      [HTTP] POST /api/sessions

      at Object.http (src/utils/logger.ts:10:50)

    console.log
      [DEBUG] DATABASE - Client acquired from pool

      at Object.debug (src/utils/logger.ts:11:51)

    console.log
      [HTTP] POST /api/orders

      at Object.http (src/utils/logger.ts:10:50)

    console.log
      [INFO] ORDER CREATE - Received order request { tableNumber: 5, 
itemsCount: 1 }

      at Object.info (src/utils/logger.ts:9:50)

    console.log
      [DEBUG] DATABASE - Client acquired from pool

      at Object.debug (src/utils/logger.ts:11:51)

    console.log
      [INFO] ORDER CREATE - Creating order {
        sessionId: '3c6da03d-23a5-47f5-b9f8-27b1cccd9393',
        tableNumber: 5,
        totalPrice: 8.99,
        itemsCount: 1
      }

      at Object.info (src/utils/logger.ts:9:50)

    console.log
      [DEBUG] DATABASE - Client acquired from pool

      at Object.debug (src/utils/logger.ts:11:51)

    console.log
      [DEBUG] DATABASE - Client acquired from pool

      at Object.debug (src/utils/logger.ts:11:51)

    console.log
      [INFO] ORDER CREATE - Order inserted { orderId: 313, orderNumber: 1, 
tableNumber: 5 }

      at Object.info (src/utils/logger.ts:9:50)

    console.log
      [DEBUG] DATABASE - Client acquired from pool

      at Object.debug (src/utils/logger.ts:11:51)

    console.log
      [DEBUG] DATABASE - Client acquired from pool

      at Object.debug (src/utils/logger.ts:11:51)

    console.log
      [INFO] ORDER CREATE - Order created successfully { orderId: 313, 
tableNumber: 5, status: 'Pending', orderNumber: 1 }

      at Object.info (src/utils/logger.ts:9:50)

    console.log
      [INFO] Order created: 313 for table 5

      at Object.info (src/utils/logger.ts:9:50)

    console.log
      [HTTP] PATCH /api/orders/313/status

      at Object.http (src/utils/logger.ts:10:50)

    console.log
      [INFO] ORDER STATUS - Updating order status { orderId: '313', newStatus: 
'Preparing' }

      at Object.info (src/utils/logger.ts:9:50)

    console.log
      [DEBUG] DATABASE - Client acquired from pool

      at Object.debug (src/utils/logger.ts:11:51)

    console.log
      [INFO] ORDER STATUS - Order updated successfully { orderId: '313', 
newStatus: 'Preparing' }

      at Object.info (src/utils/logger.ts:9:50)

    console.log
      [DEBUG] DATABASE - Client acquired from pool

      at Object.debug (src/utils/logger.ts:11:51)

    console.log
      [INFO] Order 313 status updated to: Preparing

      at Object.info (src/utils/logger.ts:9:50)

    console.log
      [DEBUG] DATABASE - Client acquired from pool

      at Object.debug (src/utils/logger.ts:11:51)

    console.log
      [DEBUG] DATABASE - Client acquired from pool

      at Object.debug (src/utils/logger.ts:11:51)

    console.log
      [DEBUG] DATABASE - Client acquired from pool

      at Object.debug (src/utils/logger.ts:11:51)

    console.log
      [DEBUG] DATABASE - Client acquired from pool

      at Object.debug (src/utils/logger.ts:11:51)

    console.log
      [HTTP] POST /api/auth/register-customer

      at Object.http (src/utils/logger.ts:10:50)

    console.log
      [HTTP] POST /api/auth/login

      at Object.http (src/utils/logger.ts:10:50)

    console.log
      [DEBUG] DATABASE - Client acquired from pool

      at Object.debug (src/utils/logger.ts:11:51)

    console.log
      [DEBUG] DATABASE - Client acquired from pool

      at Object.debug (src/utils/logger.ts:11:51)

    console.log
      [HTTP] POST /api/sessions

      at Object.http (src/utils/logger.ts:10:50)

    console.log
      [DEBUG] DATABASE - Client acquired from pool

      at Object.debug (src/utils/logger.ts:11:51)

    console.log
      [HTTP] POST /api/orders

      at Object.http (src/utils/logger.ts:10:50)

    console.log
      [INFO] ORDER CREATE - Received order request { tableNumber: 6, 
itemsCount: 1 }

      at Object.info (src/utils/logger.ts:9:50)

    console.log
      [DEBUG] DATABASE - Client acquired from pool

      at Object.debug (src/utils/logger.ts:11:51)

    console.log
      [INFO] ORDER CREATE - Creating order {
        sessionId: 'e56b8267-ea10-484a-9fd2-5fe5ea4dd6d6',
        tableNumber: 6,
        totalPrice: 8.99,
        itemsCount: 1
      }

      at Object.info (src/utils/logger.ts:9:50)

    console.log
      [DEBUG] DATABASE - Client acquired from pool

      at Object.debug (src/utils/logger.ts:11:51)

    console.log
      [DEBUG] DATABASE - Client acquired from pool

      at Object.debug (src/utils/logger.ts:11:51)

    console.log
      [INFO] ORDER CREATE - Order inserted { orderId: 314, orderNumber: 1, 
tableNumber: 6 }

      at Object.info (src/utils/logger.ts:9:50)

    console.log
      [DEBUG] DATABASE - Client acquired from pool

      at Object.debug (src/utils/logger.ts:11:51)

    console.log
      [DEBUG] DATABASE - Client acquired from pool

      at Object.debug (src/utils/logger.ts:11:51)

    console.log
      [INFO] ORDER CREATE - Order created successfully { orderId: 314, 
tableNumber: 6, status: 'Pending', orderNumber: 1 }

      at Object.info (src/utils/logger.ts:9:50)

    console.log
      [INFO] Order created: 314 for table 6

      at Object.info (src/utils/logger.ts:9:50)

    console.log
      [HTTP] PATCH /api/orders/314/status

      at Object.http (src/utils/logger.ts:10:50)

    console.log
      [INFO] Order undefined status updated to: undefined

      at Object.info (src/utils/logger.ts:9:50)

    console.log
      [DEBUG] DATABASE - Client acquired from pool

      at Object.debug (src/utils/logger.ts:11:51)

    console.log
      [DEBUG] DATABASE - Client acquired from pool

      at Object.debug (src/utils/logger.ts:11:51)

    console.log
      [DEBUG] DATABASE - Client acquired from pool

      at Object.debug (src/utils/logger.ts:11:51)

    console.log
      [DEBUG] DATABASE - Client acquired from pool

      at Object.debug (src/utils/logger.ts:11:51)

    console.log
      [HTTP] POST /api/auth/register-customer

      at Object.http (src/utils/logger.ts:10:50)

    console.log
      [DEBUG] DATABASE - Client acquired from pool

      at Object.debug (src/utils/logger.ts:11:51)

    console.log
      [DEBUG] DATABASE - Client acquired from pool

      at Object.debug (src/utils/logger.ts:11:51)

    console.log
      [DEBUG] DATABASE - Client acquired from pool

      at Object.debug (src/utils/logger.ts:11:51)

    console.log
      [DEBUG] DATABASE - Client acquired from pool

      at Object.debug (src/utils/logger.ts:11:51)

    console.log
      [HTTP] GET /api/orders

      at Object.http (src/utils/logger.ts:10:50)

    console.log
      [DEBUG] DATABASE - Client acquired from pool

      at Object.debug (src/utils/logger.ts:11:51)

    console.log
      [DEBUG] DATABASE - Client acquired from pool

      at Object.debug (src/utils/logger.ts:11:51)

    console.log
      [DEBUG] DATABASE - Client acquired from pool

      at Object.debug (src/utils/logger.ts:11:51)

    console.log
      [DEBUG] DATABASE - Client acquired from pool

      at Object.debug (src/utils/logger.ts:11:51)

    console.log
      [HTTP] GET /api/orders

      at Object.http (src/utils/logger.ts:10:50)

    console.log
      [DEBUG] DATABASE - Client acquired from pool

      at Object.debug (src/utils/logger.ts:11:51)

    console.log
      [DEBUG] DATABASE - Client acquired from pool

      at Object.debug (src/utils/logger.ts:11:51)

    console.log
      [DEBUG] DATABASE - Client acquired from pool

      at Object.debug (src/utils/logger.ts:11:51)

    console.log
      [DEBUG] DATABASE - Client acquired from pool

      at Object.debug (src/utils/logger.ts:11:51)

    console.log
      [HTTP] POST /api/auth/register-customer

      at Object.http (src/utils/logger.ts:10:50)

    console.log
      [DEBUG] DATABASE - Client acquired from pool

      at Object.debug (src/utils/logger.ts:11:51)

    console.log
      [DEBUG] DATABASE - Client acquired from pool

      at Object.debug (src/utils/logger.ts:11:51)

    console.log
      [DEBUG] DATABASE - Client acquired from pool

      at Object.debug (src/utils/logger.ts:11:51)

    console.log
      [DEBUG] DATABASE - Client acquired from pool

      at Object.debug (src/utils/logger.ts:11:51)

    console.log
      [HTTP] POST /api/auth/register-customer

      at Object.http (src/utils/logger.ts:10:50)

    console.log
      [DEBUG] DATABASE - Client acquired from pool

      at Object.debug (src/utils/logger.ts:11:51)

    console.log
      [DEBUG] DATABASE - Client acquired from pool

      at Object.debug (src/utils/logger.ts:11:51)

    console.log
      [DEBUG] DATABASE - Client acquired from pool

      at Object.debug (src/utils/logger.ts:11:51)

    console.log
      [DEBUG] DATABASE - Client acquired from pool

      at Object.debug (src/utils/logger.ts:11:51)

    console.log
      [HTTP] POST /api/auth/register-customer

      at Object.http (src/utils/logger.ts:10:50)

    console.log
      [DEBUG] DATABASE - Client acquired from pool

      at Object.debug (src/utils/logger.ts:11:51)

    console.log
      [DEBUG] DATABASE - Client acquired from pool

      at Object.debug (src/utils/logger.ts:11:51)

    console.log
      [DEBUG] DATABASE - Client acquired from pool

      at Object.debug (src/utils/logger.ts:11:51)

    console.log
      [DEBUG] DATABASE - Client acquired from pool

      at Object.debug (src/utils/logger.ts:11:51)

    console.log
      [DEBUG] DATABASE - Client acquired from pool

      at Object.debug (src/utils/logger.ts:11:51)

    console.log
      [HTTP] POST /api/auth/register-customer

      at Object.http (src/utils/logger.ts:10:50)

    console.log
      [HTTP] POST /api/auth/register-customer

      at Object.http (src/utils/logger.ts:10:50)

    console.log
      [DEBUG] DATABASE - Client acquired from pool

      at Object.debug (src/utils/logger.ts:11:51)

    console.log
      [DEBUG] DATABASE - Client acquired from pool

      at Object.debug (src/utils/logger.ts:11:51)

    console.log
      [DEBUG] DATABASE - Client acquired from pool

      at Object.debug (src/utils/logger.ts:11:51)

    console.log
      [DEBUG] DATABASE - Client acquired from pool

      at Object.debug (src/utils/logger.ts:11:51)

    console.log
      [DEBUG] DATABASE - Client acquired from pool

      at Object.debug (src/utils/logger.ts:11:51)

    console.log
      [DEBUG] DATABASE - Client acquired from pool

      at Object.debug (src/utils/logger.ts:11:51)

    console.log
      [DEBUG] DATABASE - Client acquired from pool

      at Object.debug (src/utils/logger.ts:11:51)

    console.log
      [HTTP] POST /api/auth/register-customer

      at Object.http (src/utils/logger.ts:10:50)

    console.log
      [HTTP] POST /api/auth/register-customer

      at Object.http (src/utils/logger.ts:10:50)

    console.log
      [DEBUG] DATABASE - Client acquired from pool

      at Object.debug (src/utils/logger.ts:11:51)

    console.log
      [DEBUG] DATABASE - Client acquired from pool

      at Object.debug (src/utils/logger.ts:11:51)

    console.log
      [DEBUG] DATABASE - Client acquired from pool

      at Object.debug (src/utils/logger.ts:11:51)

    console.log
      [DEBUG] DATABASE - Client acquired from pool

      at Object.debug (src/utils/logger.ts:11:51)

    console.log
      [DEBUG] DATABASE - Client acquired from pool

      at Object.debug (src/utils/logger.ts:11:51)

    console.log
      [DEBUG] DATABASE - Client acquired from pool

      at Object.debug (src/utils/logger.ts:11:51)

    console.log
      [HTTP] POST /api/auth/register-customer

      at Object.http (src/utils/logger.ts:10:50)

    console.log
      [DEBUG] DATABASE - Client acquired from pool

      at Object.debug (src/utils/logger.ts:11:51)

    console.log
      [DEBUG] DATABASE - Client acquired from pool

      at Object.debug (src/utils/logger.ts:11:51)

    console.log
      [DEBUG] DATABASE - Client acquired from pool

      at Object.debug (src/utils/logger.ts:11:51)

    console.log
      [DEBUG] DATABASE - Client acquired from pool

      at Object.debug (src/utils/logger.ts:11:51)

    console.log
      [HTTP] POST /api/auth/register-customer

      at Object.http (src/utils/logger.ts:10:50)

    console.log
      [HTTP] POST /api/auth/register-customer

      at Object.http (src/utils/logger.ts:10:50)

    console.log
      [HTTP] POST /api/auth/register-customer

      at Object.http (src/utils/logger.ts:10:50)

    console.log
      [HTTP] POST /api/auth/register-customer

      at Object.http (src/utils/logger.ts:10:50)

    console.log
      [HTTP] POST /api/auth/register-customer

      at Object.http (src/utils/logger.ts:10:50)

    console.log
      [DEBUG] DATABASE - Client acquired from pool

      at Object.debug (src/utils/logger.ts:11:51)

    console.log
      [DEBUG] DATABASE - Client acquired from pool

      at Object.debug (src/utils/logger.ts:11:51)

    console.log
      [DEBUG] DATABASE - Client acquired from pool

      at Object.debug (src/utils/logger.ts:11:51)

    console.log
      [DEBUG] DATABASE - Client acquired from pool

      at Object.debug (src/utils/logger.ts:11:51)

    console.log
      [HTTP] POST /api/auth/register-customer

      at Object.http (src/utils/logger.ts:10:50)

    console.log
      [HTTP] POST /api/auth/login

      at Object.http (src/utils/logger.ts:10:50)

    console.log
      [DEBUG] DATABASE - Client acquired from pool

      at Object.debug (src/utils/logger.ts:11:51)

    console.log
      [DEBUG] DATABASE - Client acquired from pool

      at Object.debug (src/utils/logger.ts:11:51)

    console.log
      [DEBUG] DATABASE - Client acquired from pool

      at Object.debug (src/utils/logger.ts:11:51)

    console.log
      [DEBUG] DATABASE - Client acquired from pool

      at Object.debug (src/utils/logger.ts:11:51)

    console.log
      [DEBUG] DATABASE - Client acquired from pool

      at Object.debug (src/utils/logger.ts:11:51)

    console.log
      [HTTP] POST /api/auth/register-customer

      at Object.http (src/utils/logger.ts:10:50)

    console.log
      [HTTP] POST /api/auth/login

      at Object.http (src/utils/logger.ts:10:50)

    console.log
      [DEBUG] DATABASE - Client acquired from pool

      at Object.debug (src/utils/logger.ts:11:51)

    console.log
      [DEBUG] DATABASE - Client acquired from pool

      at Object.debug (src/utils/logger.ts:11:51)

    console.log
      [DEBUG] DATABASE - Client acquired from pool

      at Object.debug (src/utils/logger.ts:11:51)

    console.log
      [DEBUG] DATABASE - Client acquired from pool

      at Object.debug (src/utils/logger.ts:11:51)

    console.log
      [DEBUG] DATABASE - Client acquired from pool

      at Object.debug (src/utils/logger.ts:11:51)

    console.log
      [HTTP] POST /api/auth/register-customer

      at Object.http (src/utils/logger.ts:10:50)

    console.log
      [HTTP] POST /api/auth/login

      at Object.http (src/utils/logger.ts:10:50)

    console.log
      [DEBUG] DATABASE - Client acquired from pool

      at Object.debug (src/utils/logger.ts:11:51)

    console.log
      [HTTP] POST /api/auth/login

      at Object.http (src/utils/logger.ts:10:50)

    console.log
      [HTTP] POST /api/auth/login

      at Object.http (src/utils/logger.ts:10:50)

    console.log
      [HTTP] POST /api/auth/login

      at Object.http (src/utils/logger.ts:10:50)

    console.log
      [HTTP] POST /api/auth/login

      at Object.http (src/utils/logger.ts:10:50)

    console.log
      [INFO] DATABASE - New client connected to pool

      at Object.info (src/utils/logger.ts:9:50)

    console.log
      [DEBUG] DATABASE - Client acquired from pool

      at Object.debug (src/utils/logger.ts:11:51)

    console.log
      [INFO] DATABASE - New client connected to pool

      at Object.info (src/utils/logger.ts:9:50)

    console.log
      [DEBUG] DATABASE - Client acquired from pool

      at Object.debug (src/utils/logger.ts:11:51)

    console.log
      [INFO] DATABASE - New client connected to pool

      at Object.info (src/utils/logger.ts:9:50)

    console.log
      [DEBUG] DATABASE - Client acquired from pool

      at Object.debug (src/utils/logger.ts:11:51)

    console.log
      [INFO] DATABASE - New client connected to pool

      at Object.info (src/utils/logger.ts:9:50)

    console.log
      [DEBUG] DATABASE - Client acquired from pool

      at Object.debug (src/utils/logger.ts:11:51)

    console.log
      [DEBUG] DATABASE - Client acquired from pool

      at Object.debug (src/utils/logger.ts:11:51)

    console.log
      [DEBUG] DATABASE - Client acquired from pool

      at Object.debug (src/utils/logger.ts:11:51)

    console.log
      [DEBUG] DATABASE - Client acquired from pool

      at Object.debug (src/utils/logger.ts:11:51)

    console.log
      [DEBUG] DATABASE - Client acquired from pool

      at Object.debug (src/utils/logger.ts:11:51)

    console.log
      [HTTP] POST /api/auth/login

      at Object.http (src/utils/logger.ts:10:50)

    console.log
      [DEBUG] DATABASE - Client acquired from pool

      at Object.debug (src/utils/logger.ts:11:51)

    console.log
      [DEBUG] DATABASE - Client acquired from pool

      at Object.debug (src/utils/logger.ts:11:51)

    console.log
      [DEBUG] DATABASE - Client acquired from pool

      at Object.debug (src/utils/logger.ts:11:51)

    console.log
      [DEBUG] DATABASE - Client acquired from pool

      at Object.debug (src/utils/logger.ts:11:51)

    console.log
      [DEBUG] DATABASE - Client acquired from pool

      at Object.debug (src/utils/logger.ts:11:51)

    console.log
      [HTTP] POST /api/auth/login

      at Object.http (src/utils/logger.ts:10:50)

    console.log
      [DEBUG] DATABASE - Client acquired from pool

      at Object.debug (src/utils/logger.ts:11:51)

    console.log
      [DEBUG] DATABASE - Client acquired from pool

      at Object.debug (src/utils/logger.ts:11:51)

    console.log
      [DEBUG] DATABASE - Client acquired from pool

      at Object.debug (src/utils/logger.ts:11:51)

    console.log
      [DEBUG] DATABASE - Client acquired from pool

      at Object.debug (src/utils/logger.ts:11:51)

    console.log
      [DEBUG] DATABASE - Client acquired from pool

      at Object.debug (src/utils/logger.ts:11:51)

    console.log
      [HTTP] POST /api/auth/login

      at Object.http (src/utils/logger.ts:10:50)

    console.log
      [DEBUG] DATABASE - Client acquired from pool

      at Object.debug (src/utils/logger.ts:11:51)

    console.log
      [DEBUG] DATABASE - Client acquired from pool

      at Object.debug (src/utils/logger.ts:11:51)

    console.log
      [DEBUG] DATABASE - Client acquired from pool

      at Object.debug (src/utils/logger.ts:11:51)

    console.log
      [DEBUG] DATABASE - Client acquired from pool

      at Object.debug (src/utils/logger.ts:11:51)

    console.log
      [DEBUG] DATABASE - Client acquired from pool

      at Object.debug (src/utils/logger.ts:11:51)

    console.log
      [HTTP] POST /api/auth/register-customer

      at Object.http (src/utils/logger.ts:10:50)

    console.log
      [DEBUG] DATABASE - Client acquired from pool

      at Object.debug (src/utils/logger.ts:11:51)

    console.log
      [DEBUG] DATABASE - Client acquired from pool

      at Object.debug (src/utils/logger.ts:11:51)

    console.log
      [DEBUG] DATABASE - Client acquired from pool

      at Object.debug (src/utils/logger.ts:11:51)

    console.log
      [DEBUG] DATABASE - Client acquired from pool

      at Object.debug (src/utils/logger.ts:11:51)

    console.log
      [HTTP] POST /api/auth/register-customer

      at Object.http (src/utils/logger.ts:10:50)

    console.log
      Cleaning up test environment...

      at Object.<anonymous> (src/__tests__/setup.ts:52:11)

    console.log
      [DEBUG] DATABASE - Client acquired from pool

      at Object.debug (src/utils/logger.ts:11:51)

    console.log
      [DEBUG] DATABASE - Client acquired from pool

      at Object.debug (src/utils/logger.ts:11:51)

    console.log
      [DEBUG] DATABASE - Client acquired from pool

      at Object.debug (src/utils/logger.ts:11:51)

    console.log
      [DEBUG] DATABASE - Client acquired from pool

      at Object.debug (src/utils/logger.ts:11:51)

  ΓùÅ Authentication API ΓÇ║ POST /api/auth/register-customer ΓÇ║ should 
register a new customer successfully

    expect(received).toBe(expected) // Object.is equality

    Expected: 201
    Received: 400

    [0m [90m 14 |[39m         })[33m;[39m
     [90m 15 |[39m
    [31m[1m>[22m[39m[90m 16 |[39m       
expect(response[33m.[39mstatus)[33m.[39mtoBe([35m201[39m)[33m;[39m
     [90m    |[39m                               [31m[1m^[22m[39m
     [90m 17 |[39m       expect(response[33m.[39mbody)[33m.[39mtoHaveProp
erty([32m'token'[39m)[33m;[39m
     [90m 18 |[39m       
expect(response[33m.[39mbody[33m.[39muser)[33m.[39mtoMatchObject({
     [90m 19 |[39m         email[33m:[39m 
[32m'newuser@test.com'[39m[33m,[39m[0m

      at Object.<anonymous> (src/__tests__/auth.test.ts:16:31)

  ΓùÅ Authentication API ΓÇ║ POST /api/auth/register-customer ΓÇ║ should 
reject duplicate email registration

    expect(received).toContain(expected) // indexOf

    Expected substring: "already registered"
    Received string:    "Email, password, and name are required"

    [0m [90m 43 |[39m
     [90m 44 |[39m       
expect(response[33m.[39mstatus)[33m.[39mtoBe([35m400[39m)[33m;[39m
    [31m[1m>[22m[39m[90m 45 |[39m       expect(response[33m.[39mbody[3
3m.[39merror)[33m.[39mtoContain([32m'already registered'[39m)[33m;[39m
     [90m    |[39m                                   [31m[1m^[22m[39m
     [90m 46 |[39m     })[33m;[39m
     [90m 47 |[39m
     [90m 48 |[39m     test([32m'should reject invalid email 
format'[39m[33m,[39m [36masync[39m () [33m=>[39m {[0m

      at Object.<anonymous> (src/__tests__/auth.test.ts:45:35)

  ΓùÅ Authentication API ΓÇ║ POST /api/auth/register-customer ΓÇ║ should 
reject invalid email format

    expect(received).toContain(expected) // indexOf

    Expected substring: "email"
    Received string:    "Email, password, and name are required"

    [0m [90m 56 |[39m
     [90m 57 |[39m       
expect(response[33m.[39mstatus)[33m.[39mtoBe([35m400[39m)[33m;[39m
    [31m[1m>[22m[39m[90m 58 |[39m       expect(response[33m.[39mbody[3
3m.[39merror)[33m.[39mtoContain([32m'email'[39m)[33m;[39m
     [90m    |[39m                                   [31m[1m^[22m[39m
     [90m 59 |[39m     })[33m;[39m
     [90m 60 |[39m
     [90m 61 |[39m     test([32m'should reject missing required 
fields'[39m[33m,[39m [36masync[39m () [33m=>[39m {[0m

      at Object.<anonymous> (src/__tests__/auth.test.ts:58:35)

  ΓùÅ Authentication API ΓÇ║ POST /api/auth/register-customer ΓÇ║ should hash 
password before storing

    TypeError: Cannot read properties of undefined (reading 'password_hash')

    [0m [90m 85 |[39m       [36mconst[39m user [33m=[39m 
result[33m.[39mrows[[35m0[39m] [36mas[39m { password_hash[33m:[39m 
string }[33m;[39m
     [90m 86 |[39m
    [31m[1m>[22m[39m[90m 87 |[39m       
expect(user[33m.[39mpassword_hash)[33m.[39mtoBeDefined()[33m;[39m
     [90m    |[39m                   [31m[1m^[22m[39m
     [90m 88 |[39m       expect(user[33m.[39mpassword_hash)[33m.[39mnot[
33m.[39mtoBe(plainPassword)[33m;[39m
     [90m 89 |[39m       [90m// Password is hashed (bcrypt or other 
hash)[39m
     [90m 90 |[39m     })[33m;[39m[0m

      at Object.<anonymous> (src/__tests__/auth.test.ts:87:19)

  ΓùÅ Authentication API ΓÇ║ POST /api/auth/login ΓÇ║ should login with valid 
email and password

    expect(received).toBe(expected) // Object.is equality

    Expected: 200
    Received: 401

    [0m [90m 111 |[39m         })[33m;[39m
     [90m 112 |[39m
    [31m[1m>[22m[39m[90m 113 |[39m       
expect(response[33m.[39mstatus)[33m.[39mtoBe([35m200[39m)[33m;[39m
     [90m     |[39m                               [31m[1m^[22m[39m
     [90m 114 |[39m       expect(response[33m.[39mbody)[33m.[39mtoHavePro
perty([32m'token'[39m)[33m;[39m
     [90m 115 |[39m       expect(response[33m.[39mbody[33m.[39muser[33m.
[39memail)[33m.[39mtoBe([32m'logintest@test.com'[39m)[33m;[39m
     [90m 116 |[39m       expect(response[33m.[39mbody[33m.[39muser[33m.
[39mrole)[33m.[39mtoBe([32m'customer'[39m)[33m;[39m[0m

      at Object.<anonymous> (src/__tests__/auth.test.ts:113:31)

  ΓùÅ Authentication API ΓÇ║ POST /api/auth/login ΓÇ║ should login staff with 
username

    expect(received).toBe(expected) // Object.is equality

    Expected: 200
    Received: 401

    [0m [90m 148 |[39m         })[33m;[39m
     [90m 149 |[39m
    [31m[1m>[22m[39m[90m 150 |[39m       
expect(response[33m.[39mstatus)[33m.[39mtoBe([35m200[39m)[33m;[39m
     [90m     |[39m                               [31m[1m^[22m[39m
     [90m 151 |[39m       expect(response[33m.[39mbody)[33m.[39mtoHavePro
perty([32m'token'[39m)[33m;[39m
     [90m 152 |[39m       expect(response[33m.[39mbody[33m.[39muser[33m.
[39mrole)[33m.[39mtoBe([32m'waiter'[39m)[33m;[39m
     [90m 153 |[39m     })[33m;[39m[0m

      at Object.<anonymous> (src/__tests__/auth.test.ts:150:31)

  ΓùÅ Authentication API ΓÇ║ Authentication Token ΓÇ║ should accept valid JWT 
token

    expect(received).not.toBe(expected) // Object.is equality

    Expected: not 401

    [0m [90m 175 |[39m         
[33m.[39m[36mset[39m([32m'Authorization'[39m[33m,[39m [32m`Bearer 
${authToken}`[39m)[33m;[39m
     [90m 176 |[39m
    [31m[1m>[22m[39m[90m 177 |[39m       expect(response[33m.[39mstatus
)[33m.[39mnot[33m.[39mtoBe([35m401[39m)[33m;[39m
     [90m     |[39m                                   [31m[1m^[22m[39m
     [90m 178 |[39m     })[33m;[39m
     [90m 179 |[39m
     [90m 180 |[39m     test([32m'should reject requests without token on 
protected routes'[39m[33m,[39m [36masync[39m () [33m=>[39m {[0m

      at Object.<anonymous> (src/__tests__/auth.test.ts:177:35)

  ΓùÅ Authentication API ΓÇ║ Role-Based Access Control ΓÇ║ customer should not 
be able to mark table as paid

    expect(received).toBe(expected) // Object.is equality

    Expected: 403
    Received: 401

    [0m [90m 229 |[39m         
[33m.[39m[36mset[39m([32m'Authorization'[39m[33m,[39m [32m`Bearer 
${customerToken}`[39m)[33m;[39m
     [90m 230 |[39m
    [31m[1m>[22m[39m[90m 231 |[39m       
expect(response[33m.[39mstatus)[33m.[39mtoBe([35m403[39m)[33m;[39m
     [90m     |[39m                               [31m[1m^[22m[39m
     [90m 232 |[39m     })[33m;[39m
     [90m 233 |[39m
     [90m 234 |[39m     test([32m'waiter should access table 
assignments'[39m[33m,[39m [36masync[39m () [33m=>[39m {[0m

      at Object.<anonymous> (src/__tests__/auth.test.ts:231:31)

  ΓùÅ Authentication API ΓÇ║ Role-Based Access Control ΓÇ║ customer should not 
access table assignments

    expect(received).toBe(expected) // Object.is equality

    Expected: 403
    Received: 401

    [0m [90m 245 |[39m         
[33m.[39m[36mset[39m([32m'Authorization'[39m[33m,[39m [32m`Bearer 
${customerToken}`[39m)[33m;[39m
     [90m 246 |[39m
    [31m[1m>[22m[39m[90m 247 |[39m       
expect(response[33m.[39mstatus)[33m.[39mtoBe([35m403[39m)[33m;[39m
     [90m     |[39m                               [31m[1m^[22m[39m
     [90m 248 |[39m     })[33m;[39m
     [90m 249 |[39m
     [90m 250 |[39m     test([32m'waiter should be able to update order 
status'[39m[33m,[39m [36masync[39m () [33m=>[39m {[0m

      at Object.<anonymous> (src/__tests__/auth.test.ts:247:31)

  ΓùÅ Authentication API ΓÇ║ Role-Based Access Control ΓÇ║ customer should not 
be able to update order status

    expect(received).toBe(expected) // Object.is equality

    Expected: 403
    Received: 401

    [0m [90m 294 |[39m         [33m.[39msend({ status[33m:[39m 
[32m'Preparing'[39m })[33m;[39m
     [90m 295 |[39m
    [31m[1m>[22m[39m[90m 296 |[39m       expect(statusResponse[33m.[39m
status)[33m.[39mtoBe([35m403[39m)[33m;[39m
     [90m     |[39m                                     [31m[1m^[22m[39m
     [90m 297 |[39m     })[33m;[39m
     [90m 298 |[39m   })[33m;[39m
     [90m 299 |[39m[0m

      at Object.<anonymous> (src/__tests__/auth.test.ts:296:37)

  ΓùÅ Authentication API ΓÇ║ Token Validation and Expiry ΓÇ║ should accept 
valid JWT token format

    expect(received).toBeDefined()

    Received: undefined

    [0m [90m 308 |[39m         })[33m;[39m
     [90m 309 |[39m
    [31m[1m>[22m[39m[90m 310 |[39m       expect(response[33m.[39mbody[
33m.[39mtoken)[33m.[39mtoBeDefined()[33m;[39m
     [90m     |[39m                                   [31m[1m^[22m[39m
     [90m 311 |[39m       expect([36mtypeof[39m response[33m.[39mbody[33
m.[39mtoken)[33m.[39mtoBe([32m'string'[39m)[33m;[39m
     [90m 312 |[39m       expect(response[33m.[39mbody[33m.[39mtoken[33m
.[39msplit([32m'.'[39m)[33m.[39mlength)[33m.[39mtoBe([35m3[39m)[33m;
[39m [90m// JWT has 3 parts[39m
     [90m 313 |[39m     })[33m;[39m[0m

      at Object.<anonymous> (src/__tests__/auth.test.ts:310:35)

  ΓùÅ Authentication API ΓÇ║ Token Validation and Expiry ΓÇ║ should reject 
missing Bearer prefix

    TypeError: Invalid value "undefined" for header "Authorization"

      at Test.setHeader [as request] 
(node_modules/superagent/src/node/index.js:830:39)
      at Test.request [as end] 
(node_modules/superagent/src/node/index.js:965:8)
      at Test.end (node_modules/supertest/lib/test.js:136:11)
      at end (node_modules/superagent/src/request-base.js:283:12)
      at Test.RequestBase.then 
(node_modules/superagent/src/request-base.js:265:31)

  ΓùÅ Authentication API ΓÇ║ Password Security ΓÇ║ passwords should not be 
returned in responses

    expect(received).not.toHaveProperty(path)

    Matcher error: received value must not be null nor undefined

    Received has value: undefined

    [0m [90m 371 |[39m         })[33m;[39m
     [90m 372 |[39m
    [31m[1m>[22m[39m[90m 373 |[39m       expect(response[33m.[39mbody[
33m.[39muser)[33m.[39mnot[33m.[39mtoHaveProperty([32m'password'[39m)[33
m;[39m
     [90m     |[39m                                      [31m[1m^[22m[39m
     [90m 374 |[39m       expect(response[33m.[39mbody[33m.[39muser)[33m
.[39mnot[33m.[39mtoHaveProperty([32m'password_hash'[39m)[33m;[39m
     [90m 375 |[39m       expect(response[33m.[39mbody)[33m.[39mnot[33m.
[39mtoHaveProperty([32m'password'[39m)[33m;[39m
     [90m 376 |[39m     })[33m;[39m[0m

      at Object.<anonymous> (src/__tests__/auth.test.ts:373:38)

  ΓùÅ Authentication API ΓÇ║ Password Security ΓÇ║ different passwords should 
produce different hashes

    TypeError: Cannot read properties of undefined (reading 'password_hash')

    [0m [90m 398 |[39m       [36mconst[39m result2 [33m=[39m 
[36mawait[39m pool[33m.[39mquery([32m'SELECT password_hash FROM customers 
WHERE email = $1'[39m[33m,[39m [[32m'hash2@test.com'[39m])[33m;[39m
     [90m 399 |[39m
    [31m[1m>[22m[39m[90m 400 |[39m       expect(result1[33m.[39mrows[[
35m0[39m][33m.[39mpassword_hash)[33m.[39mnot[33m.[39mtoBe(result2[33m.
[39mrows[[35m0[39m][33m.[39mpassword_hash)[33m;[39m
     [90m     |[39m                              [31m[1m^[22m[39m
     [90m 401 |[39m     })[33m;[39m
     [90m 402 |[39m
     [90m 403 |[39m     test([32m'same password should produce different 
hashes (salt)'[39m[33m,[39m [36masync[39m () [33m=>[39m {[0m

      at Object.<anonymous> (src/__tests__/auth.test.ts:400:30)

  ΓùÅ Authentication API ΓÇ║ Password Security ΓÇ║ same password should 
produce different hashes (salt)

    TypeError: Cannot read properties of undefined (reading 'password_hash')

    [0m [90m 425 |[39m       [36mconst[39m result2 [33m=[39m 
[36mawait[39m pool[33m.[39mquery([32m'SELECT password_hash FROM customers 
WHERE email = $1'[39m[33m,[39m [[32m'salt2@test.com'[39m])[33m;[39m
     [90m 426 |[39m
    [31m[1m>[22m[39m[90m 427 |[39m       expect(result1[33m.[39mrows[[
35m0[39m][33m.[39mpassword_hash)[33m.[39mnot[33m.[39mtoBe(result2[33m.
[39mrows[[35m0[39m][33m.[39mpassword_hash)[33m;[39m
     [90m     |[39m                              [31m[1m^[22m[39m
     [90m 428 |[39m     })[33m;[39m
     [90m 429 |[39m   })[33m;[39m
     [90m 430 |[39m[0m

      at Object.<anonymous> (src/__tests__/auth.test.ts:427:30)

  ΓùÅ Authentication API ΓÇ║ Email Validation ΓÇ║ should accept valid email 
formats

    expect(received).toContain(expected) // indexOf

    Expected value: 400
    Received array: [200, 201]

    [0m [90m 447 |[39m           })[33m;[39m
     [90m 448 |[39m
    [31m[1m>[22m[39m[90m 449 |[39m         
expect([[35m200[39m[33m,[39m 
[35m201[39m])[33m.[39mtoContain(response[33m.[39mstatus)[33m;[39m
     [90m     |[39m                            [31m[1m^[22m[39m
     [90m 450 |[39m       }
     [90m 451 |[39m     })[33m;[39m
     [90m 452 |[39m[0m

      at Object.<anonymous> (src/__tests__/auth.test.ts:449:28)

  ΓùÅ Authentication API ΓÇ║ Multiple Login Attempts ΓÇ║ should allow multiple 
successful logins

    expect(received).toBe(expected) // Object.is equality

    Expected: 200
    Received: 401

    [0m [90m 515 |[39m           })[33m;[39m
     [90m 516 |[39m
    [31m[1m>[22m[39m[90m 517 |[39m         
expect(response[33m.[39mstatus)[33m.[39mtoBe([35m200[39m)[33m;[39m
     [90m     |[39m                                 [31m[1m^[22m[39m
     [90m 518 |[39m         expect(response[33m.[39mbody)[33m.[39mtoHaveP
roperty([32m'token'[39m)[33m;[39m
     [90m 519 |[39m       }
     [90m 520 |[39m     })[33m;[39m[0m

      at Object.<anonymous> (src/__tests__/auth.test.ts:517:33)

  ΓùÅ Authentication API ΓÇ║ Multiple Login Attempts ΓÇ║ should handle 
concurrent login requests

    expect(received).toBe(expected) // Object.is equality

    Expected: 200
    Received: 401

    [0m [90m 543 |[39m
     [90m 544 |[39m       responses[33m.[39mforEach(response [33m=>[39m {
    [31m[1m>[22m[39m[90m 545 |[39m         
expect(response[33m.[39mstatus)[33m.[39mtoBe([35m200[39m)[33m;[39m
     [90m     |[39m                                 [31m[1m^[22m[39m
     [90m 546 |[39m         expect(response[33m.[39mbody)[33m.[39mtoHaveP
roperty([32m'token'[39m)[33m;[39m
     [90m 547 |[39m       })[33m;[39m
     [90m 548 |[39m     })[33m;[39m[0m

      at src/__tests__/auth.test.ts:545:33
          at Array.forEach (<anonymous>)
      at Object.<anonymous> (src/__tests__/auth.test.ts:544:17)

  ΓùÅ Authentication API ΓÇ║ Staff Authentication ΓÇ║ kitchen staff should be 
able to login

    expect(received).toBe(expected) // Object.is equality

    Expected: 200
    Received: 401

    [0m [90m 558 |[39m         })[33m;[39m
     [90m 559 |[39m
    [31m[1m>[22m[39m[90m 560 |[39m       
expect(response[33m.[39mstatus)[33m.[39mtoBe([35m200[39m)[33m;[39m
     [90m     |[39m                               [31m[1m^[22m[39m
     [90m 561 |[39m       expect(response[33m.[39mbody[33m.[39muser[33m.
[39mrole)[33m.[39mtoBe([32m'kitchen'[39m)[33m;[39m
     [90m 562 |[39m     })[33m;[39m
     [90m 563 |[39m[0m

      at Object.<anonymous> (src/__tests__/auth.test.ts:560:31)

  ΓùÅ Authentication API ΓÇ║ User Information in Token ΓÇ║ token should 
contain user role

    expect(received).toHaveProperty(path)

    Matcher error: received value must not be null nor undefined

    Received has value: undefined

    [0m [90m 596 |[39m         })[33m;[39m
     [90m 597 |[39m
    [31m[1m>[22m[39m[90m 598 |[39m       expect(response[33m.[39mbody[
33m.[39muser)[33m.[39mtoHaveProperty([32m'role'[39m)[33m;[39m
     [90m     |[39m                                  [31m[1m^[22m[39m
     [90m 599 |[39m       expect(response[33m.[39mbody[33m.[39muser[33m.
[39mrole)[33m.[39mtoBe([32m'customer'[39m)[33m;[39m
     [90m 600 |[39m     })[33m;[39m
     [90m 601 |[39m[0m

      at Object.<anonymous> (src/__tests__/auth.test.ts:598:34)

  ΓùÅ Authentication API ΓÇ║ User Information in Token ΓÇ║ token should 
contain user id

    expect(received).toHaveProperty(path)

    Matcher error: received value must not be null nor undefined

    Received has value: undefined

    [0m [90m 609 |[39m         })[33m;[39m
     [90m 610 |[39m
    [31m[1m>[22m[39m[90m 611 |[39m       expect(response[33m.[39mbody[
33m.[39muser)[33m.[39mtoHaveProperty([32m'id'[39m)[33m;[39m
     [90m     |[39m                                  [31m[1m^[22m[39m
     [90m 612 |[39m       expect([36mtypeof[39m response[33m.[39mbody[33
m.[39muser[33m.[39mid)[33m.[39mtoBe([32m'number'[39m)[33m;[39m
     [90m 613 |[39m     })[33m;[39m
     [90m 614 |[39m   })[33m;[39m[0m

      at Object.<anonymous> (src/__tests__/auth.test.ts:611:34)


  ΓùÅ  Cannot log after tests are done. Did you forget to wait for something 
async in your test?
    Attempted to log "[INFO] DATABASE - Client removed from pool ".

    [0m [90m  7 |[39m   error[33m:[39m (message[33m:[39m 
string[33m,[39m meta[33m?[39m[33m:[39m any) [33m=>[39m 
console[33m.[39merror([32m`[ERROR] ${message}`[39m[33m,[39m meta 
[33m||[39m [32m''[39m)[33m,[39m
     [90m  8 |[39m   warn[33m:[39m (message[33m:[39m string[33m,[39m 
meta[33m?[39m[33m:[39m any) [33m=>[39m 
console[33m.[39mwarn([32m`[WARN] ${message}`[39m[33m,[39m meta 
[33m||[39m [32m''[39m)[33m,[39m
    [31m[1m>[22m[39m[90m  9 |[39m   info[33m:[39m (message[33m:[39m 
string[33m,[39m meta[33m?[39m[33m:[39m any) [33m=>[39m 
console[33m.[39mlog([32m`[INFO] ${message}`[39m[33m,[39m meta 
[33m||[39m [32m''[39m)[33m,[39m
     [90m    |[39m                                                  
[31m[1m^[22m[39m
     [90m 10 |[39m   http[33m:[39m (message[33m:[39m string[33m,[39m 
meta[33m?[39m[33m:[39m any) [33m=>[39m 
console[33m.[39mlog([32m`[HTTP] ${message}`[39m[33m,[39m meta 
[33m||[39m [32m''[39m)[33m,[39m
     [90m 11 |[39m   debug[33m:[39m (message[33m:[39m string[33m,[39m 
meta[33m?[39m[33m:[39m any) [33m=>[39m 
console[33m.[39mlog([32m`[DEBUG] ${message}`[39m[33m,[39m meta 
[33m||[39m [32m''[39m)[33m,[39m
     [90m 12 |[39m }[33m;[39m[0m

      at console.log (node_modules/@jest/console/build/index.js:147:10)
      at Object.info (src/utils/logger.ts:9:50)
      at BoundPool.<anonymous> (src/db/database.ts:38:10)
      at Connection.<anonymous> (node_modules/pg-pool/index.js:174:15)
      at Socket.<anonymous> (node_modules/pg/lib/connection.js:61:12)


  ΓùÅ  Cannot log after tests are done. Did you forget to wait for something 
async in your test?
    Attempted to log "[INFO] DATABASE - Client removed from pool ".

    [0m [90m  7 |[39m   error[33m:[39m (message[33m:[39m 
string[33m,[39m meta[33m?[39m[33m:[39m any) [33m=>[39m 
console[33m.[39merror([32m`[ERROR] ${message}`[39m[33m,[39m meta 
[33m||[39m [32m''[39m)[33m,[39m
     [90m  8 |[39m   warn[33m:[39m (message[33m:[39m string[33m,[39m 
meta[33m?[39m[33m:[39m any) [33m=>[39m 
console[33m.[39mwarn([32m`[WARN] ${message}`[39m[33m,[39m meta 
[33m||[39m [32m''[39m)[33m,[39m
    [31m[1m>[22m[39m[90m  9 |[39m   info[33m:[39m (message[33m:[39m 
string[33m,[39m meta[33m?[39m[33m:[39m any) [33m=>[39m 
console[33m.[39mlog([32m`[INFO] ${message}`[39m[33m,[39m meta 
[33m||[39m [32m''[39m)[33m,[39m
     [90m    |[39m                                                  
[31m[1m^[22m[39m
     [90m 10 |[39m   http[33m:[39m (message[33m:[39m string[33m,[39m 
meta[33m?[39m[33m:[39m any) [33m=>[39m 
console[33m.[39mlog([32m`[HTTP] ${message}`[39m[33m,[39m meta 
[33m||[39m [32m''[39m)[33m,[39m
     [90m 11 |[39m   debug[33m:[39m (message[33m:[39m string[33m,[39m 
meta[33m?[39m[33m:[39m any) [33m=>[39m 
console[33m.[39mlog([32m`[DEBUG] ${message}`[39m[33m,[39m meta 
[33m||[39m [32m''[39m)[33m,[39m
     [90m 12 |[39m }[33m;[39m[0m

      at console.log (node_modules/@jest/console/build/index.js:147:10)
      at Object.info (src/utils/logger.ts:9:50)
      at BoundPool.<anonymous> (src/db/database.ts:38:10)
      at Connection.<anonymous> (node_modules/pg-pool/index.js:174:15)
      at Socket.<anonymous> (node_modules/pg/lib/connection.js:61:12)


  ΓùÅ  Cannot log after tests are done. Did you forget to wait for something 
async in your test?
    Attempted to log "[INFO] DATABASE - Client removed from pool ".

    [0m [90m  7 |[39m   error[33m:[39m (message[33m:[39m 
string[33m,[39m meta[33m?[39m[33m:[39m any) [33m=>[39m 
console[33m.[39merror([32m`[ERROR] ${message}`[39m[33m,[39m meta 
[33m||[39m [32m''[39m)[33m,[39m
     [90m  8 |[39m   warn[33m:[39m (message[33m:[39m string[33m,[39m 
meta[33m?[39m[33m:[39m any) [33m=>[39m 
console[33m.[39mwarn([32m`[WARN] ${message}`[39m[33m,[39m meta 
[33m||[39m [32m''[39m)[33m,[39m
    [31m[1m>[22m[39m[90m  9 |[39m   info[33m:[39m (message[33m:[39m 
string[33m,[39m meta[33m?[39m[33m:[39m any) [33m=>[39m 
console[33m.[39mlog([32m`[INFO] ${message}`[39m[33m,[39m meta 
[33m||[39m [32m''[39m)[33m,[39m
     [90m    |[39m                                                  
[31m[1m^[22m[39m
     [90m 10 |[39m   http[33m:[39m (message[33m:[39m string[33m,[39m 
meta[33m?[39m[33m:[39m any) [33m=>[39m 
console[33m.[39mlog([32m`[HTTP] ${message}`[39m[33m,[39m meta 
[33m||[39m [32m''[39m)[33m,[39m
     [90m 11 |[39m   debug[33m:[39m (message[33m:[39m string[33m,[39m 
meta[33m?[39m[33m:[39m any) [33m=>[39m 
console[33m.[39mlog([32m`[DEBUG] ${message}`[39m[33m,[39m meta 
[33m||[39m [32m''[39m)[33m,[39m
     [90m 12 |[39m }[33m;[39m[0m

      at console.log (node_modules/@jest/console/build/index.js:147:10)
      at Object.info (src/utils/logger.ts:9:50)
      at BoundPool.<anonymous> (src/db/database.ts:38:10)
      at Connection.<anonymous> (node_modules/pg-pool/index.js:174:15)
      at Socket.<anonymous> (node_modules/pg/lib/connection.js:61:12)


  ΓùÅ  Cannot log after tests are done. Did you forget to wait for something 
async in your test?
    Attempted to log "[INFO] DATABASE - Client removed from pool ".

    [0m [90m  7 |[39m   error[33m:[39m (message[33m:[39m 
string[33m,[39m meta[33m?[39m[33m:[39m any) [33m=>[39m 
console[33m.[39merror([32m`[ERROR] ${message}`[39m[33m,[39m meta 
[33m||[39m [32m''[39m)[33m,[39m
     [90m  8 |[39m   warn[33m:[39m (message[33m:[39m string[33m,[39m 
meta[33m?[39m[33m:[39m any) [33m=>[39m 
console[33m.[39mwarn([32m`[WARN] ${message}`[39m[33m,[39m meta 
[33m||[39m [32m''[39m)[33m,[39m
    [31m[1m>[22m[39m[90m  9 |[39m   info[33m:[39m (message[33m:[39m 
string[33m,[39m meta[33m?[39m[33m:[39m any) [33m=>[39m 
console[33m.[39mlog([32m`[INFO] ${message}`[39m[33m,[39m meta 
[33m||[39m [32m''[39m)[33m,[39m
     [90m    |[39m                                                  
[31m[1m^[22m[39m
     [90m 10 |[39m   http[33m:[39m (message[33m:[39m string[33m,[39m 
meta[33m?[39m[33m:[39m any) [33m=>[39m 
console[33m.[39mlog([32m`[HTTP] ${message}`[39m[33m,[39m meta 
[33m||[39m [32m''[39m)[33m,[39m
     [90m 11 |[39m   debug[33m:[39m (message[33m:[39m string[33m,[39m 
meta[33m?[39m[33m:[39m any) [33m=>[39m 
console[33m.[39mlog([32m`[DEBUG] ${message}`[39m[33m,[39m meta 
[33m||[39m [32m''[39m)[33m,[39m
     [90m 12 |[39m }[33m;[39m[0m

      at console.log (node_modules/@jest/console/build/index.js:147:10)
      at Object.info (src/utils/logger.ts:9:50)
      at BoundPool.<anonymous> (src/db/database.ts:38:10)
      at Connection.<anonymous> (node_modules/pg-pool/index.js:174:15)
      at Socket.<anonymous> (node_modules/pg/lib/connection.js:61:12)


  ΓùÅ  Cannot log after tests are done. Did you forget to wait for something 
async in your test?
    Attempted to log "[INFO] DATABASE - Client removed from pool ".

    [0m [90m  7 |[39m   error[33m:[39m (message[33m:[39m 
string[33m,[39m meta[33m?[39m[33m:[39m any) [33m=>[39m 
console[33m.[39merror([32m`[ERROR] ${message}`[39m[33m,[39m meta 
[33m||[39m [32m''[39m)[33m,[39m
     [90m  8 |[39m   warn[33m:[39m (message[33m:[39m string[33m,[39m 
meta[33m?[39m[33m:[39m any) [33m=>[39m 
console[33m.[39mwarn([32m`[WARN] ${message}`[39m[33m,[39m meta 
[33m||[39m [32m''[39m)[33m,[39m
    [31m[1m>[22m[39m[90m  9 |[39m   info[33m:[39m (message[33m:[39m 
string[33m,[39m meta[33m?[39m[33m:[39m any) [33m=>[39m 
console[33m.[39mlog([32m`[INFO] ${message}`[39m[33m,[39m meta 
[33m||[39m [32m''[39m)[33m,[39m
     [90m    |[39m                                                  
[31m[1m^[22m[39m
     [90m 10 |[39m   http[33m:[39m (message[33m:[39m string[33m,[39m 
meta[33m?[39m[33m:[39m any) [33m=>[39m 
console[33m.[39mlog([32m`[HTTP] ${message}`[39m[33m,[39m meta 
[33m||[39m [32m''[39m)[33m,[39m
     [90m 11 |[39m   debug[33m:[39m (message[33m:[39m string[33m,[39m 
meta[33m?[39m[33m:[39m any) [33m=>[39m 
console[33m.[39mlog([32m`[DEBUG] ${message}`[39m[33m,[39m meta 
[33m||[39m [32m''[39m)[33m,[39m
     [90m 12 |[39m }[33m;[39m[0m

      at console.log (node_modules/@jest/console/build/index.js:147:10)
      at Object.info (src/utils/logger.ts:9:50)
      at BoundPool.<anonymous> (src/db/database.ts:38:10)
      at Connection.<anonymous> (node_modules/pg-pool/index.js:174:15)
      at Socket.<anonymous> (node_modules/pg/lib/connection.js:61:12)

FAIL src/__tests__/workflow.test.ts (38.563 s)
  ΓùÅ Console

    console.log
      [dotenv@17.2.4] injecting env (5) from .env -- tip: ≡ƒöä add secrets 
lifecycle management: https://dotenvx.com/ops

      at _log (node_modules/dotenv/lib/main.js:142:11)

    console.log
      Γ£ô Environment validation passed

      at validateRequiredEnv (src/config/validateEnv.ts:36:11)

    console.log
        - DATABASE_URL: postgresql://restaur...

      at validateRequiredEnv (src/config/validateEnv.ts:37:11)

    console.log
        - JWT_SECRET: 128 characters

      at validateRequiredEnv (src/config/validateEnv.ts:38:11)

    console.log
        - CORS_ORIGIN: https://restaurant-frontend-85q6.onrender.com

      at validateRequiredEnv (src/config/validateEnv.ts:39:11)

    console.log
      [INFO] SocketManager initialized successfully

      at Object.info (src/utils/logger.ts:9:50)

    console.log
      Setting up test environment...

      at Object.<anonymous> (src/__tests__/setup.ts:47:11)

    console.log
      [HTTP] POST /api/auth/register-customer

      at Object.http (src/utils/logger.ts:10:50)

    console.log
      [HTTP] POST /api/auth/login

      at Object.http (src/utils/logger.ts:10:50)

    console.log
      [INFO] DATABASE - New client connected to pool

      at Object.info (src/utils/logger.ts:9:50)

    console.log
      [DEBUG] DATABASE - Client acquired from pool

      at Object.debug (src/utils/logger.ts:11:51)

    console.log
      [DEBUG] DATABASE - Client acquired from pool

      at Object.debug (src/utils/logger.ts:11:51)

    console.log
      [HTTP] POST /api/auth/login

      at Object.http (src/utils/logger.ts:10:50)

    console.log
      [DEBUG] DATABASE - Client acquired from pool

      at Object.debug (src/utils/logger.ts:11:51)

    console.log
      [DEBUG] DATABASE - Client acquired from pool

      at Object.debug (src/utils/logger.ts:11:51)

    console.log
      [DEBUG] DATABASE - Client acquired from pool

      at Object.debug (src/utils/logger.ts:11:51)

    console.log
      [DEBUG] DATABASE - Client acquired from pool

      at Object.debug (src/utils/logger.ts:11:51)

    console.log
      [DEBUG] DATABASE - Client acquired from pool

      at Object.debug (src/utils/logger.ts:11:51)

    console.log
      [DEBUG] DATABASE - Client acquired from pool

      at Object.debug (src/utils/logger.ts:11:51)

    console.log
      [DEBUG] DATABASE - Client acquired from pool

      at Object.debug (src/utils/logger.ts:11:51)

    console.log
      [DEBUG] DATABASE - Client acquired from pool

      at Object.debug (src/utils/logger.ts:11:51)

    console.log
      [DEBUG] DATABASE - Client acquired from pool

      at Object.debug (src/utils/logger.ts:11:51)

    console.log
      [DEBUG] DATABASE - Client acquired from pool

      at Object.debug (src/utils/logger.ts:11:51)

    console.log
      [HTTP] GET /api/tables/5

      at Object.http (src/utils/logger.ts:10:50)

    console.log
      [DEBUG] DATABASE - Client acquired from pool

      at Object.debug (src/utils/logger.ts:11:51)

    console.log
      [HTTP] GET /api/menu

      at Object.http (src/utils/logger.ts:10:50)

    console.log
      [DEBUG] DATABASE - Client acquired from pool

      at Object.debug (src/utils/logger.ts:11:51)

    console.log
      [HTTP] POST /api/sessions

      at Object.http (src/utils/logger.ts:10:50)

    console.log
      [DEBUG] DATABASE - Client acquired from pool

      at Object.debug (src/utils/logger.ts:11:51)

    console.log
      [DEBUG] DATABASE - Client acquired from pool

      at Object.debug (src/utils/logger.ts:11:51)

    console.log
      [DEBUG] DATABASE - Client acquired from pool

      at Object.debug (src/utils/logger.ts:11:51)

    console.log
      [DEBUG] DATABASE - Client acquired from pool

      at Object.debug (src/utils/logger.ts:11:51)

    console.log
      [DEBUG] DATABASE - Client acquired from pool

      at Object.debug (src/utils/logger.ts:11:51)

    console.log
      [HTTP] POST /api/orders

      at Object.http (src/utils/logger.ts:10:50)

    console.log
      [INFO] ORDER CREATE - Received order request { tableNumber: 5, 
itemsCount: 2 }

      at Object.info (src/utils/logger.ts:9:50)

    console.log
      [DEBUG] DATABASE - Client acquired from pool

      at Object.debug (src/utils/logger.ts:11:51)

    console.log
      [DEBUG] DATABASE - Client acquired from pool

      at Object.debug (src/utils/logger.ts:11:51)

    console.log
      [INFO] ORDER CREATE - Creating order {
        sessionId: 'd6415c2b-de97-46f1-87c8-3472d0ffce6e',
        tableNumber: 5,
        totalPrice: 28.97,
        itemsCount: 2
      }

      at Object.info (src/utils/logger.ts:9:50)

    console.log
      [DEBUG] DATABASE - Client acquired from pool

      at Object.debug (src/utils/logger.ts:11:51)

    console.log
      [DEBUG] DATABASE - Client acquired from pool

      at Object.debug (src/utils/logger.ts:11:51)

    console.log
      [INFO] ORDER CREATE - Order inserted { orderId: 315, orderNumber: 1, 
tableNumber: 5 }

      at Object.info (src/utils/logger.ts:9:50)

    console.log
      [DEBUG] DATABASE - Client acquired from pool

      at Object.debug (src/utils/logger.ts:11:51)

    console.log
      [DEBUG] DATABASE - Client acquired from pool

      at Object.debug (src/utils/logger.ts:11:51)

    console.log
      [DEBUG] DATABASE - Client acquired from pool

      at Object.debug (src/utils/logger.ts:11:51)

    console.log
      [INFO] ORDER CREATE - Order created successfully { orderId: 315, 
tableNumber: 5, status: 'Pending', orderNumber: 1 }

      at Object.info (src/utils/logger.ts:9:50)

    console.log
      [INFO] Order created: 315 for table 5

      at Object.info (src/utils/logger.ts:9:50)

    console.log
      [HTTP] POST /api/orders

      at Object.http (src/utils/logger.ts:10:50)

    console.log
      [INFO] ORDER CREATE - Received order request { tableNumber: 5, 
itemsCount: 1 }

      at Object.info (src/utils/logger.ts:9:50)

    console.log
      [DEBUG] DATABASE - Client acquired from pool

      at Object.debug (src/utils/logger.ts:11:51)

    console.log
      [INFO] ORDER CREATE - Creating order {
        sessionId: 'd6415c2b-de97-46f1-87c8-3472d0ffce6e',
        tableNumber: 5,
        totalPrice: 8.99,
        itemsCount: 1
      }

      at Object.info (src/utils/logger.ts:9:50)

    console.log
      [DEBUG] DATABASE - Client acquired from pool

      at Object.debug (src/utils/logger.ts:11:51)

    console.log
      [DEBUG] DATABASE - Client acquired from pool

      at Object.debug (src/utils/logger.ts:11:51)

    console.log
      [INFO] ORDER CREATE - Order inserted { orderId: 316, orderNumber: 2, 
tableNumber: 5 }

      at Object.info (src/utils/logger.ts:9:50)

    console.log
      [DEBUG] DATABASE - Client acquired from pool

      at Object.debug (src/utils/logger.ts:11:51)

    console.log
      [DEBUG] DATABASE - Client acquired from pool

      at Object.debug (src/utils/logger.ts:11:51)

    console.log
      [INFO] ORDER CREATE - Order created successfully { orderId: 316, 
tableNumber: 5, status: 'Pending', orderNumber: 2 }

      at Object.info (src/utils/logger.ts:9:50)

    console.log
      [INFO] Order created: 316 for table 5

      at Object.info (src/utils/logger.ts:9:50)

    console.log
      [DEBUG] DATABASE - Client acquired from pool

      at Object.debug (src/utils/logger.ts:11:51)

    console.log
      [DEBUG] DATABASE - Client acquired from pool

      at Object.debug (src/utils/logger.ts:11:51)

    console.log
      [DEBUG] DATABASE - Client acquired from pool

      at Object.debug (src/utils/logger.ts:11:51)

    console.log
      [DEBUG] DATABASE - Client acquired from pool

      at Object.debug (src/utils/logger.ts:11:51)

    console.log
      [HTTP] GET /api/orders

      at Object.http (src/utils/logger.ts:10:50)

    console.log
      [INFO] ORDER FETCH - User fetching orders { userId: 5, userRole: 
'kitchen', statusFilter: undefined }

      at Object.info (src/utils/logger.ts:9:50)

    console.log
      [DEBUG] DATABASE - Client acquired from pool

      at Object.debug (src/utils/logger.ts:11:51)

    console.log
      [INFO] ORDER FETCH - Orders found { count: 108, userRole: 'kitchen', 
userId: 5 }

      at Object.info (src/utils/logger.ts:9:50)

    console.log
      [HTTP] PATCH /api/orders/315/status

      at Object.http (src/utils/logger.ts:10:50)

    console.log
      [INFO] ORDER STATUS - Updating order status { orderId: '315', newStatus: 
'Preparing' }

      at Object.info (src/utils/logger.ts:9:50)

    console.log
      [DEBUG] DATABASE - Client acquired from pool

      at Object.debug (src/utils/logger.ts:11:51)

    console.log
      [INFO] ORDER STATUS - Order updated successfully { orderId: '315', 
newStatus: 'Preparing' }

      at Object.info (src/utils/logger.ts:9:50)

    console.log
      [DEBUG] DATABASE - Client acquired from pool

      at Object.debug (src/utils/logger.ts:11:51)

    console.log
      [INFO] DATABASE - New client connected to pool

      at Object.info (src/utils/logger.ts:9:50)

    console.log
      [DEBUG] DATABASE - Client acquired from pool

      at Object.debug (src/utils/logger.ts:11:51)

    console.log
      [INFO] Order 315 status updated to: Preparing

      at Object.info (src/utils/logger.ts:9:50)

    console.log
      [HTTP] PATCH /api/orders/316/status

      at Object.http (src/utils/logger.ts:10:50)

    console.log
      [INFO] ORDER STATUS - Updating order status { orderId: '316', newStatus: 
'Preparing' }

      at Object.info (src/utils/logger.ts:9:50)

    console.log
      [DEBUG] DATABASE - Client acquired from pool

      at Object.debug (src/utils/logger.ts:11:51)

    console.log
      [DEBUG] DATABASE - Client acquired from pool

      at Object.debug (src/utils/logger.ts:11:51)

    console.log
      [INFO] ORDER STATUS - Order updated successfully { orderId: '316', 
newStatus: 'Preparing' }

      at Object.info (src/utils/logger.ts:9:50)

    console.log
      [DEBUG] DATABASE - Client acquired from pool

      at Object.debug (src/utils/logger.ts:11:51)

    console.log
      [DEBUG] DATABASE - Client acquired from pool

      at Object.debug (src/utils/logger.ts:11:51)

    console.error
      [ERROR] ORDER STATUS - Error updating order status {
        error: TypeError: Cannot read properties of undefined (reading 'id')
            at 
C:\Users\eneal\Desktop\restaurant2\backend\src\routes\orders.ts:285:17
            at processTicksAndRejections 
(node:internal/process/task_queues:95:5),
        orderId: '316'
      }

    [0m [90m  5 |[39m [90m// Temporary console logger until winston is 
installed[39m
     [90m  6 |[39m [36mconst[39m logger [33m=[39m {
    [31m[1m>[22m[39m[90m  7 |[39m   error[33m:[39m (message[33m:[39m 
string[33m,[39m meta[33m?[39m[33m:[39m any) [33m=>[39m 
console[33m.[39merror([32m`[ERROR] ${message}`[39m[33m,[39m meta 
[33m||[39m [32m''[39m)[33m,[39m
     [90m    |[39m                                                   
[31m[1m^[22m[39m
     [90m  8 |[39m   warn[33m:[39m (message[33m:[39m string[33m,[39m 
meta[33m?[39m[33m:[39m any) [33m=>[39m 
console[33m.[39mwarn([32m`[WARN] ${message}`[39m[33m,[39m meta 
[33m||[39m [32m''[39m)[33m,[39m
     [90m  9 |[39m   info[33m:[39m (message[33m:[39m string[33m,[39m 
meta[33m?[39m[33m:[39m any) [33m=>[39m 
console[33m.[39mlog([32m`[INFO] ${message}`[39m[33m,[39m meta 
[33m||[39m [32m''[39m)[33m,[39m
     [90m 10 |[39m   http[33m:[39m (message[33m:[39m string[33m,[39m 
meta[33m?[39m[33m:[39m any) [33m=>[39m 
console[33m.[39mlog([32m`[HTTP] ${message}`[39m[33m,[39m meta 
[33m||[39m [32m''[39m)[33m,[39m[0m

      at Object.error (src/utils/logger.ts:7:51)
      at src/routes/orders.ts:309:12

    console.log
      [INFO] Order undefined status updated to: undefined

      at Object.info (src/utils/logger.ts:9:50)

    console.log
      [HTTP] PATCH /api/orders/315/status

      at Object.http (src/utils/logger.ts:10:50)

    console.log
      [INFO] ORDER STATUS - Updating order status { orderId: '315', newStatus: 
'Ready' }

      at Object.info (src/utils/logger.ts:9:50)

    console.log
      [DEBUG] DATABASE - Client acquired from pool

      at Object.debug (src/utils/logger.ts:11:51)

    console.log
      [DEBUG] DATABASE - Client acquired from pool

      at Object.debug (src/utils/logger.ts:11:51)

    console.warn
      [WARN] ORDER STATUS - Order not found { orderId: '315' }

    [0m [90m  6 |[39m [36mconst[39m logger [33m=[39m {
     [90m  7 |[39m   error[33m:[39m (message[33m:[39m string[33m,[39m 
meta[33m?[39m[33m:[39m any) [33m=>[39m 
console[33m.[39merror([32m`[ERROR] ${message}`[39m[33m,[39m meta 
[33m||[39m [32m''[39m)[33m,[39m
    [31m[1m>[22m[39m[90m  8 |[39m   warn[33m:[39m (message[33m:[39m 
string[33m,[39m meta[33m?[39m[33m:[39m any) [33m=>[39m 
console[33m.[39mwarn([32m`[WARN] ${message}`[39m[33m,[39m meta 
[33m||[39m [32m''[39m)[33m,[39m
     [90m    |[39m                                                  
[31m[1m^[22m[39m
     [90m  9 |[39m   info[33m:[39m (message[33m:[39m string[33m,[39m 
meta[33m?[39m[33m:[39m any) [33m=>[39m 
console[33m.[39mlog([32m`[INFO] ${message}`[39m[33m,[39m meta 
[33m||[39m [32m''[39m)[33m,[39m
     [90m 10 |[39m   http[33m:[39m (message[33m:[39m string[33m,[39m 
meta[33m?[39m[33m:[39m any) [33m=>[39m 
console[33m.[39mlog([32m`[HTTP] ${message}`[39m[33m,[39m meta 
[33m||[39m [32m''[39m)[33m,[39m
     [90m 11 |[39m   debug[33m:[39m (message[33m:[39m string[33m,[39m 
meta[33m?[39m[33m:[39m any) [33m=>[39m 
console[33m.[39mlog([32m`[DEBUG] ${message}`[39m[33m,[39m meta 
[33m||[39m [32m''[39m)[33m,[39m[0m

      at Object.warn (src/utils/logger.ts:8:50)
      at src/routes/orders.ts:255:14

    console.log
      [INFO] Order undefined status updated to: undefined

      at Object.info (src/utils/logger.ts:9:50)

    console.log
      [HTTP] PATCH /api/orders/316/status

      at Object.http (src/utils/logger.ts:10:50)

    console.log
      [INFO] ORDER STATUS - Updating order status { orderId: '316', newStatus: 
'Ready' }

      at Object.info (src/utils/logger.ts:9:50)

    console.log
      [DEBUG] DATABASE - Client acquired from pool

      at Object.debug (src/utils/logger.ts:11:51)

    console.log
      [HTTP] POST /api/sessions

      at Object.http (src/utils/logger.ts:10:50)

    console.log
      [DEBUG] DATABASE - Client acquired from pool

      at Object.debug (src/utils/logger.ts:11:51)

    console.warn
      [WARN] ORDER STATUS - Order not found { orderId: '316' }

    [0m [90m  6 |[39m [36mconst[39m logger [33m=[39m {
     [90m  7 |[39m   error[33m:[39m (message[33m:[39m string[33m,[39m 
meta[33m?[39m[33m:[39m any) [33m=>[39m 
console[33m.[39merror([32m`[ERROR] ${message}`[39m[33m,[39m meta 
[33m||[39m [32m''[39m)[33m,[39m
    [31m[1m>[22m[39m[90m  8 |[39m   warn[33m:[39m (message[33m:[39m 
string[33m,[39m meta[33m?[39m[33m:[39m any) [33m=>[39m 
console[33m.[39mwarn([32m`[WARN] ${message}`[39m[33m,[39m meta 
[33m||[39m [32m''[39m)[33m,[39m
     [90m    |[39m                                                  
[31m[1m^[22m[39m
     [90m  9 |[39m   info[33m:[39m (message[33m:[39m string[33m,[39m 
meta[33m?[39m[33m:[39m any) [33m=>[39m 
console[33m.[39mlog([32m`[INFO] ${message}`[39m[33m,[39m meta 
[33m||[39m [32m''[39m)[33m,[39m
     [90m 10 |[39m   http[33m:[39m (message[33m:[39m string[33m,[39m 
meta[33m?[39m[33m:[39m any) [33m=>[39m 
console[33m.[39mlog([32m`[HTTP] ${message}`[39m[33m,[39m meta 
[33m||[39m [32m''[39m)[33m,[39m
     [90m 11 |[39m   debug[33m:[39m (message[33m:[39m string[33m,[39m 
meta[33m?[39m[33m:[39m any) [33m=>[39m 
console[33m.[39mlog([32m`[DEBUG] ${message}`[39m[33m,[39m meta 
[33m||[39m [32m''[39m)[33m,[39m[0m

      at Object.warn (src/utils/logger.ts:8:50)
      at src/routes/orders.ts:255:14

    console.log
      [INFO] Order undefined status updated to: undefined

      at Object.info (src/utils/logger.ts:9:50)

    console.log
      [HTTP] POST /api/orders

      at Object.http (src/utils/logger.ts:10:50)

    console.log
      [INFO] ORDER CREATE - Received order request { tableNumber: 5, 
itemsCount: 1 }

      at Object.info (src/utils/logger.ts:9:50)

    console.log
      [DEBUG] DATABASE - Client acquired from pool

      at Object.debug (src/utils/logger.ts:11:51)

    console.log
      [INFO] ORDER CREATE - Creating order {
        sessionId: '1aad8232-ebaf-4632-a003-10ae1f1ad300',
        tableNumber: 5,
        totalPrice: 8.99,
        itemsCount: 1
      }

      at Object.info (src/utils/logger.ts:9:50)

    console.log
      [DEBUG] DATABASE - Client acquired from pool

      at Object.debug (src/utils/logger.ts:11:51)

    console.log
      [DEBUG] DATABASE - Client acquired from pool

      at Object.debug (src/utils/logger.ts:11:51)

    console.log
      [INFO] ORDER CREATE - Order inserted { orderId: 317, orderNumber: 1, 
tableNumber: 5 }

      at Object.info (src/utils/logger.ts:9:50)

    console.log
      [DEBUG] DATABASE - Client acquired from pool

      at Object.debug (src/utils/logger.ts:11:51)

    console.log
      [DEBUG] DATABASE - Client acquired from pool

      at Object.debug (src/utils/logger.ts:11:51)

    console.log
      [INFO] ORDER CREATE - Order created successfully { orderId: 317, 
tableNumber: 5, status: 'Pending', orderNumber: 1 }

      at Object.info (src/utils/logger.ts:9:50)

    console.log
      [INFO] Order created: 317 for table 5

      at Object.info (src/utils/logger.ts:9:50)

    console.log
      [HTTP] POST /api/orders

      at Object.http (src/utils/logger.ts:10:50)

    console.log
      [INFO] ORDER CREATE - Received order request { tableNumber: 5, 
itemsCount: 1 }

      at Object.info (src/utils/logger.ts:9:50)

    console.log
      [DEBUG] DATABASE - Client acquired from pool

      at Object.debug (src/utils/logger.ts:11:51)

    console.log
      [INFO] ORDER CREATE - Creating order {
        sessionId: '1aad8232-ebaf-4632-a003-10ae1f1ad300',
        tableNumber: 5,
        totalPrice: 12.99,
        itemsCount: 1
      }

      at Object.info (src/utils/logger.ts:9:50)

    console.log
      [DEBUG] DATABASE - Client acquired from pool

      at Object.debug (src/utils/logger.ts:11:51)

    console.log
      [DEBUG] DATABASE - Client acquired from pool

      at Object.debug (src/utils/logger.ts:11:51)

    console.log
      [INFO] ORDER CREATE - Order inserted { orderId: 318, orderNumber: 2, 
tableNumber: 5 }

      at Object.info (src/utils/logger.ts:9:50)

    console.log
      [DEBUG] DATABASE - Client acquired from pool

      at Object.debug (src/utils/logger.ts:11:51)

    console.log
      [DEBUG] DATABASE - Client acquired from pool

      at Object.debug (src/utils/logger.ts:11:51)

    console.log
      [INFO] ORDER CREATE - Order created successfully { orderId: 318, 
tableNumber: 5, status: 'Pending', orderNumber: 2 }

      at Object.info (src/utils/logger.ts:9:50)

    console.log
      [INFO] Order created: 318 for table 5

      at Object.info (src/utils/logger.ts:9:50)

    console.log
      [HTTP] GET /api/sessions/1aad8232-ebaf-4632-a003-10ae1f1ad300/orders

      at Object.http (src/utils/logger.ts:10:50)

    console.log
      [DEBUG] DATABASE - Client acquired from pool

      at Object.debug (src/utils/logger.ts:11:51)

    console.log
      [DEBUG] DATABASE - Client acquired from pool

      at Object.debug (src/utils/logger.ts:11:51)

    console.log
      [DEBUG] DATABASE - Client acquired from pool

      at Object.debug (src/utils/logger.ts:11:51)

    console.log
      [DEBUG] DATABASE - Client acquired from pool

      at Object.debug (src/utils/logger.ts:11:51)

    console.log
      [DEBUG] DATABASE - Client acquired from pool

      at Object.debug (src/utils/logger.ts:11:51)

    console.log
      [HTTP] POST /api/sessions

      at Object.http (src/utils/logger.ts:10:50)

    console.log
      [DEBUG] DATABASE - Client acquired from pool

      at Object.debug (src/utils/logger.ts:11:51)

    console.log
      [HTTP] POST /api/sessions

      at Object.http (src/utils/logger.ts:10:50)

    console.log
      [DEBUG] DATABASE - Client acquired from pool

      at Object.debug (src/utils/logger.ts:11:51)

    console.log
      [HTTP] POST /api/orders

      at Object.http (src/utils/logger.ts:10:50)

    console.log
      [INFO] ORDER CREATE - Received order request { tableNumber: 5, 
itemsCount: 1 }

      at Object.info (src/utils/logger.ts:9:50)

    console.log
      [DEBUG] DATABASE - Client acquired from pool

      at Object.debug (src/utils/logger.ts:11:51)

    console.log
      [HTTP] POST /api/orders

      at Object.http (src/utils/logger.ts:10:50)

    console.log
      [INFO] ORDER CREATE - Received order request { tableNumber: 5, 
itemsCount: 1 }

      at Object.info (src/utils/logger.ts:9:50)

    console.log
      [DEBUG] DATABASE - Client acquired from pool

      at Object.debug (src/utils/logger.ts:11:51)

    console.log
      [INFO] ORDER CREATE - Creating order {
        sessionId: 'e13751e1-2f07-4aa7-b19c-4f7ee5c44be8',
        tableNumber: 5,
        totalPrice: 8.99,
        itemsCount: 1
      }

      at Object.info (src/utils/logger.ts:9:50)

    console.log
      [DEBUG] DATABASE - Client acquired from pool

      at Object.debug (src/utils/logger.ts:11:51)

    console.log
      [INFO] ORDER CREATE - Creating order {
        sessionId: 'c2584194-bdc2-40b5-8397-9837bd083d52',
        tableNumber: 5,
        totalPrice: 12.99,
        itemsCount: 1
      }

      at Object.info (src/utils/logger.ts:9:50)

    console.log
      [DEBUG] DATABASE - Client acquired from pool

      at Object.debug (src/utils/logger.ts:11:51)

    console.log
      [DEBUG] DATABASE - Client acquired from pool

      at Object.debug (src/utils/logger.ts:11:51)

    console.log
      [DEBUG] DATABASE - Client acquired from pool

      at Object.debug (src/utils/logger.ts:11:51)

    console.log
      [INFO] ORDER CREATE - Order inserted { orderId: 319, orderNumber: 1, 
tableNumber: 5 }

      at Object.info (src/utils/logger.ts:9:50)

    console.log
      [DEBUG] DATABASE - Client acquired from pool

      at Object.debug (src/utils/logger.ts:11:51)

    console.log
      [INFO] ORDER CREATE - Order inserted { orderId: 320, orderNumber: 1, 
tableNumber: 5 }

      at Object.info (src/utils/logger.ts:9:50)

    console.log
      [DEBUG] DATABASE - Client acquired from pool

      at Object.debug (src/utils/logger.ts:11:51)

    console.log
      [DEBUG] DATABASE - Client acquired from pool

      at Object.debug (src/utils/logger.ts:11:51)

    console.log
      [DEBUG] DATABASE - Client acquired from pool

      at Object.debug (src/utils/logger.ts:11:51)

    console.log
      [INFO] ORDER CREATE - Order created successfully { orderId: 319, 
tableNumber: 5, status: 'Pending', orderNumber: 1 }

      at Object.info (src/utils/logger.ts:9:50)

    console.log
      [INFO] Order created: 319 for table 5

      at Object.info (src/utils/logger.ts:9:50)

    console.log
      [INFO] ORDER CREATE - Order created successfully { orderId: 320, 
tableNumber: 5, status: 'Pending', orderNumber: 1 }

      at Object.info (src/utils/logger.ts:9:50)

    console.log
      [INFO] Order created: 320 for table 5

      at Object.info (src/utils/logger.ts:9:50)

    console.log
      [HTTP] GET /api/tables/5/orders

      at Object.http (src/utils/logger.ts:10:50)

    console.log
      [DEBUG] DATABASE - Client acquired from pool

      at Object.debug (src/utils/logger.ts:11:51)

    console.log
      [DEBUG] DATABASE - Client acquired from pool

      at Object.debug (src/utils/logger.ts:11:51)

    console.log
      [DEBUG] DATABASE - Client acquired from pool

      at Object.debug (src/utils/logger.ts:11:51)

    console.log
      [DEBUG] DATABASE - Client acquired from pool

      at Object.debug (src/utils/logger.ts:11:51)

    console.log
      [DEBUG] DATABASE - Client acquired from pool

      at Object.debug (src/utils/logger.ts:11:51)

    console.log
      [HTTP] GET /api/menu

      at Object.http (src/utils/logger.ts:10:50)

    console.log
      [DEBUG] DATABASE - Client acquired from pool

      at Object.debug (src/utils/logger.ts:11:51)

    console.log
      [HTTP] POST /api/sessions

      at Object.http (src/utils/logger.ts:10:50)

    console.log
      [DEBUG] DATABASE - Client acquired from pool

      at Object.debug (src/utils/logger.ts:11:51)

    console.log
      [HTTP] POST /api/orders

      at Object.http (src/utils/logger.ts:10:50)

    console.log
      [INFO] ORDER CREATE - Received order request { tableNumber: 6, 
itemsCount: 2 }

      at Object.info (src/utils/logger.ts:9:50)

    console.log
      [DEBUG] DATABASE - Client acquired from pool

      at Object.debug (src/utils/logger.ts:11:51)

    console.log
      [DEBUG] DATABASE - Client acquired from pool

      at Object.debug (src/utils/logger.ts:11:51)

    console.log
      [INFO] ORDER CREATE - Creating order {
        sessionId: '1e6bb837-924b-40a9-97e8-909b0caee5c4',
        tableNumber: 6,
        totalPrice: 48.95,
        itemsCount: 2
      }

      at Object.info (src/utils/logger.ts:9:50)

    console.log
      [DEBUG] DATABASE - Client acquired from pool

      at Object.debug (src/utils/logger.ts:11:51)

    console.log
      [DEBUG] DATABASE - Client acquired from pool

      at Object.debug (src/utils/logger.ts:11:51)

    console.log
      [INFO] ORDER CREATE - Order inserted { orderId: 321, orderNumber: 1, 
tableNumber: 6 }

      at Object.info (src/utils/logger.ts:9:50)

    console.log
      [DEBUG] DATABASE - Client acquired from pool

      at Object.debug (src/utils/logger.ts:11:51)

    console.log
      [DEBUG] DATABASE - Client acquired from pool

      at Object.debug (src/utils/logger.ts:11:51)

    console.log
      [DEBUG] DATABASE - Client acquired from pool

      at Object.debug (src/utils/logger.ts:11:51)

    console.log
      [INFO] ORDER CREATE - Order created successfully { orderId: 321, 
tableNumber: 6, status: 'Pending', orderNumber: 1 }

      at Object.info (src/utils/logger.ts:9:50)

    console.log
      [INFO] Order created: 321 for table 6

      at Object.info (src/utils/logger.ts:9:50)

    console.log
      [HTTP] PATCH /api/orders/321/status

      at Object.http (src/utils/logger.ts:10:50)

    console.log
      [INFO] ORDER STATUS - Updating order status { orderId: '321', newStatus: 
'Preparing' }

      at Object.info (src/utils/logger.ts:9:50)

    console.log
      [DEBUG] DATABASE - Client acquired from pool

      at Object.debug (src/utils/logger.ts:11:51)

    console.log
      [INFO] ORDER STATUS - Order updated successfully { orderId: '321', 
newStatus: 'Preparing' }

      at Object.info (src/utils/logger.ts:9:50)

    console.log
      [DEBUG] DATABASE - Client acquired from pool

      at Object.debug (src/utils/logger.ts:11:51)

    console.log
      [INFO] Order 321 status updated to: Preparing

      at Object.info (src/utils/logger.ts:9:50)

    console.log
      [HTTP] PATCH /api/orders/321/status

      at Object.http (src/utils/logger.ts:10:50)

    console.log
      [INFO] ORDER STATUS - Updating order status { orderId: '321', newStatus: 
'Ready' }

      at Object.info (src/utils/logger.ts:9:50)

    console.log
      [DEBUG] DATABASE - Client acquired from pool

      at Object.debug (src/utils/logger.ts:11:51)

    console.log
      [INFO] ORDER STATUS - Order updated successfully { orderId: '321', 
newStatus: 'Ready' }

      at Object.info (src/utils/logger.ts:9:50)

    console.log
      [DEBUG] DATABASE - Client acquired from pool

      at Object.debug (src/utils/logger.ts:11:51)

    console.log
      [INFO] Order 321 status updated to: Ready

      at Object.info (src/utils/logger.ts:9:50)

    console.log
      [HTTP] PATCH /api/orders/321/status

      at Object.http (src/utils/logger.ts:10:50)

    console.log
      [INFO] ORDER STATUS - Updating order status { orderId: '321', newStatus: 
'Served' }

      at Object.info (src/utils/logger.ts:9:50)

    console.log
      [DEBUG] DATABASE - Client acquired from pool

      at Object.debug (src/utils/logger.ts:11:51)

    console.log
      [INFO] ORDER STATUS - Order updated successfully { orderId: '321', 
newStatus: 'Served' }

      at Object.info (src/utils/logger.ts:9:50)

    console.log
      [DEBUG] DATABASE - Client acquired from pool

      at Object.debug (src/utils/logger.ts:11:51)

    console.log
      [INFO] Order 321 status updated to: Served

      at Object.info (src/utils/logger.ts:9:50)

    console.log
      [HTTP] POST /api/orders

      at Object.http (src/utils/logger.ts:10:50)

    console.log
      [INFO] ORDER CREATE - Received order request { tableNumber: 6, 
itemsCount: 1 }

      at Object.info (src/utils/logger.ts:9:50)

    console.log
      [DEBUG] DATABASE - Client acquired from pool

      at Object.debug (src/utils/logger.ts:11:51)

    console.log
      [INFO] ORDER CREATE - Creating order {
        sessionId: '1e6bb837-924b-40a9-97e8-909b0caee5c4',
        tableNumber: 6,
        totalPrice: 8.99,
        itemsCount: 1
      }

      at Object.info (src/utils/logger.ts:9:50)

    console.log
      [DEBUG] DATABASE - Client acquired from pool

      at Object.debug (src/utils/logger.ts:11:51)

    console.log
      [DEBUG] DATABASE - Client acquired from pool

      at Object.debug (src/utils/logger.ts:11:51)

    console.log
      [INFO] ORDER CREATE - Order inserted { orderId: 322, orderNumber: 2, 
tableNumber: 6 }

      at Object.info (src/utils/logger.ts:9:50)

    console.log
      [DEBUG] DATABASE - Client acquired from pool

      at Object.debug (src/utils/logger.ts:11:51)

    console.log
      [DEBUG] DATABASE - Client acquired from pool

      at Object.debug (src/utils/logger.ts:11:51)

    console.log
      [INFO] ORDER CREATE - Order created successfully { orderId: 322, 
tableNumber: 6, status: 'Pending', orderNumber: 2 }

      at Object.info (src/utils/logger.ts:9:50)

    console.log
      [INFO] Order created: 322 for table 6

      at Object.info (src/utils/logger.ts:9:50)

    console.log
      [HTTP] PATCH /api/orders/322/status

      at Object.http (src/utils/logger.ts:10:50)

    console.log
      [INFO] ORDER STATUS - Updating order status { orderId: '322', newStatus: 
'Preparing' }

      at Object.info (src/utils/logger.ts:9:50)

    console.log
      [DEBUG] DATABASE - Client acquired from pool

      at Object.debug (src/utils/logger.ts:11:51)

    console.log
      [INFO] ORDER STATUS - Order updated successfully { orderId: '322', 
newStatus: 'Preparing' }

      at Object.info (src/utils/logger.ts:9:50)

    console.log
      [DEBUG] DATABASE - Client acquired from pool

      at Object.debug (src/utils/logger.ts:11:51)

    console.log
      [INFO] Order 322 status updated to: Preparing

      at Object.info (src/utils/logger.ts:9:50)

    console.log
      [HTTP] PATCH /api/orders/322/status

      at Object.http (src/utils/logger.ts:10:50)

    console.log
      [INFO] ORDER STATUS - Updating order status { orderId: '322', newStatus: 
'Ready' }

      at Object.info (src/utils/logger.ts:9:50)

    console.log
      [DEBUG] DATABASE - Client acquired from pool

      at Object.debug (src/utils/logger.ts:11:51)

    console.log
      [INFO] ORDER STATUS - Order updated successfully { orderId: '322', 
newStatus: 'Ready' }

      at Object.info (src/utils/logger.ts:9:50)

    console.log
      [DEBUG] DATABASE - Client acquired from pool

      at Object.debug (src/utils/logger.ts:11:51)

    console.log
      [INFO] Order 322 status updated to: Ready

      at Object.info (src/utils/logger.ts:9:50)

    console.log
      [HTTP] PATCH /api/orders/322/status

      at Object.http (src/utils/logger.ts:10:50)

    console.log
      [INFO] ORDER STATUS - Updating order status { orderId: '322', newStatus: 
'Served' }

      at Object.info (src/utils/logger.ts:9:50)

    console.log
      [DEBUG] DATABASE - Client acquired from pool

      at Object.debug (src/utils/logger.ts:11:51)

    console.log
      [DEBUG] DATABASE - Client acquired from pool

      at Object.debug (src/utils/logger.ts:11:51)

    console.log
      [INFO] ORDER STATUS - Order updated successfully { orderId: '322', 
newStatus: 'Served' }

      at Object.info (src/utils/logger.ts:9:50)

    console.log
      [DEBUG] DATABASE - Client acquired from pool

      at Object.debug (src/utils/logger.ts:11:51)

    console.log
      [DEBUG] DATABASE - Client acquired from pool

      at Object.debug (src/utils/logger.ts:11:51)

    console.log
      [INFO] Order 322 status updated to: Served

      at Object.info (src/utils/logger.ts:9:50)

    console.log
      [HTTP] GET /api/tables/6/unpaid-total

      at Object.http (src/utils/logger.ts:10:50)

    console.log
      [DEBUG] DATABASE - Client acquired from pool

      at Object.debug (src/utils/logger.ts:11:51)

    console.log
      [DEBUG] DATABASE - Client acquired from pool

      at Object.debug (src/utils/logger.ts:11:51)

    console.log
      [DEBUG] DATABASE - Client acquired from pool

      at Object.debug (src/utils/logger.ts:11:51)

    console.log
      [HTTP] POST /api/orders

      at Object.http (src/utils/logger.ts:10:50)

    console.log
      [INFO] ORDER CREATE - Received order request { tableNumber: 6, 
itemsCount: 1 }

      at Object.info (src/utils/logger.ts:9:50)

    console.log
      [DEBUG] DATABASE - Client acquired from pool

      at Object.debug (src/utils/logger.ts:11:51)

    console.log
      [INFO] ORDER CREATE - Creating order { sessionId: null, tableNumber: 6, 
totalPrice: 17.98, itemsCount: 1 }

      at Object.info (src/utils/logger.ts:9:50)

    console.log
      [DEBUG] DATABASE - Client acquired from pool

      at Object.debug (src/utils/logger.ts:11:51)

    console.log
      [INFO] ORDER CREATE - Order inserted { orderId: 323, orderNumber: 1, 
tableNumber: 6 }

      at Object.info (src/utils/logger.ts:9:50)

    console.log
      [DEBUG] DATABASE - Client acquired from pool

      at Object.debug (src/utils/logger.ts:11:51)

    console.log
      [DEBUG] DATABASE - Client acquired from pool

      at Object.debug (src/utils/logger.ts:11:51)

    console.log
      [INFO] ORDER CREATE - Order created successfully { orderId: 323, 
tableNumber: 6, status: 'Pending', orderNumber: 1 }

      at Object.info (src/utils/logger.ts:9:50)

    console.log
      [INFO] Order created: 323 for table 6

      at Object.info (src/utils/logger.ts:9:50)

    console.log
      [HTTP] PATCH /api/orders/323/status

      at Object.http (src/utils/logger.ts:10:50)

    console.log
      [INFO] ORDER STATUS - Updating order status { orderId: '323', newStatus: 
'Preparing' }

      at Object.info (src/utils/logger.ts:9:50)

    console.log
      [DEBUG] DATABASE - Client acquired from pool

      at Object.debug (src/utils/logger.ts:11:51)

    console.log
      [INFO] ORDER STATUS - Order updated successfully { orderId: '323', 
newStatus: 'Preparing' }

      at Object.info (src/utils/logger.ts:9:50)

    console.log
      [DEBUG] DATABASE - Client acquired from pool

      at Object.debug (src/utils/logger.ts:11:51)

    console.log
      [INFO] Order 323 status updated to: Preparing

      at Object.info (src/utils/logger.ts:9:50)

    console.log
      [HTTP] POST /api/tables/6/mark-paid

      at Object.http (src/utils/logger.ts:10:50)

    console.log
      [DEBUG] DATABASE - Client acquired from pool

      at Object.debug (src/utils/logger.ts:11:51)

    console.log
      [INFO] TABLES - Orders marked as paid { tableNumber: '6', orderIds: [ 
111, 323, 164 ] }

      at Object.info (src/utils/logger.ts:9:50)

    console.log
      [DEBUG] DATABASE - Client acquired from pool

      at Object.debug (src/utils/logger.ts:11:51)

    console.log
      [DEBUG] DATABASE - Client acquired from pool

      at Object.debug (src/utils/logger.ts:11:51)

    console.log
      [DEBUG] DATABASE - Client acquired from pool

      at Object.debug (src/utils/logger.ts:11:51)

    console.log
      [DEBUG] DATABASE - Client acquired from pool

      at Object.debug (src/utils/logger.ts:11:51)

    console.log
      [DEBUG] DATABASE - Client acquired from pool

      at Object.debug (src/utils/logger.ts:11:51)

    console.log
      [DEBUG] DATABASE - Client acquired from pool

      at Object.debug (src/utils/logger.ts:11:51)

    console.log
      [DEBUG] DATABASE - Client acquired from pool

      at Object.debug (src/utils/logger.ts:11:51)

    console.log
      [HTTP] POST /api/sessions

      at Object.http (src/utils/logger.ts:10:50)

    console.log
      [DEBUG] DATABASE - Client acquired from pool

      at Object.debug (src/utils/logger.ts:11:51)

    console.log
      [HTTP] POST /api/orders

      at Object.http (src/utils/logger.ts:10:50)

    console.log
      [INFO] ORDER CREATE - Received order request { tableNumber: 7, 
itemsCount: 1 }

      at Object.info (src/utils/logger.ts:9:50)

    console.log
      [DEBUG] DATABASE - Client acquired from pool

      at Object.debug (src/utils/logger.ts:11:51)

    console.log
      [INFO] ORDER CREATE - Creating order {
        sessionId: 'b1ecb970-1ff5-4c83-b571-cac15bb8c5ff',
        tableNumber: 7,
        totalPrice: 8.99,
        itemsCount: 1
      }

      at Object.info (src/utils/logger.ts:9:50)

    console.log
      [DEBUG] DATABASE - Client acquired from pool

      at Object.debug (src/utils/logger.ts:11:51)

    console.log
      [DEBUG] DATABASE - Client acquired from pool

      at Object.debug (src/utils/logger.ts:11:51)

    console.log
      [INFO] ORDER CREATE - Order inserted { orderId: 324, orderNumber: 1, 
tableNumber: 7 }

      at Object.info (src/utils/logger.ts:9:50)

    console.log
      [DEBUG] DATABASE - Client acquired from pool

      at Object.debug (src/utils/logger.ts:11:51)

    console.log
      [DEBUG] DATABASE - Client acquired from pool

      at Object.debug (src/utils/logger.ts:11:51)

    console.log
      [INFO] ORDER CREATE - Order created successfully { orderId: 324, 
tableNumber: 7, status: 'Pending', orderNumber: 1 }

      at Object.info (src/utils/logger.ts:9:50)

    console.log
      [INFO] Order created: 324 for table 7

      at Object.info (src/utils/logger.ts:9:50)

    console.log
      [HTTP] PATCH /api/orders/324/status

      at Object.http (src/utils/logger.ts:10:50)

    console.log
      [INFO] ORDER STATUS - Updating order status { orderId: '324', newStatus: 
'Preparing' }

      at Object.info (src/utils/logger.ts:9:50)

    console.log
      [DEBUG] DATABASE - Client acquired from pool

      at Object.debug (src/utils/logger.ts:11:51)

    console.log
      [INFO] ORDER STATUS - Order updated successfully { orderId: '324', 
newStatus: 'Preparing' }

      at Object.info (src/utils/logger.ts:9:50)

    console.log
      [DEBUG] DATABASE - Client acquired from pool

      at Object.debug (src/utils/logger.ts:11:51)

    console.log
      [INFO] Order 324 status updated to: Preparing

      at Object.info (src/utils/logger.ts:9:50)

    console.log
      [HTTP] PATCH /api/orders/324/status

      at Object.http (src/utils/logger.ts:10:50)

    console.log
      [INFO] ORDER STATUS - Updating order status { orderId: '324', newStatus: 
'Ready' }

      at Object.info (src/utils/logger.ts:9:50)

    console.log
      [DEBUG] DATABASE - Client acquired from pool

      at Object.debug (src/utils/logger.ts:11:51)

    console.log
      [INFO] ORDER STATUS - Order updated successfully { orderId: '324', 
newStatus: 'Ready' }

      at Object.info (src/utils/logger.ts:9:50)

    console.log
      [DEBUG] DATABASE - Client acquired from pool

      at Object.debug (src/utils/logger.ts:11:51)

    console.log
      [INFO] Order 324 status updated to: Ready

      at Object.info (src/utils/logger.ts:9:50)

    console.log
      [HTTP] PATCH /api/orders/324/status

      at Object.http (src/utils/logger.ts:10:50)

    console.log
      [INFO] ORDER STATUS - Updating order status { orderId: '324', newStatus: 
'Served' }

      at Object.info (src/utils/logger.ts:9:50)

    console.log
      [DEBUG] DATABASE - Client acquired from pool

      at Object.debug (src/utils/logger.ts:11:51)

    console.log
      [INFO] ORDER STATUS - Order updated successfully { orderId: '324', 
newStatus: 'Served' }

      at Object.info (src/utils/logger.ts:9:50)

    console.log
      [DEBUG] DATABASE - Client acquired from pool

      at Object.debug (src/utils/logger.ts:11:51)

    console.log
      [INFO] Order 324 status updated to: Served

      at Object.info (src/utils/logger.ts:9:50)

    console.log
      [HTTP] POST /api/orders

      at Object.http (src/utils/logger.ts:10:50)

    console.log
      [INFO] ORDER CREATE - Received order request { tableNumber: 7, 
itemsCount: 1 }

      at Object.info (src/utils/logger.ts:9:50)

    console.log
      [DEBUG] DATABASE - Client acquired from pool

      at Object.debug (src/utils/logger.ts:11:51)

    console.log
      [INFO] ORDER CREATE - Creating order {
        sessionId: 'b1ecb970-1ff5-4c83-b571-cac15bb8c5ff',
        tableNumber: 7,
        totalPrice: 25.98,
        itemsCount: 1
      }

      at Object.info (src/utils/logger.ts:9:50)

    console.log
      [DEBUG] DATABASE - Client acquired from pool

      at Object.debug (src/utils/logger.ts:11:51)

    console.log
      [DEBUG] DATABASE - Client acquired from pool

      at Object.debug (src/utils/logger.ts:11:51)

    console.log
      [INFO] ORDER CREATE - Order inserted { orderId: 325, orderNumber: 2, 
tableNumber: 7 }

      at Object.info (src/utils/logger.ts:9:50)

    console.log
      [DEBUG] DATABASE - Client acquired from pool

      at Object.debug (src/utils/logger.ts:11:51)

    console.log
      [DEBUG] DATABASE - Client acquired from pool

      at Object.debug (src/utils/logger.ts:11:51)

    console.log
      [INFO] ORDER CREATE - Order created successfully { orderId: 325, 
tableNumber: 7, status: 'Pending', orderNumber: 2 }

      at Object.info (src/utils/logger.ts:9:50)

    console.log
      [INFO] Order created: 325 for table 7

      at Object.info (src/utils/logger.ts:9:50)

    console.log
      [HTTP] PATCH /api/orders/325/status

      at Object.http (src/utils/logger.ts:10:50)

    console.log
      [INFO] ORDER STATUS - Updating order status { orderId: '325', newStatus: 
'Preparing' }

      at Object.info (src/utils/logger.ts:9:50)

    console.log
      [DEBUG] DATABASE - Client acquired from pool

      at Object.debug (src/utils/logger.ts:11:51)

    console.log
      [INFO] ORDER STATUS - Order updated successfully { orderId: '325', 
newStatus: 'Preparing' }

      at Object.info (src/utils/logger.ts:9:50)

    console.log
      [DEBUG] DATABASE - Client acquired from pool

      at Object.debug (src/utils/logger.ts:11:51)

    console.log
      [INFO] Order 325 status updated to: Preparing

      at Object.info (src/utils/logger.ts:9:50)

    console.log
      [HTTP] PATCH /api/orders/325/status

      at Object.http (src/utils/logger.ts:10:50)

    console.log
      [INFO] ORDER STATUS - Updating order status { orderId: '325', newStatus: 
'Ready' }

      at Object.info (src/utils/logger.ts:9:50)

    console.log
      [DEBUG] DATABASE - Client acquired from pool

      at Object.debug (src/utils/logger.ts:11:51)

    console.log
      [INFO] ORDER STATUS - Order updated successfully { orderId: '325', 
newStatus: 'Ready' }

      at Object.info (src/utils/logger.ts:9:50)

    console.log
      [DEBUG] DATABASE - Client acquired from pool

      at Object.debug (src/utils/logger.ts:11:51)

    console.log
      [INFO] Order 325 status updated to: Ready

      at Object.info (src/utils/logger.ts:9:50)

    console.log
      [HTTP] PATCH /api/orders/325/status

      at Object.http (src/utils/logger.ts:10:50)

    console.log
      [INFO] ORDER STATUS - Updating order status { orderId: '325', newStatus: 
'Served' }

      at Object.info (src/utils/logger.ts:9:50)

    console.log
      [DEBUG] DATABASE - Client acquired from pool

      at Object.debug (src/utils/logger.ts:11:51)

    console.log
      [INFO] ORDER STATUS - Order updated successfully { orderId: '325', 
newStatus: 'Served' }

      at Object.info (src/utils/logger.ts:9:50)

    console.log
      [DEBUG] DATABASE - Client acquired from pool

      at Object.debug (src/utils/logger.ts:11:51)

    console.log
      [INFO] Order 325 status updated to: Served

      at Object.info (src/utils/logger.ts:9:50)

    console.log
      [HTTP] POST /api/tables/7/mark-paid

      at Object.http (src/utils/logger.ts:10:50)

    console.log
      [DEBUG] DATABASE - Client acquired from pool

      at Object.debug (src/utils/logger.ts:11:51)

    console.log
      [INFO] TABLES - Orders marked as paid {
        tableNumber: '7',
        orderIds: [
           61,  62,  63,  64,  65,  66,  26,  27,  28,  29,  30,  31,
           32,  33,  34, 116, 117, 118, 119, 120, 121, 122, 123, 124,
          259, 260, 261, 133, 134, 135, 136,  67,  68,  69, 137, 138,
          139,  78,  79,  80,  81,  82,  83,  84,  85,  86,  99, 100,
          140, 141, 154, 155, 324, 325, 242, 169, 170, 171, 172, 173,
          174, 175, 176, 177, 243, 244, 245, 246, 247, 248, 249, 250,
          186, 187, 188, 189, 190, 191, 192, 193, 194, 262, 263, 264,
          265, 266, 267, 207, 208, 280, 281
        ]
      }

      at Object.info (src/utils/logger.ts:9:50)

    console.log
      [DEBUG] DATABASE - Client acquired from pool

      at Object.debug (src/utils/logger.ts:11:51)

    console.log
      [DEBUG] DATABASE - Client acquired from pool

      at Object.debug (src/utils/logger.ts:11:51)

    console.log
      [DEBUG] DATABASE - Client acquired from pool

      at Object.debug (src/utils/logger.ts:11:51)

    console.log
      [DEBUG] DATABASE - Client acquired from pool

      at Object.debug (src/utils/logger.ts:11:51)

    console.log
      [DEBUG] DATABASE - Client acquired from pool

      at Object.debug (src/utils/logger.ts:11:51)

    console.log
      [DEBUG] DATABASE - Client acquired from pool

      at Object.debug (src/utils/logger.ts:11:51)

    console.log
      [DEBUG] DATABASE - Client acquired from pool

      at Object.debug (src/utils/logger.ts:11:51)

    console.log
      [DEBUG] DATABASE - Client acquired from pool

      at Object.debug (src/utils/logger.ts:11:51)

    console.log
      [DEBUG] DATABASE - Client acquired from pool

      at Object.debug (src/utils/logger.ts:11:51)

    console.log
      [DEBUG] DATABASE - Client acquired from pool

      at Object.debug (src/utils/logger.ts:11:51)

    console.log
      [HTTP] POST /api/sessions

      at Object.http (src/utils/logger.ts:10:50)

    console.log
      [DEBUG] DATABASE - Client acquired from pool

      at Object.debug (src/utils/logger.ts:11:51)

    console.log
      [DEBUG] DATABASE - Client acquired from pool

      at Object.debug (src/utils/logger.ts:11:51)

    console.log
      [HTTP] POST /api/orders

      at Object.http (src/utils/logger.ts:10:50)

    console.log
      [INFO] ORDER CREATE - Received order request { tableNumber: 5, 
itemsCount: 1 }

      at Object.info (src/utils/logger.ts:9:50)

    console.log
      [DEBUG] DATABASE - Client acquired from pool

      at Object.debug (src/utils/logger.ts:11:51)

    console.log
      [DEBUG] DATABASE - Client acquired from pool

      at Object.debug (src/utils/logger.ts:11:51)

    console.log
      [INFO] ORDER CREATE - Creating order {
        sessionId: 'c6bd72ec-da11-4916-bcd4-ba4ea12f9f3b',
        tableNumber: 5,
        totalPrice: 8.99,
        itemsCount: 1
      }

      at Object.info (src/utils/logger.ts:9:50)

    console.log
      [DEBUG] DATABASE - Client acquired from pool

      at Object.debug (src/utils/logger.ts:11:51)

    console.log
      [DEBUG] DATABASE - Client acquired from pool

      at Object.debug (src/utils/logger.ts:11:51)

    console.log
      [DEBUG] DATABASE - Client acquired from pool

      at Object.debug (src/utils/logger.ts:11:51)

    console.log
      [DEBUG] DATABASE - Client acquired from pool

      at Object.debug (src/utils/logger.ts:11:51)

    console.log
      [INFO] ORDER CREATE - Order inserted { orderId: 326, orderNumber: 1, 
tableNumber: 5 }

      at Object.info (src/utils/logger.ts:9:50)

    console.log
      [DEBUG] DATABASE - Client acquired from pool

      at Object.debug (src/utils/logger.ts:11:51)

    console.log
      [DEBUG] DATABASE - Client acquired from pool

      at Object.debug (src/utils/logger.ts:11:51)

    console.log
      [DEBUG] DATABASE - Client acquired from pool

      at Object.debug (src/utils/logger.ts:11:51)

    console.log
      [DEBUG] DATABASE - Client acquired from pool

      at Object.debug (src/utils/logger.ts:11:51)

    console.log
      [INFO] ORDER CREATE - Order created successfully { orderId: 326, 
tableNumber: 5, status: 'Pending', orderNumber: 1 }

      at Object.info (src/utils/logger.ts:9:50)

    console.log
      [INFO] Order created: 326 for table 5

      at Object.info (src/utils/logger.ts:9:50)

    console.log
      [HTTP] PATCH /api/orders/326/status

      at Object.http (src/utils/logger.ts:10:50)

    console.log
      [INFO] ORDER STATUS - Updating order status { orderId: '326', newStatus: 
'Preparing' }

      at Object.info (src/utils/logger.ts:9:50)

    console.log
      [DEBUG] DATABASE - Client acquired from pool

      at Object.debug (src/utils/logger.ts:11:51)

    console.log
      [DEBUG] DATABASE - Client acquired from pool

      at Object.debug (src/utils/logger.ts:11:51)

    console.log
      [INFO] ORDER STATUS - Order updated successfully { orderId: '326', 
newStatus: 'Preparing' }

      at Object.info (src/utils/logger.ts:9:50)

    console.log
      [DEBUG] DATABASE - Client acquired from pool

      at Object.debug (src/utils/logger.ts:11:51)

    console.log
      [DEBUG] DATABASE - Client acquired from pool

      at Object.debug (src/utils/logger.ts:11:51)

    console.log
      [INFO] Order 326 status updated to: Preparing

      at Object.info (src/utils/logger.ts:9:50)

    console.log
      [HTTP] PATCH /api/orders/326/status

      at Object.http (src/utils/logger.ts:10:50)

    console.log
      [INFO] ORDER STATUS - Updating order status { orderId: '326', newStatus: 
'Ready' }

      at Object.info (src/utils/logger.ts:9:50)

    console.log
      [DEBUG] DATABASE - Client acquired from pool

      at Object.debug (src/utils/logger.ts:11:51)

    console.log
      [DEBUG] DATABASE - Client acquired from pool

      at Object.debug (src/utils/logger.ts:11:51)

    console.log
      [INFO] ORDER STATUS - Order updated successfully { orderId: '326', 
newStatus: 'Ready' }

      at Object.info (src/utils/logger.ts:9:50)

    console.log
      [DEBUG] DATABASE - Client acquired from pool

      at Object.debug (src/utils/logger.ts:11:51)

    console.log
      [DEBUG] DATABASE - Client acquired from pool

      at Object.debug (src/utils/logger.ts:11:51)

    console.log
      [INFO] Order 326 status updated to: Ready

      at Object.info (src/utils/logger.ts:9:50)

    console.log
      [HTTP] PATCH /api/orders/326/status

      at Object.http (src/utils/logger.ts:10:50)

    console.log
      [INFO] ORDER STATUS - Updating order status { orderId: '326', newStatus: 
'Served' }

      at Object.info (src/utils/logger.ts:9:50)

    console.log
      [DEBUG] DATABASE - Client acquired from pool

      at Object.debug (src/utils/logger.ts:11:51)

    console.log
      [DEBUG] DATABASE - Client acquired from pool

      at Object.debug (src/utils/logger.ts:11:51)

    console.log
      [INFO] ORDER STATUS - Order updated successfully { orderId: '326', 
newStatus: 'Served' }

      at Object.info (src/utils/logger.ts:9:50)

    console.log
      [DEBUG] DATABASE - Client acquired from pool

      at Object.debug (src/utils/logger.ts:11:51)

    console.log
      [DEBUG] DATABASE - Client acquired from pool

      at Object.debug (src/utils/logger.ts:11:51)

    console.log
      [INFO] Order 326 status updated to: Served

      at Object.info (src/utils/logger.ts:9:50)

    console.log
      [HTTP] PATCH /api/orders/326/status

      at Object.http (src/utils/logger.ts:10:50)

    console.log
      [INFO] ORDER STATUS - Updating order status { orderId: '326', newStatus: 
'Paid' }

      at Object.info (src/utils/logger.ts:9:50)

    console.log
      [DEBUG] DATABASE - Client acquired from pool

      at Object.debug (src/utils/logger.ts:11:51)

    console.log
      [DEBUG] DATABASE - Client acquired from pool

      at Object.debug (src/utils/logger.ts:11:51)

    console.log
      [INFO] ORDER STATUS - Order updated successfully { orderId: '326', 
newStatus: 'Paid' }

      at Object.info (src/utils/logger.ts:9:50)

    console.log
      [DEBUG] DATABASE - Client acquired from pool

      at Object.debug (src/utils/logger.ts:11:51)

    console.log
      [DEBUG] DATABASE - Client acquired from pool

      at Object.debug (src/utils/logger.ts:11:51)

    console.log
      [INFO] Order 326 status updated to: Paid

      at Object.info (src/utils/logger.ts:9:50)

    console.log
      [HTTP] GET /api/orders/326

      at Object.http (src/utils/logger.ts:10:50)

    console.log
      [DEBUG] DATABASE - Client acquired from pool

      at Object.debug (src/utils/logger.ts:11:51)

    console.log
      [DEBUG] DATABASE - Client acquired from pool

      at Object.debug (src/utils/logger.ts:11:51)

    console.log
      [DEBUG] DATABASE - Client acquired from pool

      at Object.debug (src/utils/logger.ts:11:51)

    console.log
      [DEBUG] DATABASE - Client acquired from pool

      at Object.debug (src/utils/logger.ts:11:51)

    console.log
      [DEBUG] DATABASE - Client acquired from pool

      at Object.debug (src/utils/logger.ts:11:51)

    console.log
      [DEBUG] DATABASE - Client acquired from pool

      at Object.debug (src/utils/logger.ts:11:51)

    console.log
      [DEBUG] DATABASE - Client acquired from pool

      at Object.debug (src/utils/logger.ts:11:51)

    console.log
      [DEBUG] DATABASE - Client acquired from pool

      at Object.debug (src/utils/logger.ts:11:51)

    console.log
      [DEBUG] DATABASE - Client acquired from pool

      at Object.debug (src/utils/logger.ts:11:51)

    console.log
      [DEBUG] DATABASE - Client acquired from pool

      at Object.debug (src/utils/logger.ts:11:51)

    console.log
      [DEBUG] DATABASE - Client acquired from pool

      at Object.debug (src/utils/logger.ts:11:51)

    console.log
      [DEBUG] DATABASE - Client acquired from pool

      at Object.debug (src/utils/logger.ts:11:51)

    console.log
      [DEBUG] DATABASE - Client acquired from pool

      at Object.debug (src/utils/logger.ts:11:51)

    console.log
      [DEBUG] DATABASE - Client acquired from pool

      at Object.debug (src/utils/logger.ts:11:51)

    console.log
      [DEBUG] DATABASE - Client acquired from pool

      at Object.debug (src/utils/logger.ts:11:51)

    console.log
      [DEBUG] DATABASE - Client acquired from pool

      at Object.debug (src/utils/logger.ts:11:51)

    console.log
      [DEBUG] DATABASE - Client acquired from pool

      at Object.debug (src/utils/logger.ts:11:51)

    console.log
      [DEBUG] DATABASE - Client acquired from pool

      at Object.debug (src/utils/logger.ts:11:51)

    console.log
      [DEBUG] DATABASE - Client acquired from pool

      at Object.debug (src/utils/logger.ts:11:51)

    console.log
      [HTTP] POST /api/sessions

      at Object.http (src/utils/logger.ts:10:50)

    console.log
      [DEBUG] DATABASE - Client acquired from pool

      at Object.debug (src/utils/logger.ts:11:51)

    console.log
      [DEBUG] DATABASE - Client acquired from pool

      at Object.debug (src/utils/logger.ts:11:51)

    console.log
      [HTTP] POST /api/orders

      at Object.http (src/utils/logger.ts:10:50)

    console.log
      [INFO] ORDER CREATE - Received order request { tableNumber: 6, 
itemsCount: 2 }

      at Object.info (src/utils/logger.ts:9:50)

    console.log
      [DEBUG] DATABASE - Client acquired from pool

      at Object.debug (src/utils/logger.ts:11:51)

    console.log
      [DEBUG] DATABASE - Client acquired from pool

      at Object.debug (src/utils/logger.ts:11:51)

    console.log
      [DEBUG] DATABASE - Client acquired from pool

      at Object.debug (src/utils/logger.ts:11:51)

    console.log
      [DEBUG] DATABASE - Client acquired from pool

      at Object.debug (src/utils/logger.ts:11:51)

    console.log
      [INFO] ORDER CREATE - Creating order {
        sessionId: '50f89ee4-34f7-4a57-9cac-e074253d64be',
        tableNumber: 6,
        totalPrice: 21.98,
        itemsCount: 2
      }

      at Object.info (src/utils/logger.ts:9:50)

    console.log
      [DEBUG] DATABASE - Client acquired from pool

      at Object.debug (src/utils/logger.ts:11:51)

    console.log
      [DEBUG] DATABASE - Client acquired from pool

      at Object.debug (src/utils/logger.ts:11:51)

    console.log
      [DEBUG] DATABASE - Client acquired from pool

      at Object.debug (src/utils/logger.ts:11:51)

    console.log
      [DEBUG] DATABASE - Client acquired from pool

      at Object.debug (src/utils/logger.ts:11:51)

    console.log
      [INFO] ORDER CREATE - Order inserted { orderId: 327, orderNumber: 1, 
tableNumber: 6 }

      at Object.info (src/utils/logger.ts:9:50)

    console.log
      [DEBUG] DATABASE - Client acquired from pool

      at Object.debug (src/utils/logger.ts:11:51)

    console.log
      [DEBUG] DATABASE - Client acquired from pool

      at Object.debug (src/utils/logger.ts:11:51)

    console.log
      [DEBUG] DATABASE - Client acquired from pool

      at Object.debug (src/utils/logger.ts:11:51)

    console.log
      [DEBUG] DATABASE - Client acquired from pool

      at Object.debug (src/utils/logger.ts:11:51)

    console.log
      [DEBUG] DATABASE - Client acquired from pool

      at Object.debug (src/utils/logger.ts:11:51)

    console.log
      [DEBUG] DATABASE - Client acquired from pool

      at Object.debug (src/utils/logger.ts:11:51)

    console.log
      [INFO] ORDER CREATE - Order created successfully { orderId: 327, 
tableNumber: 6, status: 'Pending', orderNumber: 1 }

      at Object.info (src/utils/logger.ts:9:50)

    console.log
      [INFO] Order created: 327 for table 6

      at Object.info (src/utils/logger.ts:9:50)

    console.log
      [DEBUG] DATABASE - Client acquired from pool

      at Object.debug (src/utils/logger.ts:11:51)

    console.log
      [DEBUG] DATABASE - Client acquired from pool

      at Object.debug (src/utils/logger.ts:11:51)

    console.log
      [DEBUG] DATABASE - Client acquired from pool

      at Object.debug (src/utils/logger.ts:11:51)

    console.log
      [DEBUG] DATABASE - Client acquired from pool

      at Object.debug (src/utils/logger.ts:11:51)

    console.log
      [DEBUG] DATABASE - Client acquired from pool

      at Object.debug (src/utils/logger.ts:11:51)

    console.log
      [DEBUG] DATABASE - Client acquired from pool

      at Object.debug (src/utils/logger.ts:11:51)

    console.log
      [DEBUG] DATABASE - Client acquired from pool

      at Object.debug (src/utils/logger.ts:11:51)

    console.log
      [DEBUG] DATABASE - Client acquired from pool

      at Object.debug (src/utils/logger.ts:11:51)

    console.log
      [DEBUG] DATABASE - Client acquired from pool

      at Object.debug (src/utils/logger.ts:11:51)

    console.log
      Cleaning up test environment...

      at Object.<anonymous> (src/__tests__/setup.ts:52:11)

    console.log
      [DEBUG] DATABASE - Client acquired from pool

      at Object.debug (src/utils/logger.ts:11:51)

    console.log
      [DEBUG] DATABASE - Client acquired from pool

      at Object.debug (src/utils/logger.ts:11:51)

    console.log
      [DEBUG] DATABASE - Client acquired from pool

      at Object.debug (src/utils/logger.ts:11:51)

    console.log
      [DEBUG] DATABASE - Client acquired from pool

      at Object.debug (src/utils/logger.ts:11:51)

    console.log
      [DEBUG] DATABASE - Client acquired from pool

      at Object.debug (src/utils/logger.ts:11:51)

    console.log
      [DEBUG] DATABASE - Client acquired from pool

      at Object.debug (src/utils/logger.ts:11:51)

    console.log
      [DEBUG] DATABASE - Client acquired from pool

      at Object.debug (src/utils/logger.ts:11:51)

    console.log
      [DEBUG] DATABASE - Client acquired from pool

      at Object.debug (src/utils/logger.ts:11:51)

    console.error
      [ERROR] TABLES - Error marking orders as paid {
        error: Error: Cannot use a pool after calling end on the pool
            at 
C:\Users\eneal\Desktop\restaurant2\backend\node_modules\pg-pool\index.js:45:11
            at processTicksAndRejections 
(node:internal/process/task_queues:95:5)
            at 
C:\Users\eneal\Desktop\restaurant2\backend\src\routes\tables.ts:158:29,
        tableNumber: '7'
      }

    [0m [90m  5 |[39m [90m// Temporary console logger until winston is 
installed[39m
     [90m  6 |[39m [36mconst[39m logger [33m=[39m {
    [31m[1m>[22m[39m[90m  7 |[39m   error[33m:[39m (message[33m:[39m 
string[33m,[39m meta[33m?[39m[33m:[39m any) [33m=>[39m 
console[33m.[39merror([32m`[ERROR] ${message}`[39m[33m,[39m meta 
[33m||[39m [32m''[39m)[33m,[39m
     [90m    |[39m                                                   
[31m[1m^[22m[39m
     [90m  8 |[39m   warn[33m:[39m (message[33m:[39m string[33m,[39m 
meta[33m?[39m[33m:[39m any) [33m=>[39m 
console[33m.[39mwarn([32m`[WARN] ${message}`[39m[33m,[39m meta 
[33m||[39m [32m''[39m)[33m,[39m
     [90m  9 |[39m   info[33m:[39m (message[33m:[39m string[33m,[39m 
meta[33m?[39m[33m:[39m any) [33m=>[39m 
console[33m.[39mlog([32m`[INFO] ${message}`[39m[33m,[39m meta 
[33m||[39m [32m''[39m)[33m,[39m
     [90m 10 |[39m   http[33m:[39m (message[33m:[39m string[33m,[39m 
meta[33m?[39m[33m:[39m any) [33m=>[39m 
console[33m.[39mlog([32m`[HTTP] ${message}`[39m[33m,[39m meta 
[33m||[39m [32m''[39m)[33m,[39m[0m

      at Object.error (src/utils/logger.ts:7:51)
      at src/routes/tables.ts:198:12

    console.log
      [INFO] DATABASE - Client removed from pool

      at Object.info (src/utils/logger.ts:9:50)

    console.log
      [INFO] DATABASE - Client removed from pool

      at Object.info (src/utils/logger.ts:9:50)

  ΓùÅ Complete Order Processing Workflows ΓÇ║ Customer Self-Ordering Workflow 
ΓÇ║ complete customer self-ordering flow with cleanup verification

    thrown: "Exceeded timeout of 5000 ms for a test.
    Add a timeout value to this test to increase the timeout, if this is a 
long-running test. See https://jestjs.io/docs/api#testname-fn-timeout."

    [0m [90m 42 |[39m     [36mconst[39m customerDeviceId [33m=[39m 
[32m'test-customer-device'[39m[33m;[39m
     [90m 43 |[39m
    [31m[1m>[22m[39m[90m 44 |[39m     test([32m'complete customer 
self-ordering flow with cleanup verification'[39m[33m,[39m [36masync[39m 
() [33m=>[39m {
     [90m    |[39m     [31m[1m^[22m[39m
     [90m 45 |[39m       [90m// Get initial data counts[39m
     [90m 46 |[39m       [36mconst[39m initialCounts [33m=[39m 
[36mawait[39m getTestDataCounts()[33m;[39m
     [90m 47 |[39m[0m

      at src/__tests__/workflow.test.ts:44:5
      at src/__tests__/workflow.test.ts:40:3
      at Object.<anonymous> (src/__tests__/workflow.test.ts:5:1)

  ΓùÅ Complete Order Processing Workflows ΓÇ║ Customer Self-Ordering Workflow 
ΓÇ║ customer can view order history within session

    expect(received).toBe(expected) // Object.is equality

    Expected: 1
    Received: undefined

    [0m [90m 218 |[39m       expect(ordersResponse[33m.[39mstatus)[33m.[
39mtoBe([35m200[39m)[33m;[39m
     [90m 219 |[39m       expect(ordersResponse[33m.[39mbody[33m.[39mleng
th)[33m.[39mtoBe([35m2[39m)[33m;[39m
    [31m[1m>[22m[39m[90m 220 |[39m       expect(ordersResponse[33m.[39m
body[[35m0[39m][33m.[39morderNumber)[33m.[39mtoBe([35m1[39m)[33m;[39m
     [90m     |[39m                                                  
[31m[1m^[22m[39m
     [90m 221 |[39m       expect(ordersResponse[33m.[39mbody[[35m1[39m][
33m.[39morderNumber)[33m.[39mtoBe([35m2[39m)[33m;[39m
     [90m 222 |[39m
     [90m 223 |[39m       [90m// View full session details[39m[0m

      at Object.<anonymous> (src/__tests__/workflow.test.ts:220:50)

  ΓùÅ Complete Order Processing Workflows ΓÇ║ Waiter-Assisted Ordering 
Workflow ΓÇ║ complete waiter-assisted ordering flow

    thrown: "Exceeded timeout of 5000 ms for a test.
    Add a timeout value to this test to increase the timeout, if this is a 
long-running test. See https://jestjs.io/docs/api#testname-fn-timeout."

    [0m [90m 294 |[39m     [36mconst[39m waiterTableNumber [33m=[39m 
[35m6[39m[33m;[39m
     [90m 295 |[39m
    [31m[1m>[22m[39m[90m 296 |[39m     test([32m'complete 
waiter-assisted ordering flow'[39m[33m,[39m [36masync[39m () [33m=>[39m 
{
     [90m     |[39m     [31m[1m^[22m[39m
     [90m 297 |[39m       [90m// Step 1: Waiter checks menu to help 
customer[39m
     [90m 298 |[39m       [36mconst[39m menuResponse [33m=[39m 
[36mawait[39m 
request(app)[33m.[39m[36mget[39m([32m'/api/menu'[39m)[33m;[39m
     [90m 299 |[39m       expect(menuResponse[33m.[39mstatus)[33m.[39mtoB
e([35m200[39m)[33m;[39m[0m

      at src/__tests__/workflow.test.ts:296:5
      at src/__tests__/workflow.test.ts:293:3
      at Object.<anonymous> (src/__tests__/workflow.test.ts:5:1)

  ΓùÅ Complete Order Processing Workflows ΓÇ║ Mixed Workflow - Customer Start, 
Waiter Assist ΓÇ║ customer starts order, waiter helps complete process

    thrown: "Exceeded timeout of 5000 ms for a test.
    Add a timeout value to this test to increase the timeout, if this is a 
long-running test. See https://jestjs.io/docs/api#testname-fn-timeout."

    [0m [90m 427 |[39m     [36mconst[39m mixedTableNumber [33m=[39m 
[35m7[39m[33m;[39m
     [90m 428 |[39m
    [31m[1m>[22m[39m[90m 429 |[39m     test([32m'customer starts order, 
waiter helps complete process'[39m[33m,[39m [36masync[39m () [33m=>[39m 
{
     [90m     |[39m     [31m[1m^[22m[39m
     [90m 430 |[39m       [90m// Customer creates session and places 
initial order[39m
     [90m 431 |[39m       [36mconst[39m sessionResponse [33m=[39m 
[36mawait[39m request(app)
     [90m 432 |[39m         [33m.[39mpost([32m'/api/sessions'[39m)[0m

      at src/__tests__/workflow.test.ts:429:5
      at src/__tests__/workflow.test.ts:426:3
      at Object.<anonymous> (src/__tests__/workflow.test.ts:5:1)

FAIL src/__tests__/menu.test.ts (21.037 s)
  ΓùÅ Console

    console.log
      [dotenv@17.2.4] injecting env (5) from .env -- tip: ≡ƒöÉ prevent 
committing .env to code: https://dotenvx.com/precommit

      at _log (node_modules/dotenv/lib/main.js:142:11)

    console.log
      Γ£ô Environment validation passed

      at validateRequiredEnv (src/config/validateEnv.ts:36:11)

    console.log
        - DATABASE_URL: postgresql://restaur...

      at validateRequiredEnv (src/config/validateEnv.ts:37:11)

    console.log
        - JWT_SECRET: 128 characters

      at validateRequiredEnv (src/config/validateEnv.ts:38:11)

    console.log
        - CORS_ORIGIN: https://restaurant-frontend-85q6.onrender.com

      at validateRequiredEnv (src/config/validateEnv.ts:39:11)

    console.log
      [INFO] SocketManager initialized successfully

      at Object.info (src/utils/logger.ts:9:50)

    console.log
      Setting up test environment...

      at Object.<anonymous> (src/__tests__/setup.ts:47:11)

    console.log
      [INFO] DATABASE - New client connected to pool

      at Object.info (src/utils/logger.ts:9:50)

    console.log
      [DEBUG] DATABASE - Client acquired from pool

      at Object.debug (src/utils/logger.ts:11:51)

    console.log
      [DEBUG] DATABASE - Client acquired from pool

      at Object.debug (src/utils/logger.ts:11:51)

    console.log
      [DEBUG] DATABASE - Client acquired from pool

      at Object.debug (src/utils/logger.ts:11:51)

    console.log
      [DEBUG] DATABASE - Client acquired from pool

      at Object.debug (src/utils/logger.ts:11:51)

    console.log
      [HTTP] GET /api/menu

      at Object.http (src/utils/logger.ts:10:50)

    console.log
      [DEBUG] DATABASE - Client acquired from pool

      at Object.debug (src/utils/logger.ts:11:51)

    console.log
      [DEBUG] DATABASE - Client acquired from pool

      at Object.debug (src/utils/logger.ts:11:51)

    console.log
      [DEBUG] DATABASE - Client acquired from pool

      at Object.debug (src/utils/logger.ts:11:51)

    console.log
      [DEBUG] DATABASE - Client acquired from pool

      at Object.debug (src/utils/logger.ts:11:51)

    console.log
      [DEBUG] DATABASE - Client acquired from pool

      at Object.debug (src/utils/logger.ts:11:51)

    console.log
      [HTTP] GET /api/menu

      at Object.http (src/utils/logger.ts:10:50)

    console.log
      [DEBUG] DATABASE - Client acquired from pool

      at Object.debug (src/utils/logger.ts:11:51)

    console.log
      [DEBUG] DATABASE - Client acquired from pool

      at Object.debug (src/utils/logger.ts:11:51)

    console.log
      [DEBUG] DATABASE - Client acquired from pool

      at Object.debug (src/utils/logger.ts:11:51)

    console.log
      [DEBUG] DATABASE - Client acquired from pool

      at Object.debug (src/utils/logger.ts:11:51)

    console.log
      [DEBUG] DATABASE - Client acquired from pool

      at Object.debug (src/utils/logger.ts:11:51)

    console.log
      [HTTP] GET /api/menu

      at Object.http (src/utils/logger.ts:10:50)

    console.log
      [DEBUG] DATABASE - Client acquired from pool

      at Object.debug (src/utils/logger.ts:11:51)

    console.log
      [DEBUG] DATABASE - Client acquired from pool

      at Object.debug (src/utils/logger.ts:11:51)

    console.log
      [DEBUG] DATABASE - Client acquired from pool

      at Object.debug (src/utils/logger.ts:11:51)

    console.log
      [DEBUG] DATABASE - Client acquired from pool

      at Object.debug (src/utils/logger.ts:11:51)

    console.log
      [DEBUG] DATABASE - Client acquired from pool

      at Object.debug (src/utils/logger.ts:11:51)

    console.log
      [HTTP] GET /api/menu

      at Object.http (src/utils/logger.ts:10:50)

    console.log
      [DEBUG] DATABASE - Client acquired from pool

      at Object.debug (src/utils/logger.ts:11:51)

    console.log
      [DEBUG] DATABASE - Client acquired from pool

      at Object.debug (src/utils/logger.ts:11:51)

    console.log
      [DEBUG] DATABASE - Client acquired from pool

      at Object.debug (src/utils/logger.ts:11:51)

    console.log
      [DEBUG] DATABASE - Client acquired from pool

      at Object.debug (src/utils/logger.ts:11:51)

    console.log
      [DEBUG] DATABASE - Client acquired from pool

      at Object.debug (src/utils/logger.ts:11:51)

    console.log
      [HTTP] GET /api/menu/categories

      at Object.http (src/utils/logger.ts:10:50)

    console.log
      [DEBUG] DATABASE - Client acquired from pool

      at Object.debug (src/utils/logger.ts:11:51)

    console.log
      [DEBUG] DATABASE - Client acquired from pool

      at Object.debug (src/utils/logger.ts:11:51)

    console.log
      [DEBUG] DATABASE - Client acquired from pool

      at Object.debug (src/utils/logger.ts:11:51)

    console.log
      [DEBUG] DATABASE - Client acquired from pool

      at Object.debug (src/utils/logger.ts:11:51)

    console.log
      [DEBUG] DATABASE - Client acquired from pool

      at Object.debug (src/utils/logger.ts:11:51)

    console.log
      [HTTP] GET /api/menu/categories

      at Object.http (src/utils/logger.ts:10:50)

    console.log
      [DEBUG] DATABASE - Client acquired from pool

      at Object.debug (src/utils/logger.ts:11:51)

    console.log
      [DEBUG] DATABASE - Client acquired from pool

      at Object.debug (src/utils/logger.ts:11:51)

    console.log
      [DEBUG] DATABASE - Client acquired from pool

      at Object.debug (src/utils/logger.ts:11:51)

    console.log
      [DEBUG] DATABASE - Client acquired from pool

      at Object.debug (src/utils/logger.ts:11:51)

    console.log
      [DEBUG] DATABASE - Client acquired from pool

      at Object.debug (src/utils/logger.ts:11:51)

    console.log
      [HTTP] GET /api/menu/categories

      at Object.http (src/utils/logger.ts:10:50)

    console.log
      [DEBUG] DATABASE - Client acquired from pool

      at Object.debug (src/utils/logger.ts:11:51)

    console.log
      [DEBUG] DATABASE - Client acquired from pool

      at Object.debug (src/utils/logger.ts:11:51)

    console.log
      [DEBUG] DATABASE - Client acquired from pool

      at Object.debug (src/utils/logger.ts:11:51)

    console.log
      [DEBUG] DATABASE - Client acquired from pool

      at Object.debug (src/utils/logger.ts:11:51)

    console.log
      [DEBUG] DATABASE - Client acquired from pool

      at Object.debug (src/utils/logger.ts:11:51)

    console.log
      [HTTP] GET /api/menu

      at Object.http (src/utils/logger.ts:10:50)

    console.log
      [DEBUG] DATABASE - Client acquired from pool

      at Object.debug (src/utils/logger.ts:11:51)

    console.log
      [HTTP] GET /api/menu/categories

      at Object.http (src/utils/logger.ts:10:50)

    console.log
      [DEBUG] DATABASE - Client acquired from pool

      at Object.debug (src/utils/logger.ts:11:51)

    console.log
      [HTTP] GET /api/menu

      at Object.http (src/utils/logger.ts:10:50)

    console.log
      [DEBUG] DATABASE - Client acquired from pool

      at Object.debug (src/utils/logger.ts:11:51)

    console.log
      [DEBUG] DATABASE - Client acquired from pool

      at Object.debug (src/utils/logger.ts:11:51)

    console.log
      [DEBUG] DATABASE - Client acquired from pool

      at Object.debug (src/utils/logger.ts:11:51)

    console.log
      [DEBUG] DATABASE - Client acquired from pool

      at Object.debug (src/utils/logger.ts:11:51)

    console.log
      [DEBUG] DATABASE - Client acquired from pool

      at Object.debug (src/utils/logger.ts:11:51)

    console.log
      [HTTP] GET /api/menu/1

      at Object.http (src/utils/logger.ts:10:50)

    console.log
      [DEBUG] DATABASE - Client acquired from pool

      at Object.debug (src/utils/logger.ts:11:51)

    console.log
      [DEBUG] DATABASE - Client acquired from pool

      at Object.debug (src/utils/logger.ts:11:51)

    console.log
      [DEBUG] DATABASE - Client acquired from pool

      at Object.debug (src/utils/logger.ts:11:51)

    console.log
      [DEBUG] DATABASE - Client acquired from pool

      at Object.debug (src/utils/logger.ts:11:51)

    console.log
      [DEBUG] DATABASE - Client acquired from pool

      at Object.debug (src/utils/logger.ts:11:51)

    console.log
      [HTTP] GET /api/menu/99999

      at Object.http (src/utils/logger.ts:10:50)

    console.log
      [DEBUG] DATABASE - Client acquired from pool

      at Object.debug (src/utils/logger.ts:11:51)

    console.log
      [DEBUG] DATABASE - Client acquired from pool

      at Object.debug (src/utils/logger.ts:11:51)

    console.log
      [DEBUG] DATABASE - Client acquired from pool

      at Object.debug (src/utils/logger.ts:11:51)

    console.log
      [DEBUG] DATABASE - Client acquired from pool

      at Object.debug (src/utils/logger.ts:11:51)

    console.log
      [DEBUG] DATABASE - Client acquired from pool

      at Object.debug (src/utils/logger.ts:11:51)

    console.log
      [HTTP] GET /api/menu/invalid

      at Object.http (src/utils/logger.ts:10:50)

    console.log
      [DEBUG] DATABASE - Client acquired from pool

      at Object.debug (src/utils/logger.ts:11:51)

    console.error
      [ERROR] MENU - Error fetching menu item {
        error: error: invalid input syntax for type integer: "invalid"
            at 
C:\Users\eneal\Desktop\restaurant2\backend\node_modules\pg-pool\index.js:45:11
            at processTicksAndRejections 
(node:internal/process/task_queues:95:5)
            at 
C:\Users\eneal\Desktop\restaurant2\backend\src\routes\menu.ts:33:20 {
          length: 150,
          severity: 'ERROR',
          code: '22P02',
          detail: undefined,
          hint: undefined,
          position: undefined,
          internalPosition: undefined,
          internalQuery: undefined,
          where: "unnamed portal parameter $1 = '...'",
          schema: undefined,
          table: undefined,
          column: undefined,
          dataType: undefined,
          constraint: undefined,
          file: 'numutils.c',
          line: '615',
          routine: 'pg_strtoint32_safe'
        },
        menuItemId: 'invalid'
      }

    [0m [90m  5 |[39m [90m// Temporary console logger until winston is 
installed[39m
     [90m  6 |[39m [36mconst[39m logger [33m=[39m {
    [31m[1m>[22m[39m[90m  7 |[39m   error[33m:[39m (message[33m:[39m 
string[33m,[39m meta[33m?[39m[33m:[39m any) [33m=>[39m 
console[33m.[39merror([32m`[ERROR] ${message}`[39m[33m,[39m meta 
[33m||[39m [32m''[39m)[33m,[39m
     [90m    |[39m                                                   
[31m[1m^[22m[39m
     [90m  8 |[39m   warn[33m:[39m (message[33m:[39m string[33m,[39m 
meta[33m?[39m[33m:[39m any) [33m=>[39m 
console[33m.[39mwarn([32m`[WARN] ${message}`[39m[33m,[39m meta 
[33m||[39m [32m''[39m)[33m,[39m
     [90m  9 |[39m   info[33m:[39m (message[33m:[39m string[33m,[39m 
meta[33m?[39m[33m:[39m any) [33m=>[39m 
console[33m.[39mlog([32m`[INFO] ${message}`[39m[33m,[39m meta 
[33m||[39m [32m''[39m)[33m,[39m
     [90m 10 |[39m   http[33m:[39m (message[33m:[39m string[33m,[39m 
meta[33m?[39m[33m:[39m any) [33m=>[39m 
console[33m.[39mlog([32m`[HTTP] ${message}`[39m[33m,[39m meta 
[33m||[39m [32m''[39m)[33m,[39m[0m

      at Object.error (src/utils/logger.ts:7:51)
      at src/routes/menu.ts:39:12

    console.log
      [INFO] DATABASE - Client removed from pool

      at Object.info (src/utils/logger.ts:9:50)

    console.log
      [INFO] DATABASE - New client connected to pool

      at Object.info (src/utils/logger.ts:9:50)

    console.log
      [DEBUG] DATABASE - Client acquired from pool

      at Object.debug (src/utils/logger.ts:11:51)

    console.log
      [DEBUG] DATABASE - Client acquired from pool

      at Object.debug (src/utils/logger.ts:11:51)

    console.log
      [DEBUG] DATABASE - Client acquired from pool

      at Object.debug (src/utils/logger.ts:11:51)

    console.log
      [DEBUG] DATABASE - Client acquired from pool

      at Object.debug (src/utils/logger.ts:11:51)

    console.log
      [HTTP] GET /api/menu

      at Object.http (src/utils/logger.ts:10:50)

    console.log
      [DEBUG] DATABASE - Client acquired from pool

      at Object.debug (src/utils/logger.ts:11:51)

    console.log
      [DEBUG] DATABASE - Client acquired from pool

      at Object.debug (src/utils/logger.ts:11:51)

    console.log
      [DEBUG] DATABASE - Client acquired from pool

      at Object.debug (src/utils/logger.ts:11:51)

    console.log
      [DEBUG] DATABASE - Client acquired from pool

      at Object.debug (src/utils/logger.ts:11:51)

    console.log
      [DEBUG] DATABASE - Client acquired from pool

      at Object.debug (src/utils/logger.ts:11:51)

    console.log
      [HTTP] GET /api/menu

      at Object.http (src/utils/logger.ts:10:50)

    console.log
      [DEBUG] DATABASE - Client acquired from pool

      at Object.debug (src/utils/logger.ts:11:51)

    console.log
      [DEBUG] DATABASE - Client acquired from pool

      at Object.debug (src/utils/logger.ts:11:51)

    console.log
      [DEBUG] DATABASE - Client acquired from pool

      at Object.debug (src/utils/logger.ts:11:51)

    console.log
      [DEBUG] DATABASE - Client acquired from pool

      at Object.debug (src/utils/logger.ts:11:51)

    console.log
      [DEBUG] DATABASE - Client acquired from pool

      at Object.debug (src/utils/logger.ts:11:51)

    console.log
      [HTTP] GET /api/menu

      at Object.http (src/utils/logger.ts:10:50)

    console.log
      [DEBUG] DATABASE - Client acquired from pool

      at Object.debug (src/utils/logger.ts:11:51)

    console.log
      [DEBUG] DATABASE - Client acquired from pool

      at Object.debug (src/utils/logger.ts:11:51)

    console.log
      [DEBUG] DATABASE - Client acquired from pool

      at Object.debug (src/utils/logger.ts:11:51)

    console.log
      [DEBUG] DATABASE - Client acquired from pool

      at Object.debug (src/utils/logger.ts:11:51)

    console.log
      [DEBUG] DATABASE - Client acquired from pool

      at Object.debug (src/utils/logger.ts:11:51)

    console.log
      [HTTP] GET /api/menu

      at Object.http (src/utils/logger.ts:10:50)

    console.log
      [DEBUG] DATABASE - Client acquired from pool

      at Object.debug (src/utils/logger.ts:11:51)

    console.log
      [DEBUG] DATABASE - Client acquired from pool

      at Object.debug (src/utils/logger.ts:11:51)

    console.log
      [DEBUG] DATABASE - Client acquired from pool

      at Object.debug (src/utils/logger.ts:11:51)

    console.log
      [DEBUG] DATABASE - Client acquired from pool

      at Object.debug (src/utils/logger.ts:11:51)

    console.log
      [DEBUG] DATABASE - Client acquired from pool

      at Object.debug (src/utils/logger.ts:11:51)

    console.log
      [HTTP] GET /api/menu

      at Object.http (src/utils/logger.ts:10:50)

    console.log
      [DEBUG] DATABASE - Client acquired from pool

      at Object.debug (src/utils/logger.ts:11:51)

    console.log
      [HTTP] GET /api/menu

      at Object.http (src/utils/logger.ts:10:50)

    console.log
      [HTTP] GET /api/menu

      at Object.http (src/utils/logger.ts:10:50)

    console.log
      [HTTP] GET /api/menu

      at Object.http (src/utils/logger.ts:10:50)

    console.log
      [HTTP] GET /api/menu

      at Object.http (src/utils/logger.ts:10:50)

    console.log
      [HTTP] GET /api/menu

      at Object.http (src/utils/logger.ts:10:50)

    console.log
      [HTTP] GET /api/menu

      at Object.http (src/utils/logger.ts:10:50)

    console.log
      [HTTP] GET /api/menu

      at Object.http (src/utils/logger.ts:10:50)

    console.log
      [HTTP] GET /api/menu

      at Object.http (src/utils/logger.ts:10:50)

    console.log
      [HTTP] GET /api/menu

      at Object.http (src/utils/logger.ts:10:50)

    console.log
      [INFO] DATABASE - New client connected to pool

      at Object.info (src/utils/logger.ts:9:50)

    console.log
      [DEBUG] DATABASE - Client acquired from pool

      at Object.debug (src/utils/logger.ts:11:51)

    console.log
      [INFO] DATABASE - New client connected to pool

      at Object.info (src/utils/logger.ts:9:50)

    console.log
      [DEBUG] DATABASE - Client acquired from pool

      at Object.debug (src/utils/logger.ts:11:51)

    console.log
      [INFO] DATABASE - New client connected to pool

      at Object.info (src/utils/logger.ts:9:50)

    console.log
      [DEBUG] DATABASE - Client acquired from pool

      at Object.debug (src/utils/logger.ts:11:51)

    console.log
      [INFO] DATABASE - New client connected to pool

      at Object.info (src/utils/logger.ts:9:50)

    console.log
      [DEBUG] DATABASE - Client acquired from pool

      at Object.debug (src/utils/logger.ts:11:51)

    console.log
      [INFO] DATABASE - New client connected to pool

      at Object.info (src/utils/logger.ts:9:50)

    console.log
      [DEBUG] DATABASE - Client acquired from pool

      at Object.debug (src/utils/logger.ts:11:51)

    console.log
      [INFO] DATABASE - New client connected to pool

      at Object.info (src/utils/logger.ts:9:50)

    console.log
      [DEBUG] DATABASE - Client acquired from pool

      at Object.debug (src/utils/logger.ts:11:51)

    console.log
      [INFO] DATABASE - New client connected to pool

      at Object.info (src/utils/logger.ts:9:50)

    console.log
      [DEBUG] DATABASE - Client acquired from pool

      at Object.debug (src/utils/logger.ts:11:51)

    console.log
      [INFO] DATABASE - New client connected to pool

      at Object.info (src/utils/logger.ts:9:50)

    console.log
      [DEBUG] DATABASE - Client acquired from pool

      at Object.debug (src/utils/logger.ts:11:51)

    console.log
      [INFO] DATABASE - New client connected to pool

      at Object.info (src/utils/logger.ts:9:50)

    console.log
      [DEBUG] DATABASE - Client acquired from pool

      at Object.debug (src/utils/logger.ts:11:51)

    console.log
      Cleaning up test environment...

      at Object.<anonymous> (src/__tests__/setup.ts:52:11)

    console.log
      [DEBUG] DATABASE - Client acquired from pool

      at Object.debug (src/utils/logger.ts:11:51)

    console.log
      [DEBUG] DATABASE - Client acquired from pool

      at Object.debug (src/utils/logger.ts:11:51)

    console.log
      [DEBUG] DATABASE - Client acquired from pool

      at Object.debug (src/utils/logger.ts:11:51)

    console.log
      [DEBUG] DATABASE - Client acquired from pool

      at Object.debug (src/utils/logger.ts:11:51)

  ΓùÅ Menu API ΓÇ║ GET /api/menu/:id ΓÇ║ should return 404 for invalid menu 
item id

    expect(received).toBe(expected) // Object.is equality

    Expected: 404
    Received: 500

    [0m [90m 122 |[39m       [36mconst[39m response [33m=[39m 
[36mawait[39m 
request(app)[33m.[39m[36mget[39m([32m'/api/menu/invalid'[39m)[33m;[39m
     [90m 123 |[39m
    [31m[1m>[22m[39m[90m 124 |[39m       
expect(response[33m.[39mstatus)[33m.[39mtoBe([35m404[39m)[33m;[39m
     [90m     |[39m                               [31m[1m^[22m[39m
     [90m 125 |[39m     })[33m;[39m
     [90m 126 |[39m   })[33m;[39m
     [90m 127 |[39m[0m

      at Object.<anonymous> (src/__tests__/menu.test.ts:124:31)

Test Suites: 6 failed, 6 total
Tests:       45 failed, 108 passed, 153 total
Snapshots:   0 total
Time:        308.492 s
Ran all test suites.

  ΓùÅ  Cannot log after tests are done. Did you forget to wait for something 
async in your test?
    Attempted to log "[INFO] DATABASE - Client removed from pool ".

    [0m [90m  7 |[39m   error[33m:[39m (message[33m:[39m 
string[33m,[39m meta[33m?[39m[33m:[39m any) [33m=>[39m 
console[33m.[39merror([32m`[ERROR] ${message}`[39m[33m,[39m meta 
[33m||[39m [32m''[39m)[33m,[39m
     [90m  8 |[39m   warn[33m:[39m (message[33m:[39m string[33m,[39m 
meta[33m?[39m[33m:[39m any) [33m=>[39m 
console[33m.[39mwarn([32m`[WARN] ${message}`[39m[33m,[39m meta 
[33m||[39m [32m''[39m)[33m,[39m
    [31m[1m>[22m[39m[90m  9 |[39m   info[33m:[39m (message[33m:[39m 
string[33m,[39m meta[33m?[39m[33m:[39m any) [33m=>[39m 
console[33m.[39mlog([32m`[INFO] ${message}`[39m[33m,[39m meta 
[33m||[39m [32m''[39m)[33m,[39m
     [90m    |[39m                                                  
[31m[1m^[22m[39m
     [90m 10 |[39m   http[33m:[39m (message[33m:[39m string[33m,[39m 
meta[33m?[39m[33m:[39m any) [33m=>[39m 
console[33m.[39mlog([32m`[HTTP] ${message}`[39m[33m,[39m meta 
[33m||[39m [32m''[39m)[33m,[39m
     [90m 11 |[39m   debug[33m:[39m (message[33m:[39m string[33m,[39m 
meta[33m?[39m[33m:[39m any) [33m=>[39m 
console[33m.[39mlog([32m`[DEBUG] ${message}`[39m[33m,[39m meta 
[33m||[39m [32m''[39m)[33m,[39m
     [90m 12 |[39m }[33m;[39m[0m

      at console.log (node_modules/@jest/console/build/index.js:147:10)
      at Object.info (src/utils/logger.ts:9:50)
      at BoundPool.<anonymous> (src/db/database.ts:38:10)
      at Connection.<anonymous> (node_modules/pg-pool/index.js:174:15)
      at Socket.<anonymous> (node_modules/pg/lib/connection.js:61:12)


  ΓùÅ  Cannot log after tests are done. Did you forget to wait for something 
async in your test?
    Attempted to log "[INFO] DATABASE - Client removed from pool ".

    [0m [90m  7 |[39m   error[33m:[39m (message[33m:[39m 
string[33m,[39m meta[33m?[39m[33m:[39m any) [33m=>[39m 
console[33m.[39merror([32m`[ERROR] ${message}`[39m[33m,[39m meta 
[33m||[39m [32m''[39m)[33m,[39m
     [90m  8 |[39m   warn[33m:[39m (message[33m:[39m string[33m,[39m 
meta[33m?[39m[33m:[39m any) [33m=>[39m 
console[33m.[39mwarn([32m`[WARN] ${message}`[39m[33m,[39m meta 
[33m||[39m [32m''[39m)[33m,[39m
    [31m[1m>[22m[39m[90m  9 |[39m   info[33m:[39m (message[33m:[39m 
string[33m,[39m meta[33m?[39m[33m:[39m any) [33m=>[39m 
console[33m.[39mlog([32m`[INFO] ${message}`[39m[33m,[39m meta 
[33m||[39m [32m''[39m)[33m,[39m
     [90m    |[39m                                                  
[31m[1m^[22m[39m
     [90m 10 |[39m   http[33m:[39m (message[33m:[39m string[33m,[39m 
meta[33m?[39m[33m:[39m any) [33m=>[39m 
console[33m.[39mlog([32m`[HTTP] ${message}`[39m[33m,[39m meta 
[33m||[39m [32m''[39m)[33m,[39m
     [90m 11 |[39m   debug[33m:[39m (message[33m:[39m string[33m,[39m 
meta[33m?[39m[33m:[39m any) [33m=>[39m 
console[33m.[39mlog([32m`[DEBUG] ${message}`[39m[33m,[39m meta 
[33m||[39m [32m''[39m)[33m,[39m
     [90m 12 |[39m }[33m;[39m[0m

      at console.log (node_modules/@jest/console/build/index.js:147:10)
      at Object.info (src/utils/logger.ts:9:50)
      at BoundPool.<anonymous> (src/db/database.ts:38:10)
      at Connection.<anonymous> (node_modules/pg-pool/index.js:174:15)
      at Socket.<anonymous> (node_modules/pg/lib/connection.js:61:12)


  ΓùÅ  Cannot log after tests are done. Did you forget to wait for something 
async in your test?
    Attempted to log "[INFO] DATABASE - Client removed from pool ".

    [0m [90m  7 |[39m   error[33m:[39m (message[33m:[39m 
string[33m,[39m meta[33m?[39m[33m:[39m any) [33m=>[39m 
console[33m.[39merror([32m`[ERROR] ${message}`[39m[33m,[39m meta 
[33m||[39m [32m''[39m)[33m,[39m
     [90m  8 |[39m   warn[33m:[39m (message[33m:[39m string[33m,[39m 
meta[33m?[39m[33m:[39m any) [33m=>[39m 
console[33m.[39mwarn([32m`[WARN] ${message}`[39m[33m,[39m meta 
[33m||[39m [32m''[39m)[33m,[39m
    [31m[1m>[22m[39m[90m  9 |[39m   info[33m:[39m (message[33m:[39m 
string[33m,[39m meta[33m?[39m[33m:[39m any) [33m=>[39m 
console[33m.[39mlog([32m`[INFO] ${message}`[39m[33m,[39m meta 
[33m||[39m [32m''[39m)[33m,[39m
     [90m    |[39m                                                  
[31m[1m^[22m[39m
     [90m 10 |[39m   http[33m:[39m (message[33m:[39m string[33m,[39m 
meta[33m?[39m[33m:[39m any) [33m=>[39m 
console[33m.[39mlog([32m`[HTTP] ${message}`[39m[33m,[39m meta 
[33m||[39m [32m''[39m)[33m,[39m
     [90m 11 |[39m   debug[33m:[39m (message[33m:[39m string[33m,[39m 
meta[33m?[39m[33m:[39m any) [33m=>[39m 
console[33m.[39mlog([32m`[DEBUG] ${message}`[39m[33m,[39m meta 
[33m||[39m [32m''[39m)[33m,[39m
     [90m 12 |[39m }[33m;[39m[0m

      at console.log (node_modules/@jest/console/build/index.js:147:10)
      at Object.info (src/utils/logger.ts:9:50)
      at BoundPool.<anonymous> (src/db/database.ts:38:10)
      at Connection.<anonymous> (node_modules/pg-pool/index.js:174:15)
      at Socket.<anonymous> (node_modules/pg/lib/connection.js:61:12)


  ΓùÅ  Cannot log after tests are done. Did you forget to wait for something 
async in your test?
    Attempted to log "[INFO] DATABASE - Client removed from pool ".

    [0m [90m  7 |[39m   error[33m:[39m (message[33m:[39m 
string[33m,[39m meta[33m?[39m[33m:[39m any) [33m=>[39m 
console[33m.[39merror([32m`[ERROR] ${message}`[39m[33m,[39m meta 
[33m||[39m [32m''[39m)[33m,[39m
     [90m  8 |[39m   warn[33m:[39m (message[33m:[39m string[33m,[39m 
meta[33m?[39m[33m:[39m any) [33m=>[39m 
console[33m.[39mwarn([32m`[WARN] ${message}`[39m[33m,[39m meta 
[33m||[39m [32m''[39m)[33m,[39m
    [31m[1m>[22m[39m[90m  9 |[39m   info[33m:[39m (message[33m:[39m 
string[33m,[39m meta[33m?[39m[33m:[39m any) [33m=>[39m 
console[33m.[39mlog([32m`[INFO] ${message}`[39m[33m,[39m meta 
[33m||[39m [32m''[39m)[33m,[39m
     [90m    |[39m                                                  
[31m[1m^[22m[39m
     [90m 10 |[39m   http[33m:[39m (message[33m:[39m string[33m,[39m 
meta[33m?[39m[33m:[39m any) [33m=>[39m 
console[33m.[39mlog([32m`[HTTP] ${message}`[39m[33m,[39m meta 
[33m||[39m [32m''[39m)[33m,[39m
     [90m 11 |[39m   debug[33m:[39m (message[33m:[39m string[33m,[39m 
meta[33m?[39m[33m:[39m any) [33m=>[39m 
console[33m.[39mlog([32m`[DEBUG] ${message}`[39m[33m,[39m meta 
[33m||[39m [32m''[39m)[33m,[39m
     [90m 12 |[39m }[33m;[39m[0m

      at console.log (node_modules/@jest/console/build/index.js:147:10)
      at Object.info (src/utils/logger.ts:9:50)
      at BoundPool.<anonymous> (src/db/database.ts:38:10)
      at Connection.<anonymous> (node_modules/pg-pool/index.js:174:15)
      at Socket.<anonymous> (node_modules/pg/lib/connection.js:61:12)


  ΓùÅ  Cannot log after tests are done. Did you forget to wait for something 
async in your test?
    Attempted to log "[INFO] DATABASE - Client removed from pool ".

    [0m [90m  7 |[39m   error[33m:[39m (message[33m:[39m 
string[33m,[39m meta[33m?[39m[33m:[39m any) [33m=>[39m 
console[33m.[39merror([32m`[ERROR] ${message}`[39m[33m,[39m meta 
[33m||[39m [32m''[39m)[33m,[39m
     [90m  8 |[39m   warn[33m:[39m (message[33m:[39m string[33m,[39m 
meta[33m?[39m[33m:[39m any) [33m=>[39m 
console[33m.[39mwarn([32m`[WARN] ${message}`[39m[33m,[39m meta 
[33m||[39m [32m''[39m)[33m,[39m
    [31m[1m>[22m[39m[90m  9 |[39m   info[33m:[39m (message[33m:[39m 
string[33m,[39m meta[33m?[39m[33m:[39m any) [33m=>[39m 
console[33m.[39mlog([32m`[INFO] ${message}`[39m[33m,[39m meta 
[33m||[39m [32m''[39m)[33m,[39m
     [90m    |[39m                                                  
[31m[1m^[22m[39m
     [90m 10 |[39m   http[33m:[39m (message[33m:[39m string[33m,[39m 
meta[33m?[39m[33m:[39m any) [33m=>[39m 
console[33m.[39mlog([32m`[HTTP] ${message}`[39m[33m,[39m meta 
[33m||[39m [32m''[39m)[33m,[39m
     [90m 11 |[39m   debug[33m:[39m (message[33m:[39m string[33m,[39m 
meta[33m?[39m[33m:[39m any) [33m=>[39m 
console[33m.[39mlog([32m`[DEBUG] ${message}`[39m[33m,[39m meta 
[33m||[39m [32m''[39m)[33m,[39m
     [90m 12 |[39m }[33m;[39m[0m

      at console.log (node_modules/@jest/console/build/index.js:147:10)
      at Object.info (src/utils/logger.ts:9:50)
      at BoundPool.<anonymous> (src/db/database.ts:38:10)
      at Connection.<anonymous> (node_modules/pg-pool/index.js:174:15)
      at Socket.<anonymous> (node_modules/pg/lib/connection.js:61:12)


  ΓùÅ  Cannot log after tests are done. Did you forget to wait for something 
async in your test?
    Attempted to log "[INFO] DATABASE - Client removed from pool ".

    [0m [90m  7 |[39m   error[33m:[39m (message[33m:[39m 
string[33m,[39m meta[33m?[39m[33m:[39m any) [33m=>[39m 
console[33m.[39merror([32m`[ERROR] ${message}`[39m[33m,[39m meta 
[33m||[39m [32m''[39m)[33m,[39m
     [90m  8 |[39m   warn[33m:[39m (message[33m:[39m string[33m,[39m 
meta[33m?[39m[33m:[39m any) [33m=>[39m 
console[33m.[39mwarn([32m`[WARN] ${message}`[39m[33m,[39m meta 
[33m||[39m [32m''[39m)[33m,[39m
    [31m[1m>[22m[39m[90m  9 |[39m   info[33m:[39m (message[33m:[39m 
string[33m,[39m meta[33m?[39m[33m:[39m any) [33m=>[39m 
console[33m.[39mlog([32m`[INFO] ${message}`[39m[33m,[39m meta 
[33m||[39m [32m''[39m)[33m,[39m
     [90m    |[39m                                                  
[31m[1m^[22m[39m
     [90m 10 |[39m   http[33m:[39m (message[33m:[39m string[33m,[39m 
meta[33m?[39m[33m:[39m any) [33m=>[39m 
console[33m.[39mlog([32m`[HTTP] ${message}`[39m[33m,[39m meta 
[33m||[39m [32m''[39m)[33m,[39m
     [90m 11 |[39m   debug[33m:[39m (message[33m:[39m string[33m,[39m 
meta[33m?[39m[33m:[39m any) [33m=>[39m 
console[33m.[39mlog([32m`[DEBUG] ${message}`[39m[33m,[39m meta 
[33m||[39m [32m''[39m)[33m,[39m
     [90m 12 |[39m }[33m;[39m[0m

      at console.log (node_modules/@jest/console/build/index.js:147:10)
      at Object.info (src/utils/logger.ts:9:50)
      at BoundPool.<anonymous> (src/db/database.ts:38:10)
      at Connection.<anonymous> (node_modules/pg-pool/index.js:174:15)
      at Socket.<anonymous> (node_modules/pg/lib/connection.js:61:12)


  ΓùÅ  Cannot log after tests are done. Did you forget to wait for something 
async in your test?
    Attempted to log "[INFO] DATABASE - Client removed from pool ".

    [0m [90m  7 |[39m   error[33m:[39m (message[33m:[39m 
string[33m,[39m meta[33m?[39m[33m:[39m any) [33m=>[39m 
console[33m.[39merror([32m`[ERROR] ${message}`[39m[33m,[39m meta 
[33m||[39m [32m''[39m)[33m,[39m
     [90m  8 |[39m   warn[33m:[39m (message[33m:[39m string[33m,[39m 
meta[33m?[39m[33m:[39m any) [33m=>[39m 
console[33m.[39mwarn([32m`[WARN] ${message}`[39m[33m,[39m meta 
[33m||[39m [32m''[39m)[33m,[39m
    [31m[1m>[22m[39m[90m  9 |[39m   info[33m:[39m (message[33m:[39m 
string[33m,[39m meta[33m?[39m[33m:[39m any) [33m=>[39m 
console[33m.[39mlog([32m`[INFO] ${message}`[39m[33m,[39m meta 
[33m||[39m [32m''[39m)[33m,[39m
     [90m    |[39m                                                  
[31m[1m^[22m[39m
     [90m 10 |[39m   http[33m:[39m (message[33m:[39m string[33m,[39m 
meta[33m?[39m[33m:[39m any) [33m=>[39m 
console[33m.[39mlog([32m`[HTTP] ${message}`[39m[33m,[39m meta 
[33m||[39m [32m''[39m)[33m,[39m
     [90m 11 |[39m   debug[33m:[39m (message[33m:[39m string[33m,[39m 
meta[33m?[39m[33m:[39m any) [33m=>[39m 
console[33m.[39mlog([32m`[DEBUG] ${message}`[39m[33m,[39m meta 
[33m||[39m [32m''[39m)[33m,[39m
     [90m 12 |[39m }[33m;[39m[0m

      at console.log (node_modules/@jest/console/build/index.js:147:10)
      at Object.info (src/utils/logger.ts:9:50)
      at BoundPool.<anonymous> (src/db/database.ts:38:10)
      at Connection.<anonymous> (node_modules/pg-pool/index.js:174:15)
      at Socket.<anonymous> (node_modules/pg/lib/connection.js:61:12)


  ΓùÅ  Cannot log after tests are done. Did you forget to wait for something 
async in your test?
    Attempted to log "[INFO] DATABASE - Client removed from pool ".

    [0m [90m  7 |[39m   error[33m:[39m (message[33m:[39m 
string[33m,[39m meta[33m?[39m[33m:[39m any) [33m=>[39m 
console[33m.[39merror([32m`[ERROR] ${message}`[39m[33m,[39m meta 
[33m||[39m [32m''[39m)[33m,[39m
     [90m  8 |[39m   warn[33m:[39m (message[33m:[39m string[33m,[39m 
meta[33m?[39m[33m:[39m any) [33m=>[39m 
console[33m.[39mwarn([32m`[WARN] ${message}`[39m[33m,[39m meta 
[33m||[39m [32m''[39m)[33m,[39m
    [31m[1m>[22m[39m[90m  9 |[39m   info[33m:[39m (message[33m:[39m 
string[33m,[39m meta[33m?[39m[33m:[39m any) [33m=>[39m 
console[33m.[39mlog([32m`[INFO] ${message}`[39m[33m,[39m meta 
[33m||[39m [32m''[39m)[33m,[39m
     [90m    |[39m                                                  
[31m[1m^[22m[39m
     [90m 10 |[39m   http[33m:[39m (message[33m:[39m string[33m,[39m 
meta[33m?[39m[33m:[39m any) [33m=>[39m 
console[33m.[39mlog([32m`[HTTP] ${message}`[39m[33m,[39m meta 
[33m||[39m [32m''[39m)[33m,[39m
     [90m 11 |[39m   debug[33m:[39m (message[33m:[39m string[33m,[39m 
meta[33m?[39m[33m:[39m any) [33m=>[39m 
console[33m.[39mlog([32m`[DEBUG] ${message}`[39m[33m,[39m meta 
[33m||[39m [32m''[39m)[33m,[39m
     [90m 12 |[39m }[33m;[39m[0m

      at console.log (node_modules/@jest/console/build/index.js:147:10)
      at Object.info (src/utils/logger.ts:9:50)
      at BoundPool.<anonymous> (src/db/database.ts:38:10)
      at Connection.<anonymous> (node_modules/pg-pool/index.js:174:15)
      at Socket.<anonymous> (node_modules/pg/lib/connection.js:61:12)


  ΓùÅ  Cannot log after tests are done. Did you forget to wait for something 
async in your test?
    Attempted to log "[INFO] DATABASE - Client removed from pool ".

    [0m [90m  7 |[39m   error[33m:[39m (message[33m:[39m 
string[33m,[39m meta[33m?[39m[33m:[39m any) [33m=>[39m 
console[33m.[39merror([32m`[ERROR] ${message}`[39m[33m,[39m meta 
[33m||[39m [32m''[39m)[33m,[39m
     [90m  8 |[39m   warn[33m:[39m (message[33m:[39m string[33m,[39m 
meta[33m?[39m[33m:[39m any) [33m=>[39m 
console[33m.[39mwarn([32m`[WARN] ${message}`[39m[33m,[39m meta 
[33m||[39m [32m''[39m)[33m,[39m
    [31m[1m>[22m[39m[90m  9 |[39m   info[33m:[39m (message[33m:[39m 
string[33m,[39m meta[33m?[39m[33m:[39m any) [33m=>[39m 
console[33m.[39mlog([32m`[INFO] ${message}`[39m[33m,[39m meta 
[33m||[39m [32m''[39m)[33m,[39m
     [90m    |[39m                                                  
[31m[1m^[22m[39m
     [90m 10 |[39m   http[33m:[39m (message[33m:[39m string[33m,[39m 
meta[33m?[39m[33m:[39m any) [33m=>[39m 
console[33m.[39mlog([32m`[HTTP] ${message}`[39m[33m,[39m meta 
[33m||[39m [32m''[39m)[33m,[39m
     [90m 11 |[39m   debug[33m:[39m (message[33m:[39m string[33m,[39m 
meta[33m?[39m[33m:[39m any) [33m=>[39m 
console[33m.[39mlog([32m`[DEBUG] ${message}`[39m[33m,[39m meta 
[33m||[39m [32m''[39m)[33m,[39m
     [90m 12 |[39m }[33m;[39m[0m

      at console.log (node_modules/@jest/console/build/index.js:147:10)
      at Object.info (src/utils/logger.ts:9:50)
      at BoundPool.<anonymous> (src/db/database.ts:38:10)
      at Connection.<anonymous> (node_modules/pg-pool/index.js:174:15)
      at Socket.<anonymous> (node_modules/pg/lib/connection.js:61:12)


  ΓùÅ  Cannot log after tests are done. Did you forget to wait for something 
async in your test?
    Attempted to log "[INFO] DATABASE - Client removed from pool ".

    [0m [90m  7 |[39m   error[33m:[39m (message[33m:[39m 
string[33m,[39m meta[33m?[39m[33m:[39m any) [33m=>[39m 
console[33m.[39merror([32m`[ERROR] ${message}`[39m[33m,[39m meta 
[33m||[39m [32m''[39m)[33m,[39m
     [90m  8 |[39m   warn[33m:[39m (message[33m:[39m string[33m,[39m 
meta[33m?[39m[33m:[39m any) [33m=>[39m 
console[33m.[39mwarn([32m`[WARN] ${message}`[39m[33m,[39m meta 
[33m||[39m [32m''[39m)[33m,[39m
    [31m[1m>[22m[39m[90m  9 |[39m   info[33m:[39m (message[33m:[39m 
string[33m,[39m meta[33m?[39m[33m:[39m any) [33m=>[39m 
console[33m.[39mlog([32m`[INFO] ${message}`[39m[33m,[39m meta 
[33m||[39m [32m''[39m)[33m,[39m
     [90m    |[39m                                                  
[31m[1m^[22m[39m
     [90m 10 |[39m   http[33m:[39m (message[33m:[39m string[33m,[39m 
meta[33m?[39m[33m:[39m any) [33m=>[39m 
console[33m.[39mlog([32m`[HTTP] ${message}`[39m[33m,[39m meta 
[33m||[39m [32m''[39m)[33m,[39m
     [90m 11 |[39m   debug[33m:[39m (message[33m:[39m string[33m,[39m 
meta[33m?[39m[33m:[39m any) [33m=>[39m 
console[33m.[39mlog([32m`[DEBUG] ${message}`[39m[33m,[39m meta 
[33m||[39m [32m''[39m)[33m,[39m
     [90m 12 |[39m }[33m;[39m[0m

      at console.log (node_modules/@jest/console/build/index.js:147:10)
      at Object.info (src/utils/logger.ts:9:50)
      at BoundPool.<anonymous> (src/db/database.ts:38:10)
      at Connection.<anonymous> (node_modules/pg-pool/index.js:174:15)
      at Socket.<anonymous> (node_modules/pg/lib/connection.js:61:12)

Jest did not exit one second after the test run has completed.

'This usually means that there are asynchronous operations that weren't 
stopped in your tests. Consider running Jest with `--detectOpenHandles` to 
troubleshoot this issue.
